[2025-05-14T23:11:10.939+0300][gc] Using G1
[2025-05-14T23:11:10.949+0300][gc,init] Version: 17.0.15+6-Ubuntu-0ubuntu124.04 (release)
[2025-05-14T23:11:10.950+0300][gc,init] CPUs: 8 total, 8 available
[2025-05-14T23:11:10.950+0300][gc,init] Memory: 7850M
[2025-05-14T23:11:10.950+0300][gc,init] Large Page Support: Disabled
[2025-05-14T23:11:10.950+0300][gc,init] NUMA Support: Disabled
[2025-05-14T23:11:10.950+0300][gc,init] Compressed Oops: Enabled (32-bit)
[2025-05-14T23:11:10.950+0300][gc,init] Heap Region Size: 1M
[2025-05-14T23:11:10.950+0300][gc,init] Heap Min Capacity: 1G
[2025-05-14T23:11:10.950+0300][gc,init] Heap Initial Capacity: 1G
[2025-05-14T23:11:10.950+0300][gc,init] Heap Max Capacity: 1G
[2025-05-14T23:11:10.950+0300][gc,init] Pre-touch: Disabled
[2025-05-14T23:11:10.950+0300][gc,init] Parallel Workers: 8
[2025-05-14T23:11:10.950+0300][gc,init] Concurrent Workers: 2
[2025-05-14T23:11:10.950+0300][gc,init] Concurrent Refinement Workers: 8
[2025-05-14T23:11:10.950+0300][gc,init] Periodic GC: Disabled
[2025-05-14T23:11:10.960+0300][gc,metaspace] CDS archive(s) mapped at: [0x00007fd033000000-0x00007fd033bc7000-0x00007fd033bc7000), size 12349440, SharedBaseAddress: 0x00007fd033000000, ArchiveRelocationMode: 1.
[2025-05-14T23:11:10.960+0300][gc,metaspace] Compressed class space mapped at: 0x00007fd034000000-0x00007fd074000000, reserved size: 1073741824
[2025-05-14T23:11:10.960+0300][gc,metaspace] Narrow klass base: 0x00007fd033000000, Narrow klass shift: 0, Narrow klass range: 0x100000000
[2025-05-14T23:11:12.558+0300][gc,start    ] GC(0) Pause Young (Normal) (G1 Evacuation Pause)
[2025-05-14T23:11:12.560+0300][gc,task     ] GC(0) Using 8 workers of 8 for evacuation
[2025-05-14T23:11:12.570+0300][gc,phases   ] GC(0)   Pre Evacuate Collection Set: 0.2ms
[2025-05-14T23:11:12.570+0300][gc,phases   ] GC(0)   Merge Heap Roots: 0.2ms
[2025-05-14T23:11:12.570+0300][gc,phases   ] GC(0)   Evacuate Collection Set: 8.6ms
[2025-05-14T23:11:12.570+0300][gc,phases   ] GC(0)   Post Evacuate Collection Set: 1.2ms
[2025-05-14T23:11:12.570+0300][gc,phases   ] GC(0)   Other: 1.7ms
[2025-05-14T23:11:12.570+0300][gc,heap     ] GC(0) Eden regions: 51->0(44)
[2025-05-14T23:11:12.570+0300][gc,heap     ] GC(0) Survivor regions: 0->7(7)
[2025-05-14T23:11:12.570+0300][gc,heap     ] GC(0) Old regions: 0->2
[2025-05-14T23:11:12.570+0300][gc,heap     ] GC(0) Archive regions: 2->2
[2025-05-14T23:11:12.570+0300][gc,heap     ] GC(0) Humongous regions: 0->0
[2025-05-14T23:11:12.570+0300][gc,metaspace] GC(0) Metaspace: 17059K(17280K)->17059K(17280K) NonClass: 14990K(15104K)->14990K(15104K) Class: 2068K(2176K)->2068K(2176K)
[2025-05-14T23:11:12.570+0300][gc          ] GC(0) Pause Young (Normal) (G1 Evacuation Pause) 51M->8M(1024M) 12.109ms
[2025-05-14T23:11:12.570+0300][gc,cpu      ] GC(0) User=0.00s Sys=0.06s Real=0.01s
[2025-05-14T23:11:12.859+0300][gc,start    ] GC(1) Pause Young (Concurrent Start) (Metadata GC Threshold)
[2025-05-14T23:11:12.859+0300][gc,task     ] GC(1) Using 8 workers of 8 for evacuation
[2025-05-14T23:11:12.868+0300][gc,phases   ] GC(1)   Pre Evacuate Collection Set: 0.2ms
[2025-05-14T23:11:12.869+0300][gc,phases   ] GC(1)   Merge Heap Roots: 0.2ms
[2025-05-14T23:11:12.869+0300][gc,phases   ] GC(1)   Evacuate Collection Set: 7.9ms
[2025-05-14T23:11:12.869+0300][gc,phases   ] GC(1)   Post Evacuate Collection Set: 0.8ms
[2025-05-14T23:11:12.869+0300][gc,phases   ] GC(1)   Other: 0.2ms
[2025-05-14T23:11:12.869+0300][gc,heap     ] GC(1) Eden regions: 14->0(49)
[2025-05-14T23:11:12.869+0300][gc,heap     ] GC(1) Survivor regions: 7->2(7)
[2025-05-14T23:11:12.869+0300][gc,heap     ] GC(1) Old regions: 2->8
[2025-05-14T23:11:12.869+0300][gc,heap     ] GC(1) Archive regions: 2->2
[2025-05-14T23:11:12.869+0300][gc,heap     ] GC(1) Humongous regions: 0->0
[2025-05-14T23:11:12.869+0300][gc,metaspace] GC(1) Metaspace: 21279K(21504K)->21279K(21504K) NonClass: 18647K(18752K)->18647K(18752K) Class: 2631K(2752K)->2631K(2752K)
[2025-05-14T23:11:12.869+0300][gc          ] GC(1) Pause Young (Concurrent Start) (Metadata GC Threshold) 22M->9M(1024M) 9.451ms
[2025-05-14T23:11:12.869+0300][gc,cpu      ] GC(1) User=0.02s Sys=0.04s Real=0.01s
[2025-05-14T23:11:12.869+0300][gc          ] GC(2) Concurrent Mark Cycle
[2025-05-14T23:11:12.869+0300][gc,marking  ] GC(2) Concurrent Clear Claimed Marks
[2025-05-14T23:11:12.869+0300][gc,marking  ] GC(2) Concurrent Clear Claimed Marks 0.027ms
[2025-05-14T23:11:12.869+0300][gc,marking  ] GC(2) Concurrent Scan Root Regions
[2025-05-14T23:11:12.871+0300][gc,marking  ] GC(2) Concurrent Scan Root Regions 2.035ms
[2025-05-14T23:11:12.871+0300][gc,marking  ] GC(2) Concurrent Mark
[2025-05-14T23:11:12.871+0300][gc,marking  ] GC(2) Concurrent Mark From Roots
[2025-05-14T23:11:12.871+0300][gc,task     ] GC(2) Using 2 workers of 2 for marking
[2025-05-14T23:11:12.874+0300][gc,marking  ] GC(2) Concurrent Mark From Roots 3.424ms
[2025-05-14T23:11:12.874+0300][gc,marking  ] GC(2) Concurrent Preclean
[2025-05-14T23:11:12.875+0300][gc,marking  ] GC(2) Concurrent Preclean 0.134ms
[2025-05-14T23:11:12.875+0300][gc,start    ] GC(2) Pause Remark
[2025-05-14T23:11:12.878+0300][gc          ] GC(2) Pause Remark 10M->10M(1024M) 2.575ms
[2025-05-14T23:11:12.878+0300][gc,cpu      ] GC(2) User=0.01s Sys=0.00s Real=0.00s
[2025-05-14T23:11:12.878+0300][gc,marking  ] GC(2) Concurrent Mark 6.899ms
[2025-05-14T23:11:12.878+0300][gc,marking  ] GC(2) Concurrent Rebuild Remembered Sets
[2025-05-14T23:11:12.881+0300][gc,marking  ] GC(2) Concurrent Rebuild Remembered Sets 2.646ms
[2025-05-14T23:11:12.881+0300][gc,start    ] GC(2) Pause Cleanup
[2025-05-14T23:11:12.881+0300][gc          ] GC(2) Pause Cleanup 10M->10M(1024M) 0.293ms
[2025-05-14T23:11:12.881+0300][gc,cpu      ] GC(2) User=0.00s Sys=0.00s Real=0.00s
[2025-05-14T23:11:12.881+0300][gc,marking  ] GC(2) Concurrent Cleanup for Next Mark
[2025-05-14T23:11:12.887+0300][gc,marking  ] GC(2) Concurrent Cleanup for Next Mark 5.821ms
[2025-05-14T23:11:12.887+0300][gc          ] GC(2) Concurrent Mark Cycle 18.367ms
[2025-05-14T23:11:14.306+0300][gc,start    ] GC(3) Pause Young (Normal) (G1 Evacuation Pause)
[2025-05-14T23:11:14.306+0300][gc,task     ] GC(3) Using 8 workers of 8 for evacuation
[2025-05-14T23:11:14.312+0300][gc,phases   ] GC(3)   Pre Evacuate Collection Set: 0.3ms
[2025-05-14T23:11:14.312+0300][gc,phases   ] GC(3)   Merge Heap Roots: 0.2ms
[2025-05-14T23:11:14.312+0300][gc,phases   ] GC(3)   Evacuate Collection Set: 4.1ms
[2025-05-14T23:11:14.312+0300][gc,phases   ] GC(3)   Post Evacuate Collection Set: 1.2ms
[2025-05-14T23:11:14.312+0300][gc,phases   ] GC(3)   Other: 0.1ms
[2025-05-14T23:11:14.312+0300][gc,heap     ] GC(3) Eden regions: 49->0(45)
[2025-05-14T23:11:14.312+0300][gc,heap     ] GC(3) Survivor regions: 2->6(7)
[2025-05-14T23:11:14.312+0300][gc,heap     ] GC(3) Old regions: 8->8
[2025-05-14T23:11:14.312+0300][gc,heap     ] GC(3) Archive regions: 2->2
[2025-05-14T23:11:14.312+0300][gc,heap     ] GC(3) Humongous regions: 0->0
[2025-05-14T23:11:14.312+0300][gc,metaspace] GC(3) Metaspace: 33421K(33792K)->33421K(33792K) NonClass: 29530K(29696K)->29530K(29696K) Class: 3891K(4096K)->3891K(4096K)
[2025-05-14T23:11:14.312+0300][gc          ] GC(3) Pause Young (Normal) (G1 Evacuation Pause) 58M->14M(1024M) 5.985ms
[2025-05-14T23:11:14.312+0300][gc,cpu      ] GC(3) User=0.03s Sys=0.01s Real=0.00s
[2025-05-14T23:11:14.549+0300][gc,start    ] GC(4) Pause Young (Concurrent Start) (Metadata GC Threshold)
[2025-05-14T23:11:14.549+0300][gc,task     ] GC(4) Using 8 workers of 8 for evacuation
[2025-05-14T23:11:14.561+0300][gc,phases   ] GC(4)   Pre Evacuate Collection Set: 0.3ms
[2025-05-14T23:11:14.561+0300][gc,phases   ] GC(4)   Merge Heap Roots: 0.2ms
[2025-05-14T23:11:14.561+0300][gc,phases   ] GC(4)   Evacuate Collection Set: 10.0ms
[2025-05-14T23:11:14.561+0300][gc,phases   ] GC(4)   Post Evacuate Collection Set: 1.1ms
[2025-05-14T23:11:14.561+0300][gc,phases   ] GC(4)   Other: 0.3ms
[2025-05-14T23:11:14.561+0300][gc,heap     ] GC(4) Eden regions: 14->0(49)
[2025-05-14T23:11:14.561+0300][gc,heap     ] GC(4) Survivor regions: 6->2(7)
[2025-05-14T23:11:14.561+0300][gc,heap     ] GC(4) Old regions: 8->14
[2025-05-14T23:11:14.561+0300][gc,heap     ] GC(4) Archive regions: 2->2
[2025-05-14T23:11:14.561+0300][gc,heap     ] GC(4) Humongous regions: 9->9
[2025-05-14T23:11:14.561+0300][gc,metaspace] GC(4) Metaspace: 35584K(36096K)->35584K(36096K) NonClass: 31423K(31680K)->31423K(31680K) Class: 4161K(4416K)->4161K(4416K)
[2025-05-14T23:11:14.561+0300][gc          ] GC(4) Pause Young (Concurrent Start) (Metadata GC Threshold) 36M->24M(1024M) 12.026ms
[2025-05-14T23:11:14.561+0300][gc,cpu      ] GC(4) User=0.06s Sys=0.02s Real=0.01s
[2025-05-14T23:11:14.561+0300][gc          ] GC(5) Concurrent Mark Cycle
[2025-05-14T23:11:14.561+0300][gc,marking  ] GC(5) Concurrent Clear Claimed Marks
[2025-05-14T23:11:14.562+0300][gc,marking  ] GC(5) Concurrent Clear Claimed Marks 0.087ms
[2025-05-14T23:11:14.562+0300][gc,marking  ] GC(5) Concurrent Scan Root Regions
[2025-05-14T23:11:14.566+0300][gc,marking  ] GC(5) Concurrent Scan Root Regions 4.074ms
[2025-05-14T23:11:14.566+0300][gc,marking  ] GC(5) Concurrent Mark
[2025-05-14T23:11:14.566+0300][gc,marking  ] GC(5) Concurrent Mark From Roots
[2025-05-14T23:11:14.566+0300][gc,task     ] GC(5) Using 2 workers of 2 for marking
[2025-05-14T23:11:14.581+0300][gc,marking  ] GC(5) Concurrent Mark From Roots 15.056ms
[2025-05-14T23:11:14.581+0300][gc,marking  ] GC(5) Concurrent Preclean
[2025-05-14T23:11:14.581+0300][gc,marking  ] GC(5) Concurrent Preclean 0.263ms
[2025-05-14T23:11:14.582+0300][gc,start    ] GC(5) Pause Remark
[2025-05-14T23:11:14.585+0300][gc          ] GC(5) Pause Remark 26M->26M(1024M) 3.693ms
[2025-05-14T23:11:14.585+0300][gc,cpu      ] GC(5) User=0.04s Sys=0.00s Real=0.01s
[2025-05-14T23:11:14.586+0300][gc,marking  ] GC(5) Concurrent Mark 19.838ms
[2025-05-14T23:11:14.587+0300][gc,marking  ] GC(5) Concurrent Rebuild Remembered Sets
[2025-05-14T23:11:14.608+0300][gc,marking  ] GC(5) Concurrent Rebuild Remembered Sets 21.336ms
[2025-05-14T23:11:14.616+0300][gc,start    ] GC(5) Pause Cleanup
[2025-05-14T23:11:14.616+0300][gc          ] GC(5) Pause Cleanup 28M->28M(1024M) 0.342ms
[2025-05-14T23:11:14.616+0300][gc,cpu      ] GC(5) User=0.00s Sys=0.00s Real=0.00s
[2025-05-14T23:11:14.617+0300][gc,marking  ] GC(5) Concurrent Cleanup for Next Mark
[2025-05-14T23:11:14.626+0300][gc,marking  ] GC(5) Concurrent Cleanup for Next Mark 9.658ms
[2025-05-14T23:11:14.626+0300][gc          ] GC(5) Concurrent Mark Cycle 65.018ms
[2025-05-14T23:11:15.500+0300][gc,start    ] GC(6) Pause Young (Normal) (G1 Evacuation Pause)
[2025-05-14T23:11:15.500+0300][gc,task     ] GC(6) Using 8 workers of 8 for evacuation
[2025-05-14T23:11:15.508+0300][gc,phases   ] GC(6)   Pre Evacuate Collection Set: 0.5ms
[2025-05-14T23:11:15.509+0300][gc,phases   ] GC(6)   Merge Heap Roots: 0.2ms
[2025-05-14T23:11:15.509+0300][gc,phases   ] GC(6)   Evacuate Collection Set: 6.3ms
[2025-05-14T23:11:15.509+0300][gc,phases   ] GC(6)   Post Evacuate Collection Set: 1.4ms
[2025-05-14T23:11:15.509+0300][gc,phases   ] GC(6)   Other: 0.2ms
[2025-05-14T23:11:15.509+0300][gc,heap     ] GC(6) Eden regions: 49->0(44)
[2025-05-14T23:11:15.509+0300][gc,heap     ] GC(6) Survivor regions: 2->7(7)
[2025-05-14T23:11:15.509+0300][gc,heap     ] GC(6) Old regions: 14->15
[2025-05-14T23:11:15.509+0300][gc,heap     ] GC(6) Archive regions: 2->2
[2025-05-14T23:11:15.509+0300][gc,heap     ] GC(6) Humongous regions: 138->138
[2025-05-14T23:11:15.509+0300][gc,metaspace] GC(6) Metaspace: 43607K(44352K)->43607K(44352K) NonClass: 38440K(38848K)->38440K(38848K) Class: 5166K(5504K)->5166K(5504K)
[2025-05-14T23:11:15.509+0300][gc          ] GC(6) Pause Young (Normal) (G1 Evacuation Pause) 202M->160M(1024M) 8.725ms
[2025-05-14T23:11:15.509+0300][gc,cpu      ] GC(6) User=0.05s Sys=0.00s Real=0.01s
[2025-05-14T23:17:45.099+0300][gc,start    ] GC(7) Pause Young (Normal) (G1 Evacuation Pause)
[2025-05-14T23:17:45.099+0300][gc,task     ] GC(7) Using 8 workers of 8 for evacuation
[2025-05-14T23:17:45.107+0300][gc,phases   ] GC(7)   Pre Evacuate Collection Set: 0.3ms
[2025-05-14T23:17:45.107+0300][gc,phases   ] GC(7)   Merge Heap Roots: 0.2ms
[2025-05-14T23:17:45.107+0300][gc,phases   ] GC(7)   Evacuate Collection Set: 7.1ms
[2025-05-14T23:17:45.107+0300][gc,phases   ] GC(7)   Post Evacuate Collection Set: 0.9ms
[2025-05-14T23:17:45.107+0300][gc,phases   ] GC(7)   Other: 0.2ms
[2025-05-14T23:17:45.107+0300][gc,heap     ] GC(7) Eden regions: 44->0(49)
[2025-05-14T23:17:45.107+0300][gc,heap     ] GC(7) Survivor regions: 7->2(7)
[2025-05-14T23:17:45.107+0300][gc,heap     ] GC(7) Old regions: 15->22
[2025-05-14T23:17:45.107+0300][gc,heap     ] GC(7) Archive regions: 2->2
[2025-05-14T23:17:45.107+0300][gc,heap     ] GC(7) Humongous regions: 138->138
[2025-05-14T23:17:45.107+0300][gc,metaspace] GC(7) Metaspace: 45170K(45824K)->45170K(45824K) NonClass: 39924K(40256K)->39924K(40256K) Class: 5246K(5568K)->5246K(5568K)
[2025-05-14T23:17:45.107+0300][gc          ] GC(7) Pause Young (Normal) (G1 Evacuation Pause) 204M->162M(1024M) 8.770ms
[2025-05-14T23:17:45.107+0300][gc,cpu      ] GC(7) User=0.06s Sys=0.01s Real=0.01s
[2025-05-14T23:17:45.711+0300][gc,start    ] GC(8) Pause Young (Normal) (G1 Evacuation Pause)
[2025-05-14T23:17:45.711+0300][gc,task     ] GC(8) Using 8 workers of 8 for evacuation
[2025-05-14T23:17:45.714+0300][gc,phases   ] GC(8)   Pre Evacuate Collection Set: 0.3ms
[2025-05-14T23:17:45.714+0300][gc,phases   ] GC(8)   Merge Heap Roots: 0.2ms
[2025-05-14T23:17:45.714+0300][gc,phases   ] GC(8)   Evacuate Collection Set: 1.4ms
[2025-05-14T23:17:45.714+0300][gc,phases   ] GC(8)   Post Evacuate Collection Set: 0.8ms
[2025-05-14T23:17:45.714+0300][gc,phases   ] GC(8)   Other: 0.2ms
[2025-05-14T23:17:45.714+0300][gc,heap     ] GC(8) Eden regions: 49->0(56)
[2025-05-14T23:17:45.714+0300][gc,heap     ] GC(8) Survivor regions: 2->1(7)
[2025-05-14T23:17:45.714+0300][gc,heap     ] GC(8) Old regions: 22->22
[2025-05-14T23:17:45.714+0300][gc,heap     ] GC(8) Archive regions: 2->2
[2025-05-14T23:17:45.714+0300][gc,heap     ] GC(8) Humongous regions: 147->147
[2025-05-14T23:17:45.714+0300][gc,metaspace] GC(8) Metaspace: 45170K(45824K)->45170K(45824K) NonClass: 39924K(40256K)->39924K(40256K) Class: 5246K(5568K)->5246K(5568K)
[2025-05-14T23:17:45.714+0300][gc          ] GC(8) Pause Young (Normal) (G1 Evacuation Pause) 220M->170M(1024M) 3.085ms
[2025-05-14T23:17:45.714+0300][gc,cpu      ] GC(8) User=0.01s Sys=0.00s Real=0.00s
[2025-05-14T23:17:46.493+0300][gc,start    ] GC(9) Pause Young (Normal) (G1 Evacuation Pause)
[2025-05-14T23:17:46.493+0300][gc,task     ] GC(9) Using 8 workers of 8 for evacuation
[2025-05-14T23:17:46.495+0300][gc,phases   ] GC(9)   Pre Evacuate Collection Set: 0.3ms
[2025-05-14T23:17:46.495+0300][gc,phases   ] GC(9)   Merge Heap Roots: 0.2ms
[2025-05-14T23:17:46.495+0300][gc,phases   ] GC(9)   Evacuate Collection Set: 1.3ms
[2025-05-14T23:17:46.495+0300][gc,phases   ] GC(9)   Post Evacuate Collection Set: 0.6ms
[2025-05-14T23:17:46.495+0300][gc,phases   ] GC(9)   Other: 0.2ms
[2025-05-14T23:17:46.495+0300][gc,heap     ] GC(9) Eden regions: 56->0(453)
[2025-05-14T23:17:46.495+0300][gc,heap     ] GC(9) Survivor regions: 1->1(8)
[2025-05-14T23:17:46.495+0300][gc,heap     ] GC(9) Old regions: 22->22
[2025-05-14T23:17:46.495+0300][gc,heap     ] GC(9) Archive regions: 2->2
[2025-05-14T23:17:46.495+0300][gc,heap     ] GC(9) Humongous regions: 147->147
[2025-05-14T23:17:46.495+0300][gc,metaspace] GC(9) Metaspace: 45170K(45824K)->45170K(45824K) NonClass: 39924K(40256K)->39924K(40256K) Class: 5246K(5568K)->5246K(5568K)
[2025-05-14T23:17:46.495+0300][gc          ] GC(9) Pause Young (Normal) (G1 Evacuation Pause) 226M->170M(1024M) 2.765ms
[2025-05-14T23:17:46.495+0300][gc,cpu      ] GC(9) User=0.01s Sys=0.00s Real=0.00s
[2025-05-14T23:17:52.237+0300][gc,start    ] GC(10) Pause Young (Normal) (G1 Evacuation Pause)
[2025-05-14T23:17:52.237+0300][gc,task     ] GC(10) Using 8 workers of 8 for evacuation
[2025-05-14T23:17:52.243+0300][gc,phases   ] GC(10)   Pre Evacuate Collection Set: 0.3ms
[2025-05-14T23:17:52.243+0300][gc,phases   ] GC(10)   Merge Heap Roots: 0.2ms
[2025-05-14T23:17:52.243+0300][gc,phases   ] GC(10)   Evacuate Collection Set: 4.0ms
[2025-05-14T23:17:52.243+0300][gc,phases   ] GC(10)   Post Evacuate Collection Set: 0.9ms
[2025-05-14T23:17:52.243+0300][gc,phases   ] GC(10)   Other: 0.3ms
[2025-05-14T23:17:52.243+0300][gc,heap     ] GC(10) Eden regions: 453->0(613)
[2025-05-14T23:17:52.243+0300][gc,heap     ] GC(10) Survivor regions: 1->1(57)
[2025-05-14T23:17:52.243+0300][gc,heap     ] GC(10) Old regions: 22->22
[2025-05-14T23:17:52.243+0300][gc,heap     ] GC(10) Archive regions: 2->2
[2025-05-14T23:17:52.243+0300][gc,heap     ] GC(10) Humongous regions: 147->147
[2025-05-14T23:17:52.243+0300][gc,metaspace] GC(10) Metaspace: 45188K(45888K)->45188K(45888K) NonClass: 39938K(40320K)->39938K(40320K) Class: 5250K(5568K)->5250K(5568K)
[2025-05-14T23:17:52.243+0300][gc          ] GC(10) Pause Young (Normal) (G1 Evacuation Pause) 623M->170M(1024M) 5.881ms
[2025-05-14T23:17:52.243+0300][gc,cpu      ] GC(10) User=0.00s Sys=0.03s Real=0.01s
[2025-05-14T23:18:00.577+0300][gc,start    ] GC(11) Pause Young (Normal) (G1 Evacuation Pause)
[2025-05-14T23:18:00.577+0300][gc,task     ] GC(11) Using 8 workers of 8 for evacuation
[2025-05-14T23:18:00.582+0300][gc,phases   ] GC(11)   Pre Evacuate Collection Set: 0.3ms
[2025-05-14T23:18:00.582+0300][gc,phases   ] GC(11)   Merge Heap Roots: 0.2ms
[2025-05-14T23:18:00.582+0300][gc,phases   ] GC(11)   Evacuate Collection Set: 3.2ms
[2025-05-14T23:18:00.582+0300][gc,phases   ] GC(11)   Post Evacuate Collection Set: 1.3ms
[2025-05-14T23:18:00.582+0300][gc,phases   ] GC(11)   Other: 0.2ms
[2025-05-14T23:18:00.582+0300][gc,heap     ] GC(11) Eden regions: 613->0(613)
[2025-05-14T23:18:00.582+0300][gc,heap     ] GC(11) Survivor regions: 1->1(77)
[2025-05-14T23:18:00.582+0300][gc,heap     ] GC(11) Old regions: 22->22
[2025-05-14T23:18:00.582+0300][gc,heap     ] GC(11) Archive regions: 2->2
[2025-05-14T23:18:00.582+0300][gc,heap     ] GC(11) Humongous regions: 147->147
[2025-05-14T23:18:00.582+0300][gc,metaspace] GC(11) Metaspace: 45194K(45888K)->45194K(45888K) NonClass: 39944K(40320K)->39944K(40320K) Class: 5250K(5568K)->5250K(5568K)
[2025-05-14T23:18:00.582+0300][gc          ] GC(11) Pause Young (Normal) (G1 Evacuation Pause) 783M->170M(1024M) 5.327ms
[2025-05-14T23:18:00.582+0300][gc,cpu      ] GC(11) User=0.00s Sys=0.02s Real=0.01s
[2025-05-14T23:18:08.543+0300][gc,start    ] GC(12) Pause Young (Normal) (G1 Evacuation Pause)
[2025-05-14T23:18:08.543+0300][gc,task     ] GC(12) Using 8 workers of 8 for evacuation
[2025-05-14T23:18:08.546+0300][gc,phases   ] GC(12)   Pre Evacuate Collection Set: 0.3ms
[2025-05-14T23:18:08.546+0300][gc,phases   ] GC(12)   Merge Heap Roots: 0.2ms
[2025-05-14T23:18:08.546+0300][gc,phases   ] GC(12)   Evacuate Collection Set: 1.4ms
[2025-05-14T23:18:08.546+0300][gc,phases   ] GC(12)   Post Evacuate Collection Set: 1.2ms
[2025-05-14T23:18:08.546+0300][gc,phases   ] GC(12)   Other: 0.2ms
[2025-05-14T23:18:08.546+0300][gc,heap     ] GC(12) Eden regions: 613->0(613)
[2025-05-14T23:18:08.546+0300][gc,heap     ] GC(12) Survivor regions: 1->1(77)
[2025-05-14T23:18:08.546+0300][gc,heap     ] GC(12) Old regions: 22->22
[2025-05-14T23:18:08.546+0300][gc,heap     ] GC(12) Archive regions: 2->2
[2025-05-14T23:18:08.546+0300][gc,heap     ] GC(12) Humongous regions: 147->147
[2025-05-14T23:18:08.546+0300][gc,metaspace] GC(12) Metaspace: 45205K(45888K)->45205K(45888K) NonClass: 39955K(40320K)->39955K(40320K) Class: 5250K(5568K)->5250K(5568K)
[2025-05-14T23:18:08.546+0300][gc          ] GC(12) Pause Young (Normal) (G1 Evacuation Pause) 783M->170M(1024M) 3.485ms
[2025-05-14T23:18:08.546+0300][gc,cpu      ] GC(12) User=0.01s Sys=0.00s Real=0.00s
[2025-05-14T23:18:16.389+0300][gc,start    ] GC(13) Pause Young (Normal) (G1 Evacuation Pause)
[2025-05-14T23:18:16.389+0300][gc,task     ] GC(13) Using 8 workers of 8 for evacuation
[2025-05-14T23:18:16.392+0300][gc,phases   ] GC(13)   Pre Evacuate Collection Set: 0.2ms
[2025-05-14T23:18:16.392+0300][gc,phases   ] GC(13)   Merge Heap Roots: 0.2ms
[2025-05-14T23:18:16.392+0300][gc,phases   ] GC(13)   Evacuate Collection Set: 1.3ms
[2025-05-14T23:18:16.392+0300][gc,phases   ] GC(13)   Post Evacuate Collection Set: 0.9ms
[2025-05-14T23:18:16.392+0300][gc,phases   ] GC(13)   Other: 0.2ms
[2025-05-14T23:18:16.392+0300][gc,heap     ] GC(13) Eden regions: 613->0(613)
[2025-05-14T23:18:16.392+0300][gc,heap     ] GC(13) Survivor regions: 1->1(77)
[2025-05-14T23:18:16.392+0300][gc,heap     ] GC(13) Old regions: 22->22
[2025-05-14T23:18:16.392+0300][gc,heap     ] GC(13) Archive regions: 2->2
[2025-05-14T23:18:16.392+0300][gc,heap     ] GC(13) Humongous regions: 147->147
[2025-05-14T23:18:16.392+0300][gc,metaspace] GC(13) Metaspace: 45214K(45952K)->45214K(45952K) NonClass: 39964K(40384K)->39964K(40384K) Class: 5250K(5568K)->5250K(5568K)
[2025-05-14T23:18:16.392+0300][gc          ] GC(13) Pause Young (Normal) (G1 Evacuation Pause) 783M->170M(1024M) 2.992ms
[2025-05-14T23:18:16.392+0300][gc,cpu      ] GC(13) User=0.00s Sys=0.02s Real=0.01s
[2025-05-14T23:18:24.017+0300][gc,start    ] GC(14) Pause Young (Normal) (G1 Evacuation Pause)
[2025-05-14T23:18:24.017+0300][gc,task     ] GC(14) Using 8 workers of 8 for evacuation
[2025-05-14T23:18:24.020+0300][gc,phases   ] GC(14)   Pre Evacuate Collection Set: 0.2ms
[2025-05-14T23:18:24.021+0300][gc,phases   ] GC(14)   Merge Heap Roots: 0.2ms
[2025-05-14T23:18:24.021+0300][gc,phases   ] GC(14)   Evacuate Collection Set: 1.4ms
[2025-05-14T23:18:24.021+0300][gc,phases   ] GC(14)   Post Evacuate Collection Set: 1.2ms
[2025-05-14T23:18:24.021+0300][gc,phases   ] GC(14)   Other: 0.2ms
[2025-05-14T23:18:24.021+0300][gc,heap     ] GC(14) Eden regions: 613->0(613)
[2025-05-14T23:18:24.021+0300][gc,heap     ] GC(14) Survivor regions: 1->1(77)
[2025-05-14T23:18:24.021+0300][gc,heap     ] GC(14) Old regions: 22->22
[2025-05-14T23:18:24.021+0300][gc,heap     ] GC(14) Archive regions: 2->2
[2025-05-14T23:18:24.021+0300][gc,heap     ] GC(14) Humongous regions: 147->147
[2025-05-14T23:18:24.021+0300][gc,metaspace] GC(14) Metaspace: 45219K(45952K)->45219K(45952K) NonClass: 39969K(40384K)->39969K(40384K) Class: 5250K(5568K)->5250K(5568K)
[2025-05-14T23:18:24.021+0300][gc          ] GC(14) Pause Young (Normal) (G1 Evacuation Pause) 783M->170M(1024M) 3.262ms
[2025-05-14T23:18:24.021+0300][gc,cpu      ] GC(14) User=0.01s Sys=0.00s Real=0.01s
[2025-05-14T23:18:31.519+0300][gc,start    ] GC(15) Pause Young (Normal) (G1 Evacuation Pause)
[2025-05-14T23:18:31.520+0300][gc,task     ] GC(15) Using 8 workers of 8 for evacuation
[2025-05-14T23:18:31.522+0300][gc,phases   ] GC(15)   Pre Evacuate Collection Set: 0.2ms
[2025-05-14T23:18:31.522+0300][gc,phases   ] GC(15)   Merge Heap Roots: 0.2ms
[2025-05-14T23:18:31.522+0300][gc,phases   ] GC(15)   Evacuate Collection Set: 1.2ms
[2025-05-14T23:18:31.522+0300][gc,phases   ] GC(15)   Post Evacuate Collection Set: 1.1ms
[2025-05-14T23:18:31.522+0300][gc,phases   ] GC(15)   Other: 0.2ms
[2025-05-14T23:18:31.522+0300][gc,heap     ] GC(15) Eden regions: 613->0(613)
[2025-05-14T23:18:31.522+0300][gc,heap     ] GC(15) Survivor regions: 1->1(77)
[2025-05-14T23:18:31.522+0300][gc,heap     ] GC(15) Old regions: 22->22
[2025-05-14T23:18:31.522+0300][gc,heap     ] GC(15) Archive regions: 2->2
[2025-05-14T23:18:31.522+0300][gc,heap     ] GC(15) Humongous regions: 147->147
[2025-05-14T23:18:31.522+0300][gc,metaspace] GC(15) Metaspace: 45221K(45952K)->45221K(45952K) NonClass: 39971K(40384K)->39971K(40384K) Class: 5250K(5568K)->5250K(5568K)
[2025-05-14T23:18:31.522+0300][gc          ] GC(15) Pause Young (Normal) (G1 Evacuation Pause) 783M->170M(1024M) 3.029ms
[2025-05-14T23:18:31.522+0300][gc,cpu      ] GC(15) User=0.01s Sys=0.00s Real=0.00s
[2025-05-14T23:18:39.134+0300][gc,start    ] GC(16) Pause Young (Normal) (G1 Evacuation Pause)
[2025-05-14T23:18:39.135+0300][gc,task     ] GC(16) Using 8 workers of 8 for evacuation
[2025-05-14T23:18:39.137+0300][gc,phases   ] GC(16)   Pre Evacuate Collection Set: 0.2ms
[2025-05-14T23:18:39.137+0300][gc,phases   ] GC(16)   Merge Heap Roots: 0.2ms
[2025-05-14T23:18:39.137+0300][gc,phases   ] GC(16)   Evacuate Collection Set: 1.2ms
[2025-05-14T23:18:39.137+0300][gc,phases   ] GC(16)   Post Evacuate Collection Set: 1.0ms
[2025-05-14T23:18:39.137+0300][gc,phases   ] GC(16)   Other: 0.2ms
[2025-05-14T23:18:39.137+0300][gc,heap     ] GC(16) Eden regions: 613->0(613)
[2025-05-14T23:18:39.137+0300][gc,heap     ] GC(16) Survivor regions: 1->1(77)
[2025-05-14T23:18:39.137+0300][gc,heap     ] GC(16) Old regions: 22->22
[2025-05-14T23:18:39.137+0300][gc,heap     ] GC(16) Archive regions: 2->2
[2025-05-14T23:18:39.137+0300][gc,heap     ] GC(16) Humongous regions: 147->147
[2025-05-14T23:18:39.137+0300][gc,metaspace] GC(16) Metaspace: 45223K(45952K)->45223K(45952K) NonClass: 39972K(40384K)->39972K(40384K) Class: 5250K(5568K)->5250K(5568K)
[2025-05-14T23:18:39.137+0300][gc          ] GC(16) Pause Young (Normal) (G1 Evacuation Pause) 783M->170M(1024M) 2.948ms
[2025-05-14T23:18:39.137+0300][gc,cpu      ] GC(16) User=0.01s Sys=0.00s Real=0.00s
[2025-05-14T23:18:46.690+0300][gc,start    ] GC(17) Pause Young (Normal) (G1 Evacuation Pause)
[2025-05-14T23:18:46.690+0300][gc,task     ] GC(17) Using 8 workers of 8 for evacuation
[2025-05-14T23:18:46.693+0300][gc,phases   ] GC(17)   Pre Evacuate Collection Set: 0.2ms
[2025-05-14T23:18:46.693+0300][gc,phases   ] GC(17)   Merge Heap Roots: 0.2ms
[2025-05-14T23:18:46.693+0300][gc,phases   ] GC(17)   Evacuate Collection Set: 1.5ms
[2025-05-14T23:18:46.693+0300][gc,phases   ] GC(17)   Post Evacuate Collection Set: 1.0ms
[2025-05-14T23:18:46.693+0300][gc,phases   ] GC(17)   Other: 0.2ms
[2025-05-14T23:18:46.693+0300][gc,heap     ] GC(17) Eden regions: 613->0(613)
[2025-05-14T23:18:46.693+0300][gc,heap     ] GC(17) Survivor regions: 1->1(77)
[2025-05-14T23:18:46.693+0300][gc,heap     ] GC(17) Old regions: 22->22
[2025-05-14T23:18:46.693+0300][gc,heap     ] GC(17) Archive regions: 2->2
[2025-05-14T23:18:46.693+0300][gc,heap     ] GC(17) Humongous regions: 147->147
[2025-05-14T23:18:46.693+0300][gc,metaspace] GC(17) Metaspace: 45549K(46208K)->45549K(46208K) NonClass: 40236K(40576K)->40236K(40576K) Class: 5312K(5632K)->5312K(5632K)
[2025-05-14T23:18:46.693+0300][gc          ] GC(17) Pause Young (Normal) (G1 Evacuation Pause) 783M->170M(1024M) 3.440ms
[2025-05-14T23:18:46.693+0300][gc,cpu      ] GC(17) User=0.01s Sys=0.01s Real=0.00s
[2025-05-14T23:18:59.826+0300][gc,start    ] GC(18) Pause Young (Normal) (G1 Evacuation Pause)
[2025-05-14T23:18:59.826+0300][gc,task     ] GC(18) Using 8 workers of 8 for evacuation
[2025-05-14T23:18:59.829+0300][gc,phases   ] GC(18)   Pre Evacuate Collection Set: 0.3ms
[2025-05-14T23:18:59.829+0300][gc,phases   ] GC(18)   Merge Heap Roots: 0.2ms
[2025-05-14T23:18:59.829+0300][gc,phases   ] GC(18)   Evacuate Collection Set: 1.3ms
[2025-05-14T23:18:59.829+0300][gc,phases   ] GC(18)   Post Evacuate Collection Set: 1.1ms
[2025-05-14T23:18:59.829+0300][gc,phases   ] GC(18)   Other: 0.2ms
[2025-05-14T23:18:59.829+0300][gc,heap     ] GC(18) Eden regions: 613->0(613)
[2025-05-14T23:18:59.829+0300][gc,heap     ] GC(18) Survivor regions: 1->1(77)
[2025-05-14T23:18:59.829+0300][gc,heap     ] GC(18) Old regions: 22->22
[2025-05-14T23:18:59.829+0300][gc,heap     ] GC(18) Archive regions: 2->2
[2025-05-14T23:18:59.829+0300][gc,heap     ] GC(18) Humongous regions: 147->147
[2025-05-14T23:18:59.829+0300][gc,metaspace] GC(18) Metaspace: 45572K(46272K)->45572K(46272K) NonClass: 40253K(40640K)->40253K(40640K) Class: 5319K(5632K)->5319K(5632K)
[2025-05-14T23:18:59.829+0300][gc          ] GC(18) Pause Young (Normal) (G1 Evacuation Pause) 783M->170M(1024M) 3.210ms
[2025-05-14T23:18:59.829+0300][gc,cpu      ] GC(18) User=0.01s Sys=0.00s Real=0.00s
[2025-05-14T23:19:07.399+0300][gc,start    ] GC(19) Pause Young (Normal) (G1 Evacuation Pause)
[2025-05-14T23:19:07.399+0300][gc,task     ] GC(19) Using 8 workers of 8 for evacuation
[2025-05-14T23:19:07.402+0300][gc,phases   ] GC(19)   Pre Evacuate Collection Set: 0.2ms
[2025-05-14T23:19:07.402+0300][gc,phases   ] GC(19)   Merge Heap Roots: 0.2ms
[2025-05-14T23:19:07.402+0300][gc,phases   ] GC(19)   Evacuate Collection Set: 1.3ms
[2025-05-14T23:19:07.402+0300][gc,phases   ] GC(19)   Post Evacuate Collection Set: 1.1ms
[2025-05-14T23:19:07.402+0300][gc,phases   ] GC(19)   Other: 0.2ms
[2025-05-14T23:19:07.402+0300][gc,heap     ] GC(19) Eden regions: 613->0(613)
[2025-05-14T23:19:07.402+0300][gc,heap     ] GC(19) Survivor regions: 1->1(77)
[2025-05-14T23:19:07.402+0300][gc,heap     ] GC(19) Old regions: 22->22
[2025-05-14T23:19:07.402+0300][gc,heap     ] GC(19) Archive regions: 2->2
[2025-05-14T23:19:07.402+0300][gc,heap     ] GC(19) Humongous regions: 147->147
[2025-05-14T23:19:07.402+0300][gc,metaspace] GC(19) Metaspace: 45948K(46720K)->45948K(46720K) NonClass: 40564K(40960K)->40564K(40960K) Class: 5383K(5760K)->5383K(5760K)
[2025-05-14T23:19:07.402+0300][gc          ] GC(19) Pause Young (Normal) (G1 Evacuation Pause) 783M->170M(1024M) 3.210ms
[2025-05-14T23:19:07.402+0300][gc,cpu      ] GC(19) User=0.00s Sys=0.01s Real=0.01s
[2025-05-14T23:19:14.930+0300][gc,start    ] GC(20) Pause Young (Normal) (G1 Evacuation Pause)
[2025-05-14T23:19:14.930+0300][gc,task     ] GC(20) Using 8 workers of 8 for evacuation
[2025-05-14T23:19:14.933+0300][gc,phases   ] GC(20)   Pre Evacuate Collection Set: 0.2ms
[2025-05-14T23:19:14.933+0300][gc,phases   ] GC(20)   Merge Heap Roots: 0.2ms
[2025-05-14T23:19:14.933+0300][gc,phases   ] GC(20)   Evacuate Collection Set: 1.4ms
[2025-05-14T23:19:14.933+0300][gc,phases   ] GC(20)   Post Evacuate Collection Set: 1.1ms
[2025-05-14T23:19:14.933+0300][gc,phases   ] GC(20)   Other: 0.2ms
[2025-05-14T23:19:14.933+0300][gc,heap     ] GC(20) Eden regions: 613->0(613)
[2025-05-14T23:19:14.933+0300][gc,heap     ] GC(20) Survivor regions: 1->1(77)
[2025-05-14T23:19:14.933+0300][gc,heap     ] GC(20) Old regions: 22->22
[2025-05-14T23:19:14.933+0300][gc,heap     ] GC(20) Archive regions: 2->2
[2025-05-14T23:19:14.933+0300][gc,heap     ] GC(20) Humongous regions: 147->147
[2025-05-14T23:19:14.933+0300][gc,metaspace] GC(20) Metaspace: 45948K(46720K)->45948K(46720K) NonClass: 40565K(40960K)->40565K(40960K) Class: 5383K(5760K)->5383K(5760K)
[2025-05-14T23:19:14.933+0300][gc          ] GC(20) Pause Young (Normal) (G1 Evacuation Pause) 783M->170M(1024M) 3.182ms
[2025-05-14T23:19:14.933+0300][gc,cpu      ] GC(20) User=0.00s Sys=0.01s Real=0.01s
[2025-05-14T23:19:22.490+0300][gc,start    ] GC(21) Pause Young (Normal) (G1 Evacuation Pause)
[2025-05-14T23:19:22.490+0300][gc,task     ] GC(21) Using 8 workers of 8 for evacuation
[2025-05-14T23:19:22.494+0300][gc,phases   ] GC(21)   Pre Evacuate Collection Set: 0.2ms
[2025-05-14T23:19:22.494+0300][gc,phases   ] GC(21)   Merge Heap Roots: 0.3ms
[2025-05-14T23:19:22.494+0300][gc,phases   ] GC(21)   Evacuate Collection Set: 1.7ms
[2025-05-14T23:19:22.494+0300][gc,phases   ] GC(21)   Post Evacuate Collection Set: 1.1ms
[2025-05-14T23:19:22.494+0300][gc,phases   ] GC(21)   Other: 0.2ms
[2025-05-14T23:19:22.494+0300][gc,heap     ] GC(21) Eden regions: 613->0(612)
[2025-05-14T23:19:22.494+0300][gc,heap     ] GC(21) Survivor regions: 1->2(77)
[2025-05-14T23:19:22.494+0300][gc,heap     ] GC(21) Old regions: 22->22
[2025-05-14T23:19:22.494+0300][gc,heap     ] GC(21) Archive regions: 2->2
[2025-05-14T23:19:22.494+0300][gc,heap     ] GC(21) Humongous regions: 147->147
[2025-05-14T23:19:22.494+0300][gc,metaspace] GC(21) Metaspace: 45955K(46720K)->45955K(46720K) NonClass: 40571K(40960K)->40571K(40960K) Class: 5383K(5760K)->5383K(5760K)
[2025-05-14T23:19:22.494+0300][gc          ] GC(21) Pause Young (Normal) (G1 Evacuation Pause) 783M->170M(1024M) 3.734ms
[2025-05-14T23:19:22.494+0300][gc,cpu      ] GC(21) User=0.01s Sys=0.00s Real=0.01s
[2025-05-14T23:19:33.325+0300][gc,start    ] GC(22) Pause Young (Normal) (G1 Evacuation Pause)
[2025-05-14T23:19:33.325+0300][gc,task     ] GC(22) Using 8 workers of 8 for evacuation
[2025-05-14T23:19:33.329+0300][gc,phases   ] GC(22)   Pre Evacuate Collection Set: 0.3ms
[2025-05-14T23:19:33.329+0300][gc,phases   ] GC(22)   Merge Heap Roots: 0.2ms
[2025-05-14T23:19:33.329+0300][gc,phases   ] GC(22)   Evacuate Collection Set: 2.2ms
[2025-05-14T23:19:33.329+0300][gc,phases   ] GC(22)   Post Evacuate Collection Set: 1.0ms
[2025-05-14T23:19:33.329+0300][gc,phases   ] GC(22)   Other: 0.2ms
[2025-05-14T23:19:33.329+0300][gc,heap     ] GC(22) Eden regions: 612->0(613)
[2025-05-14T23:19:33.329+0300][gc,heap     ] GC(22) Survivor regions: 2->1(77)
[2025-05-14T23:19:33.329+0300][gc,heap     ] GC(22) Old regions: 22->23
[2025-05-14T23:19:33.329+0300][gc,heap     ] GC(22) Archive regions: 2->2
[2025-05-14T23:19:33.329+0300][gc,heap     ] GC(22) Humongous regions: 147->147
[2025-05-14T23:19:33.329+0300][gc,metaspace] GC(22) Metaspace: 45955K(46720K)->45955K(46720K) NonClass: 40572K(40960K)->40572K(40960K) Class: 5383K(5760K)->5383K(5760K)
[2025-05-14T23:19:33.329+0300][gc          ] GC(22) Pause Young (Normal) (G1 Evacuation Pause) 782M->170M(1024M) 4.055ms
[2025-05-14T23:19:33.329+0300][gc,cpu      ] GC(22) User=0.01s Sys=0.01s Real=0.00s
[2025-05-14T23:19:41.326+0300][gc,start    ] GC(23) Pause Young (Normal) (G1 Evacuation Pause)
[2025-05-14T23:19:41.326+0300][gc,task     ] GC(23) Using 8 workers of 8 for evacuation
[2025-05-14T23:19:41.329+0300][gc,phases   ] GC(23)   Pre Evacuate Collection Set: 0.2ms
[2025-05-14T23:19:41.329+0300][gc,phases   ] GC(23)   Merge Heap Roots: 0.2ms
[2025-05-14T23:19:41.329+0300][gc,phases   ] GC(23)   Evacuate Collection Set: 1.2ms
[2025-05-14T23:19:41.329+0300][gc,phases   ] GC(23)   Post Evacuate Collection Set: 1.2ms
[2025-05-14T23:19:41.329+0300][gc,phases   ] GC(23)   Other: 0.2ms
[2025-05-14T23:19:41.329+0300][gc,heap     ] GC(23) Eden regions: 613->0(613)
[2025-05-14T23:19:41.329+0300][gc,heap     ] GC(23) Survivor regions: 1->1(77)
[2025-05-14T23:19:41.329+0300][gc,heap     ] GC(23) Old regions: 23->23
[2025-05-14T23:19:41.329+0300][gc,heap     ] GC(23) Archive regions: 2->2
[2025-05-14T23:19:41.329+0300][gc,heap     ] GC(23) Humongous regions: 147->147
[2025-05-14T23:19:41.329+0300][gc,metaspace] GC(23) Metaspace: 45984K(46784K)->45984K(46784K) NonClass: 40601K(41024K)->40601K(41024K) Class: 5383K(5760K)->5383K(5760K)
[2025-05-14T23:19:41.329+0300][gc          ] GC(23) Pause Young (Normal) (G1 Evacuation Pause) 783M->171M(1024M) 3.105ms
[2025-05-14T23:19:41.329+0300][gc,cpu      ] GC(23) User=0.00s Sys=0.00s Real=0.00s
[2025-05-14T23:19:49.403+0300][gc,start    ] GC(24) Pause Young (Normal) (G1 Evacuation Pause)
[2025-05-14T23:19:49.403+0300][gc,task     ] GC(24) Using 8 workers of 8 for evacuation
[2025-05-14T23:19:49.405+0300][gc,phases   ] GC(24)   Pre Evacuate Collection Set: 0.3ms
[2025-05-14T23:19:49.406+0300][gc,phases   ] GC(24)   Merge Heap Roots: 0.2ms
[2025-05-14T23:19:49.406+0300][gc,phases   ] GC(24)   Evacuate Collection Set: 1.0ms
[2025-05-14T23:19:49.406+0300][gc,phases   ] GC(24)   Post Evacuate Collection Set: 1.0ms
[2025-05-14T23:19:49.406+0300][gc,phases   ] GC(24)   Other: 0.2ms
[2025-05-14T23:19:49.406+0300][gc,heap     ] GC(24) Eden regions: 613->0(613)
[2025-05-14T23:19:49.406+0300][gc,heap     ] GC(24) Survivor regions: 1->1(77)
[2025-05-14T23:19:49.406+0300][gc,heap     ] GC(24) Old regions: 23->23
[2025-05-14T23:19:49.406+0300][gc,heap     ] GC(24) Archive regions: 2->2
[2025-05-14T23:19:49.406+0300][gc,heap     ] GC(24) Humongous regions: 147->147
[2025-05-14T23:19:49.406+0300][gc,metaspace] GC(24) Metaspace: 45986K(46784K)->45986K(46784K) NonClass: 40603K(41024K)->40603K(41024K) Class: 5383K(5760K)->5383K(5760K)
[2025-05-14T23:19:49.406+0300][gc          ] GC(24) Pause Young (Normal) (G1 Evacuation Pause) 784M->171M(1024M) 2.816ms
[2025-05-14T23:19:49.406+0300][gc,cpu      ] GC(24) User=0.00s Sys=0.01s Real=0.01s
[2025-05-14T23:19:57.576+0300][gc,start    ] GC(25) Pause Young (Normal) (G1 Evacuation Pause)
[2025-05-14T23:19:57.576+0300][gc,task     ] GC(25) Using 8 workers of 8 for evacuation
[2025-05-14T23:19:57.579+0300][gc,phases   ] GC(25)   Pre Evacuate Collection Set: 0.3ms
[2025-05-14T23:19:57.579+0300][gc,phases   ] GC(25)   Merge Heap Roots: 0.2ms
[2025-05-14T23:19:57.579+0300][gc,phases   ] GC(25)   Evacuate Collection Set: 1.2ms
[2025-05-14T23:19:57.579+0300][gc,phases   ] GC(25)   Post Evacuate Collection Set: 1.1ms
[2025-05-14T23:19:57.579+0300][gc,phases   ] GC(25)   Other: 0.2ms
[2025-05-14T23:19:57.579+0300][gc,heap     ] GC(25) Eden regions: 613->0(613)
[2025-05-14T23:19:57.579+0300][gc,heap     ] GC(25) Survivor regions: 1->1(77)
[2025-05-14T23:19:57.579+0300][gc,heap     ] GC(25) Old regions: 23->23
[2025-05-14T23:19:57.579+0300][gc,heap     ] GC(25) Archive regions: 2->2
[2025-05-14T23:19:57.579+0300][gc,heap     ] GC(25) Humongous regions: 147->147
[2025-05-14T23:19:57.579+0300][gc,metaspace] GC(25) Metaspace: 45994K(46784K)->45994K(46784K) NonClass: 40610K(41024K)->40610K(41024K) Class: 5383K(5760K)->5383K(5760K)
[2025-05-14T23:19:57.579+0300][gc          ] GC(25) Pause Young (Normal) (G1 Evacuation Pause) 784M->171M(1024M) 3.066ms
[2025-05-14T23:19:57.579+0300][gc,cpu      ] GC(25) User=0.01s Sys=0.00s Real=0.00s
[2025-05-14T23:20:09.232+0300][gc,start    ] GC(26) Pause Young (Normal) (G1 Evacuation Pause)
[2025-05-14T23:20:09.232+0300][gc,task     ] GC(26) Using 8 workers of 8 for evacuation
[2025-05-14T23:20:09.235+0300][gc,phases   ] GC(26)   Pre Evacuate Collection Set: 0.4ms
[2025-05-14T23:20:09.235+0300][gc,phases   ] GC(26)   Merge Heap Roots: 0.3ms
[2025-05-14T23:20:09.235+0300][gc,phases   ] GC(26)   Evacuate Collection Set: 1.2ms
[2025-05-14T23:20:09.235+0300][gc,phases   ] GC(26)   Post Evacuate Collection Set: 1.4ms
[2025-05-14T23:20:09.235+0300][gc,phases   ] GC(26)   Other: 0.4ms
[2025-05-14T23:20:09.235+0300][gc,heap     ] GC(26) Eden regions: 613->0(613)
[2025-05-14T23:20:09.235+0300][gc,heap     ] GC(26) Survivor regions: 1->1(77)
[2025-05-14T23:20:09.235+0300][gc,heap     ] GC(26) Old regions: 23->23
[2025-05-14T23:20:09.235+0300][gc,heap     ] GC(26) Archive regions: 2->2
[2025-05-14T23:20:09.235+0300][gc,heap     ] GC(26) Humongous regions: 147->147
[2025-05-14T23:20:09.235+0300][gc,metaspace] GC(26) Metaspace: 45999K(46784K)->45999K(46784K) NonClass: 40615K(41024K)->40615K(41024K) Class: 5383K(5760K)->5383K(5760K)
[2025-05-14T23:20:09.235+0300][gc          ] GC(26) Pause Young (Normal) (G1 Evacuation Pause) 784M->171M(1024M) 3.789ms
[2025-05-14T23:20:09.235+0300][gc,cpu      ] GC(26) User=0.00s Sys=0.01s Real=0.01s
[2025-05-14T23:20:17.100+0300][gc,start    ] GC(27) Pause Young (Normal) (G1 Evacuation Pause)
[2025-05-14T23:20:17.100+0300][gc,task     ] GC(27) Using 8 workers of 8 for evacuation
[2025-05-14T23:20:17.103+0300][gc,phases   ] GC(27)   Pre Evacuate Collection Set: 0.2ms
[2025-05-14T23:20:17.103+0300][gc,phases   ] GC(27)   Merge Heap Roots: 0.3ms
[2025-05-14T23:20:17.103+0300][gc,phases   ] GC(27)   Evacuate Collection Set: 1.2ms
[2025-05-14T23:20:17.103+0300][gc,phases   ] GC(27)   Post Evacuate Collection Set: 1.1ms
[2025-05-14T23:20:17.103+0300][gc,phases   ] GC(27)   Other: 0.2ms
[2025-05-14T23:20:17.103+0300][gc,heap     ] GC(27) Eden regions: 613->0(613)
[2025-05-14T23:20:17.103+0300][gc,heap     ] GC(27) Survivor regions: 1->1(77)
[2025-05-14T23:20:17.103+0300][gc,heap     ] GC(27) Old regions: 23->23
[2025-05-14T23:20:17.103+0300][gc,heap     ] GC(27) Archive regions: 2->2
[2025-05-14T23:20:17.103+0300][gc,heap     ] GC(27) Humongous regions: 147->147
[2025-05-14T23:20:17.103+0300][gc,metaspace] GC(27) Metaspace: 46065K(46848K)->46065K(46848K) NonClass: 40676K(41088K)->40676K(41088K) Class: 5389K(5760K)->5389K(5760K)
[2025-05-14T23:20:17.103+0300][gc          ] GC(27) Pause Young (Normal) (G1 Evacuation Pause) 784M->171M(1024M) 3.042ms
[2025-05-14T23:20:17.103+0300][gc,cpu      ] GC(27) User=0.00s Sys=0.01s Real=0.00s
[2025-05-14T23:20:24.979+0300][gc,start    ] GC(28) Pause Young (Normal) (G1 Evacuation Pause)
[2025-05-14T23:20:24.979+0300][gc,task     ] GC(28) Using 8 workers of 8 for evacuation
[2025-05-14T23:20:24.982+0300][gc,phases   ] GC(28)   Pre Evacuate Collection Set: 0.2ms
[2025-05-14T23:20:24.982+0300][gc,phases   ] GC(28)   Merge Heap Roots: 0.2ms
[2025-05-14T23:20:24.982+0300][gc,phases   ] GC(28)   Evacuate Collection Set: 1.1ms
[2025-05-14T23:20:24.982+0300][gc,phases   ] GC(28)   Post Evacuate Collection Set: 1.1ms
[2025-05-14T23:20:24.982+0300][gc,phases   ] GC(28)   Other: 0.2ms
[2025-05-14T23:20:24.982+0300][gc,heap     ] GC(28) Eden regions: 613->0(613)
[2025-05-14T23:20:24.982+0300][gc,heap     ] GC(28) Survivor regions: 1->1(77)
[2025-05-14T23:20:24.982+0300][gc,heap     ] GC(28) Old regions: 23->23
[2025-05-14T23:20:24.982+0300][gc,heap     ] GC(28) Archive regions: 2->2
[2025-05-14T23:20:24.982+0300][gc,heap     ] GC(28) Humongous regions: 147->147
[2025-05-14T23:20:24.982+0300][gc,metaspace] GC(28) Metaspace: 46090K(46848K)->46090K(46848K) NonClass: 40698K(41088K)->40698K(41088K) Class: 5391K(5760K)->5391K(5760K)
[2025-05-14T23:20:24.982+0300][gc          ] GC(28) Pause Young (Normal) (G1 Evacuation Pause) 784M->171M(1024M) 2.857ms
[2025-05-14T23:20:24.982+0300][gc,cpu      ] GC(28) User=0.00s Sys=0.01s Real=0.00s
[2025-05-14T23:20:32.659+0300][gc,start    ] GC(29) Pause Young (Normal) (G1 Evacuation Pause)
[2025-05-14T23:20:32.659+0300][gc,task     ] GC(29) Using 8 workers of 8 for evacuation
[2025-05-14T23:20:32.662+0300][gc,phases   ] GC(29)   Pre Evacuate Collection Set: 0.2ms
[2025-05-14T23:20:32.662+0300][gc,phases   ] GC(29)   Merge Heap Roots: 0.2ms
[2025-05-14T23:20:32.662+0300][gc,phases   ] GC(29)   Evacuate Collection Set: 1.3ms
[2025-05-14T23:20:32.662+0300][gc,phases   ] GC(29)   Post Evacuate Collection Set: 1.0ms
[2025-05-14T23:20:32.662+0300][gc,phases   ] GC(29)   Other: 0.2ms
[2025-05-14T23:20:32.662+0300][gc,heap     ] GC(29) Eden regions: 613->0(613)
[2025-05-14T23:20:32.662+0300][gc,heap     ] GC(29) Survivor regions: 1->1(77)
[2025-05-14T23:20:32.662+0300][gc,heap     ] GC(29) Old regions: 23->23
[2025-05-14T23:20:32.662+0300][gc,heap     ] GC(29) Archive regions: 2->2
[2025-05-14T23:20:32.662+0300][gc,heap     ] GC(29) Humongous regions: 147->147
[2025-05-14T23:20:32.662+0300][gc,metaspace] GC(29) Metaspace: 46095K(46848K)->46095K(46848K) NonClass: 40703K(41088K)->40703K(41088K) Class: 5391K(5760K)->5391K(5760K)
[2025-05-14T23:20:32.662+0300][gc          ] GC(29) Pause Young (Normal) (G1 Evacuation Pause) 784M->171M(1024M) 3.010ms
[2025-05-14T23:20:32.662+0300][gc,cpu      ] GC(29) User=0.01s Sys=0.00s Real=0.00s
[2025-05-14T23:20:35.495+0300][gc,heap,exit] Heap
[2025-05-14T23:20:35.495+0300][gc,heap,exit]  garbage-first heap   total 1048576K, used 364203K [0x00000000c0000000, 0x0000000100000000)
[2025-05-14T23:20:35.495+0300][gc,heap,exit]   region size 1024K, 186 young (190464K), 1 survivors (1024K)
[2025-05-14T23:20:35.495+0300][gc,heap,exit]  Metaspace       used 46176K, committed 47040K, reserved 1114112K
[2025-05-14T23:20:35.495+0300][gc,heap,exit]   class space    used 5404K, committed 5824K, reserved 1048576K
