[2025-05-17T12:08:06.066+0300][gc] Using G1
[2025-05-17T12:08:06.077+0300][gc,init] Version: 17.0.15+6-Ubuntu-0ubuntu124.04 (release)
[2025-05-17T12:08:06.077+0300][gc,init] CPUs: 8 total, 8 available
[2025-05-17T12:08:06.077+0300][gc,init] Memory: 7850M
[2025-05-17T12:08:06.077+0300][gc,init] Large Page Support: Disabled
[2025-05-17T12:08:06.077+0300][gc,init] NUMA Support: Disabled
[2025-05-17T12:08:06.077+0300][gc,init] Compressed Oops: Enabled (32-bit)
[2025-05-17T12:08:06.077+0300][gc,init] Heap Region Size: 1M
[2025-05-17T12:08:06.077+0300][gc,init] Heap Min Capacity: 1G
[2025-05-17T12:08:06.077+0300][gc,init] Heap Initial Capacity: 1G
[2025-05-17T12:08:06.077+0300][gc,init] Heap Max Capacity: 1G
[2025-05-17T12:08:06.077+0300][gc,init] Pre-touch: Disabled
[2025-05-17T12:08:06.077+0300][gc,init] Parallel Workers: 8
[2025-05-17T12:08:06.077+0300][gc,init] Concurrent Workers: 2
[2025-05-17T12:08:06.077+0300][gc,init] Concurrent Refinement Workers: 8
[2025-05-17T12:08:06.077+0300][gc,init] Periodic GC: Disabled
[2025-05-17T12:08:06.086+0300][gc,metaspace] CDS archive(s) mapped at: [0x00007f39a3000000-0x00007f39a3bc7000-0x00007f39a3bc7000), size 12349440, SharedBaseAddress: 0x00007f39a3000000, ArchiveRelocationMode: 1.
[2025-05-17T12:08:06.086+0300][gc,metaspace] Compressed class space mapped at: 0x00007f39a4000000-0x00007f39e4000000, reserved size: 1073741824
[2025-05-17T12:08:06.086+0300][gc,metaspace] Narrow klass base: 0x00007f39a3000000, Narrow klass shift: 0, Narrow klass range: 0x100000000
[2025-05-17T12:08:07.269+0300][gc,start    ] GC(0) Pause Young (Normal) (G1 Evacuation Pause)
[2025-05-17T12:08:07.270+0300][gc,task     ] GC(0) Using 8 workers of 8 for evacuation
[2025-05-17T12:08:07.282+0300][gc,phases   ] GC(0)   Pre Evacuate Collection Set: 0.2ms
[2025-05-17T12:08:07.282+0300][gc,phases   ] GC(0)   Merge Heap Roots: 0.2ms
[2025-05-17T12:08:07.282+0300][gc,phases   ] GC(0)   Evacuate Collection Set: 9.9ms
[2025-05-17T12:08:07.282+0300][gc,phases   ] GC(0)   Post Evacuate Collection Set: 1.0ms
[2025-05-17T12:08:07.282+0300][gc,phases   ] GC(0)   Other: 1.3ms
[2025-05-17T12:08:07.282+0300][gc,heap     ] GC(0) Eden regions: 51->0(44)
[2025-05-17T12:08:07.282+0300][gc,heap     ] GC(0) Survivor regions: 0->7(7)
[2025-05-17T12:08:07.282+0300][gc,heap     ] GC(0) Old regions: 0->2
[2025-05-17T12:08:07.282+0300][gc,heap     ] GC(0) Archive regions: 2->2
[2025-05-17T12:08:07.282+0300][gc,heap     ] GC(0) Humongous regions: 0->0
[2025-05-17T12:08:07.282+0300][gc,metaspace] GC(0) Metaspace: 17016K(17216K)->17016K(17216K) NonClass: 14947K(15040K)->14947K(15040K) Class: 2068K(2176K)->2068K(2176K)
[2025-05-17T12:08:07.282+0300][gc          ] GC(0) Pause Young (Normal) (G1 Evacuation Pause) 51M->9M(1024M) 12.768ms
[2025-05-17T12:08:07.282+0300][gc,cpu      ] GC(0) User=0.05s Sys=0.02s Real=0.01s
[2025-05-17T12:08:07.556+0300][gc,start    ] GC(1) Pause Young (Concurrent Start) (Metadata GC Threshold)
[2025-05-17T12:08:07.556+0300][gc,task     ] GC(1) Using 8 workers of 8 for evacuation
[2025-05-17T12:08:07.566+0300][gc,phases   ] GC(1)   Pre Evacuate Collection Set: 0.3ms
[2025-05-17T12:08:07.566+0300][gc,phases   ] GC(1)   Merge Heap Roots: 0.2ms
[2025-05-17T12:08:07.566+0300][gc,phases   ] GC(1)   Evacuate Collection Set: 8.0ms
[2025-05-17T12:08:07.566+0300][gc,phases   ] GC(1)   Post Evacuate Collection Set: 0.8ms
[2025-05-17T12:08:07.566+0300][gc,phases   ] GC(1)   Other: 0.2ms
[2025-05-17T12:08:07.566+0300][gc,heap     ] GC(1) Eden regions: 14->0(49)
[2025-05-17T12:08:07.566+0300][gc,heap     ] GC(1) Survivor regions: 7->2(7)
[2025-05-17T12:08:07.566+0300][gc,heap     ] GC(1) Old regions: 2->8
[2025-05-17T12:08:07.566+0300][gc,heap     ] GC(1) Archive regions: 2->2
[2025-05-17T12:08:07.566+0300][gc,heap     ] GC(1) Humongous regions: 0->0
[2025-05-17T12:08:07.566+0300][gc,metaspace] GC(1) Metaspace: 21264K(21504K)->21264K(21504K) NonClass: 18632K(18752K)->18632K(18752K) Class: 2632K(2752K)->2632K(2752K)
[2025-05-17T12:08:07.566+0300][gc          ] GC(1) Pause Young (Concurrent Start) (Metadata GC Threshold) 22M->10M(1024M) 9.645ms
[2025-05-17T12:08:07.566+0300][gc,cpu      ] GC(1) User=0.06s Sys=0.01s Real=0.01s
[2025-05-17T12:08:07.566+0300][gc          ] GC(2) Concurrent Mark Cycle
[2025-05-17T12:08:07.566+0300][gc,marking  ] GC(2) Concurrent Clear Claimed Marks
[2025-05-17T12:08:07.566+0300][gc,marking  ] GC(2) Concurrent Clear Claimed Marks 0.066ms
[2025-05-17T12:08:07.566+0300][gc,marking  ] GC(2) Concurrent Scan Root Regions
[2025-05-17T12:08:07.569+0300][gc,marking  ] GC(2) Concurrent Scan Root Regions 2.827ms
[2025-05-17T12:08:07.569+0300][gc,marking  ] GC(2) Concurrent Mark
[2025-05-17T12:08:07.569+0300][gc,marking  ] GC(2) Concurrent Mark From Roots
[2025-05-17T12:08:07.569+0300][gc,task     ] GC(2) Using 2 workers of 2 for marking
[2025-05-17T12:08:07.571+0300][gc,marking  ] GC(2) Concurrent Mark From Roots 2.616ms
[2025-05-17T12:08:07.572+0300][gc,marking  ] GC(2) Concurrent Preclean
[2025-05-17T12:08:07.572+0300][gc,marking  ] GC(2) Concurrent Preclean 0.211ms
[2025-05-17T12:08:07.572+0300][gc,start    ] GC(2) Pause Remark
[2025-05-17T12:08:07.574+0300][gc          ] GC(2) Pause Remark 10M->10M(1024M) 2.490ms
[2025-05-17T12:08:07.575+0300][gc,cpu      ] GC(2) User=0.01s Sys=0.00s Real=0.01s
[2025-05-17T12:08:07.575+0300][gc,marking  ] GC(2) Concurrent Mark 5.754ms
[2025-05-17T12:08:07.575+0300][gc,marking  ] GC(2) Concurrent Rebuild Remembered Sets
[2025-05-17T12:08:07.575+0300][gc,marking  ] GC(2) Concurrent Rebuild Remembered Sets 0.009ms
[2025-05-17T12:08:07.575+0300][gc,start    ] GC(2) Pause Cleanup
[2025-05-17T12:08:07.575+0300][gc          ] GC(2) Pause Cleanup 10M->10M(1024M) 0.042ms
[2025-05-17T12:08:07.575+0300][gc,cpu      ] GC(2) User=0.00s Sys=0.00s Real=0.00s
[2025-05-17T12:08:07.575+0300][gc,marking  ] GC(2) Concurrent Cleanup for Next Mark
[2025-05-17T12:08:07.582+0300][gc,marking  ] GC(2) Concurrent Cleanup for Next Mark 7.128ms
[2025-05-17T12:08:07.582+0300][gc          ] GC(2) Concurrent Mark Cycle 16.332ms
[2025-05-17T12:08:08.538+0300][gc,start    ] GC(3) Pause Young (Normal) (G1 Evacuation Pause)
[2025-05-17T12:08:08.538+0300][gc,task     ] GC(3) Using 8 workers of 8 for evacuation
[2025-05-17T12:08:08.544+0300][gc,phases   ] GC(3)   Pre Evacuate Collection Set: 0.3ms
[2025-05-17T12:08:08.544+0300][gc,phases   ] GC(3)   Merge Heap Roots: 0.2ms
[2025-05-17T12:08:08.544+0300][gc,phases   ] GC(3)   Evacuate Collection Set: 4.6ms
[2025-05-17T12:08:08.544+0300][gc,phases   ] GC(3)   Post Evacuate Collection Set: 1.2ms
[2025-05-17T12:08:08.544+0300][gc,phases   ] GC(3)   Other: 0.1ms
[2025-05-17T12:08:08.544+0300][gc,heap     ] GC(3) Eden regions: 49->0(45)
[2025-05-17T12:08:08.544+0300][gc,heap     ] GC(3) Survivor regions: 2->6(7)
[2025-05-17T12:08:08.544+0300][gc,heap     ] GC(3) Old regions: 8->8
[2025-05-17T12:08:08.544+0300][gc,heap     ] GC(3) Archive regions: 2->2
[2025-05-17T12:08:08.544+0300][gc,heap     ] GC(3) Humongous regions: 9->9
[2025-05-17T12:08:08.544+0300][gc,metaspace] GC(3) Metaspace: 33514K(33984K)->33514K(33984K) NonClass: 29569K(29824K)->29569K(29824K) Class: 3945K(4160K)->3945K(4160K)
[2025-05-17T12:08:08.544+0300][gc          ] GC(3) Pause Young (Normal) (G1 Evacuation Pause) 68M->23M(1024M) 6.528ms
[2025-05-17T12:08:08.544+0300][gc,cpu      ] GC(3) User=0.04s Sys=0.00s Real=0.01s
[2025-05-17T12:08:08.668+0300][gc,start    ] GC(4) Pause Young (Concurrent Start) (Metadata GC Threshold)
[2025-05-17T12:08:08.668+0300][gc,task     ] GC(4) Using 8 workers of 8 for evacuation
[2025-05-17T12:08:08.676+0300][gc,phases   ] GC(4)   Pre Evacuate Collection Set: 0.2ms
[2025-05-17T12:08:08.676+0300][gc,phases   ] GC(4)   Merge Heap Roots: 0.2ms
[2025-05-17T12:08:08.676+0300][gc,phases   ] GC(4)   Evacuate Collection Set: 6.5ms
[2025-05-17T12:08:08.676+0300][gc,phases   ] GC(4)   Post Evacuate Collection Set: 1.0ms
[2025-05-17T12:08:08.676+0300][gc,phases   ] GC(4)   Other: 0.2ms
[2025-05-17T12:08:08.676+0300][gc,heap     ] GC(4) Eden regions: 11->0(49)
[2025-05-17T12:08:08.676+0300][gc,heap     ] GC(4) Survivor regions: 6->2(7)
[2025-05-17T12:08:08.676+0300][gc,heap     ] GC(4) Old regions: 8->14
[2025-05-17T12:08:08.676+0300][gc,heap     ] GC(4) Archive regions: 2->2
[2025-05-17T12:08:08.676+0300][gc,heap     ] GC(4) Humongous regions: 9->9
[2025-05-17T12:08:08.676+0300][gc,metaspace] GC(4) Metaspace: 35484K(35968K)->35484K(35968K) NonClass: 31290K(31552K)->31290K(31552K) Class: 4194K(4416K)->4194K(4416K)
[2025-05-17T12:08:08.676+0300][gc          ] GC(4) Pause Young (Concurrent Start) (Metadata GC Threshold) 33M->24M(1024M) 8.328ms
[2025-05-17T12:08:08.676+0300][gc,cpu      ] GC(4) User=0.02s Sys=0.05s Real=0.01s
[2025-05-17T12:08:08.676+0300][gc          ] GC(5) Concurrent Mark Cycle
[2025-05-17T12:08:08.676+0300][gc,marking  ] GC(5) Concurrent Clear Claimed Marks
[2025-05-17T12:08:08.676+0300][gc,marking  ] GC(5) Concurrent Clear Claimed Marks 0.066ms
[2025-05-17T12:08:08.676+0300][gc,marking  ] GC(5) Concurrent Scan Root Regions
[2025-05-17T12:08:08.680+0300][gc,marking  ] GC(5) Concurrent Scan Root Regions 4.309ms
[2025-05-17T12:08:08.681+0300][gc,marking  ] GC(5) Concurrent Mark
[2025-05-17T12:08:08.681+0300][gc,marking  ] GC(5) Concurrent Mark From Roots
[2025-05-17T12:08:08.681+0300][gc,task     ] GC(5) Using 2 workers of 2 for marking
[2025-05-17T12:08:08.689+0300][gc,marking  ] GC(5) Concurrent Mark From Roots 8.798ms
[2025-05-17T12:08:08.689+0300][gc,marking  ] GC(5) Concurrent Preclean
[2025-05-17T12:08:08.690+0300][gc,marking  ] GC(5) Concurrent Preclean 0.254ms
[2025-05-17T12:08:08.690+0300][gc,start    ] GC(5) Pause Remark
[2025-05-17T12:08:08.693+0300][gc          ] GC(5) Pause Remark 25M->25M(1024M) 2.910ms
[2025-05-17T12:08:08.693+0300][gc,cpu      ] GC(5) User=0.02s Sys=0.00s Real=0.00s
[2025-05-17T12:08:08.693+0300][gc,marking  ] GC(5) Concurrent Mark 12.765ms
[2025-05-17T12:08:08.693+0300][gc,marking  ] GC(5) Concurrent Rebuild Remembered Sets
[2025-05-17T12:08:08.702+0300][gc,marking  ] GC(5) Concurrent Rebuild Remembered Sets 9.011ms
[2025-05-17T12:08:08.703+0300][gc,start    ] GC(5) Pause Cleanup
[2025-05-17T12:08:08.703+0300][gc          ] GC(5) Pause Cleanup 26M->26M(1024M) 0.316ms
[2025-05-17T12:08:08.703+0300][gc,cpu      ] GC(5) User=0.00s Sys=0.00s Real=0.00s
[2025-05-17T12:08:08.703+0300][gc,marking  ] GC(5) Concurrent Cleanup for Next Mark
[2025-05-17T12:08:08.706+0300][gc,marking  ] GC(5) Concurrent Cleanup for Next Mark 2.653ms
[2025-05-17T12:08:08.706+0300][gc          ] GC(5) Concurrent Mark Cycle 30.113ms
[2025-05-17T12:08:09.654+0300][gc,start    ] GC(6) Pause Young (Prepare Mixed) (G1 Evacuation Pause)
[2025-05-17T12:08:09.654+0300][gc,task     ] GC(6) Using 8 workers of 8 for evacuation
[2025-05-17T12:08:09.663+0300][gc,phases   ] GC(6)   Pre Evacuate Collection Set: 0.3ms
[2025-05-17T12:08:09.663+0300][gc,phases   ] GC(6)   Merge Heap Roots: 0.1ms
[2025-05-17T12:08:09.663+0300][gc,phases   ] GC(6)   Evacuate Collection Set: 7.3ms
[2025-05-17T12:08:09.663+0300][gc,phases   ] GC(6)   Post Evacuate Collection Set: 0.9ms
[2025-05-17T12:08:09.663+0300][gc,phases   ] GC(6)   Other: 0.3ms
[2025-05-17T12:08:09.663+0300][gc,heap     ] GC(6) Eden regions: 49->0(44)
[2025-05-17T12:08:09.663+0300][gc,heap     ] GC(6) Survivor regions: 2->7(7)
[2025-05-17T12:08:09.663+0300][gc,heap     ] GC(6) Old regions: 14->16
[2025-05-17T12:08:09.663+0300][gc,heap     ] GC(6) Archive regions: 2->2
[2025-05-17T12:08:09.663+0300][gc,heap     ] GC(6) Humongous regions: 138->138
[2025-05-17T12:08:09.663+0300][gc,metaspace] GC(6) Metaspace: 43924K(44544K)->43924K(44544K) NonClass: 38762K(39104K)->38762K(39104K) Class: 5161K(5440K)->5161K(5440K)
[2025-05-17T12:08:09.663+0300][gc          ] GC(6) Pause Young (Prepare Mixed) (G1 Evacuation Pause) 202M->161M(1024M) 8.924ms
[2025-05-17T12:08:09.663+0300][gc,cpu      ] GC(6) User=0.05s Sys=0.00s Real=0.00s
[2025-05-17T12:14:42.883+0300][gc,start    ] GC(7) Pause Young (Mixed) (G1 Evacuation Pause)
[2025-05-17T12:14:42.883+0300][gc,task     ] GC(7) Using 8 workers of 8 for evacuation
[2025-05-17T12:14:42.896+0300][gc,phases   ] GC(7)   Pre Evacuate Collection Set: 0.3ms
[2025-05-17T12:14:42.896+0300][gc,phases   ] GC(7)   Merge Heap Roots: 0.2ms
[2025-05-17T12:14:42.896+0300][gc,phases   ] GC(7)   Evacuate Collection Set: 11.0ms
[2025-05-17T12:14:42.896+0300][gc,phases   ] GC(7)   Post Evacuate Collection Set: 1.2ms
[2025-05-17T12:14:42.896+0300][gc,phases   ] GC(7)   Other: 0.2ms
[2025-05-17T12:14:42.896+0300][gc,heap     ] GC(7) Eden regions: 44->0(49)
[2025-05-17T12:14:42.896+0300][gc,heap     ] GC(7) Survivor regions: 7->2(7)
[2025-05-17T12:14:42.896+0300][gc,heap     ] GC(7) Old regions: 16->23
[2025-05-17T12:14:42.896+0300][gc,heap     ] GC(7) Archive regions: 2->2
[2025-05-17T12:14:42.896+0300][gc,heap     ] GC(7) Humongous regions: 138->138
[2025-05-17T12:14:42.896+0300][gc,metaspace] GC(7) Metaspace: 50050K(50816K)->50050K(50816K) NonClass: 44168K(44544K)->44168K(44544K) Class: 5881K(6272K)->5881K(6272K)
[2025-05-17T12:14:42.896+0300][gc          ] GC(7) Pause Young (Mixed) (G1 Evacuation Pause) 205M->163M(1024M) 12.991ms
[2025-05-17T12:14:42.896+0300][gc,cpu      ] GC(7) User=0.07s Sys=0.02s Real=0.01s
[2025-05-17T12:26:29.082+0300][gc,start    ] GC(8) Pause Young (Normal) (G1 Evacuation Pause)
[2025-05-17T12:26:29.082+0300][gc,task     ] GC(8) Using 8 workers of 8 for evacuation
[2025-05-17T12:26:29.085+0300][gc,phases   ] GC(8)   Pre Evacuate Collection Set: 0.3ms
[2025-05-17T12:26:29.085+0300][gc,phases   ] GC(8)   Merge Heap Roots: 0.2ms
[2025-05-17T12:26:29.085+0300][gc,phases   ] GC(8)   Evacuate Collection Set: 2.2ms
[2025-05-17T12:26:29.085+0300][gc,phases   ] GC(8)   Post Evacuate Collection Set: 0.8ms
[2025-05-17T12:26:29.085+0300][gc,phases   ] GC(8)   Other: 0.2ms
[2025-05-17T12:26:29.085+0300][gc,heap     ] GC(8) Eden regions: 49->0(48)
[2025-05-17T12:26:29.085+0300][gc,heap     ] GC(8) Survivor regions: 2->3(7)
[2025-05-17T12:26:29.085+0300][gc,heap     ] GC(8) Old regions: 23->23
[2025-05-17T12:26:29.085+0300][gc,heap     ] GC(8) Archive regions: 2->2
[2025-05-17T12:26:29.085+0300][gc,heap     ] GC(8) Humongous regions: 138->138
[2025-05-17T12:26:29.085+0300][gc,metaspace] GC(8) Metaspace: 50482K(51328K)->50482K(51328K) NonClass: 44598K(45056K)->44598K(45056K) Class: 5884K(6272K)->5884K(6272K)
[2025-05-17T12:26:29.085+0300][gc          ] GC(8) Pause Young (Normal) (G1 Evacuation Pause) 212M->163M(1024M) 3.734ms
[2025-05-17T12:26:29.085+0300][gc,cpu      ] GC(8) User=0.02s Sys=0.00s Real=0.01s
[2025-05-17T12:37:58.299+0300][gc,start    ] GC(9) Pause Young (Normal) (G1 Evacuation Pause)
[2025-05-17T12:37:58.299+0300][gc,task     ] GC(9) Using 8 workers of 8 for evacuation
[2025-05-17T12:37:58.303+0300][gc,phases   ] GC(9)   Pre Evacuate Collection Set: 0.2ms
[2025-05-17T12:37:58.303+0300][gc,phases   ] GC(9)   Merge Heap Roots: 0.2ms
[2025-05-17T12:37:58.303+0300][gc,phases   ] GC(9)   Evacuate Collection Set: 2.4ms
[2025-05-17T12:37:58.303+0300][gc,phases   ] GC(9)   Post Evacuate Collection Set: 1.4ms
[2025-05-17T12:37:58.303+0300][gc,phases   ] GC(9)   Other: 0.2ms
[2025-05-17T12:37:58.303+0300][gc,heap     ] GC(9) Eden regions: 48->0(57)
[2025-05-17T12:37:58.303+0300][gc,heap     ] GC(9) Survivor regions: 3->3(7)
[2025-05-17T12:37:58.303+0300][gc,heap     ] GC(9) Old regions: 23->23
[2025-05-17T12:37:58.303+0300][gc,heap     ] GC(9) Archive regions: 2->2
[2025-05-17T12:37:58.303+0300][gc,heap     ] GC(9) Humongous regions: 138->138
[2025-05-17T12:37:58.303+0300][gc,metaspace] GC(9) Metaspace: 50689K(51520K)->50689K(51520K) NonClass: 44797K(45248K)->44797K(45248K) Class: 5892K(6272K)->5892K(6272K)
[2025-05-17T12:37:58.303+0300][gc          ] GC(9) Pause Young (Normal) (G1 Evacuation Pause) 211M->164M(1024M) 4.498ms
[2025-05-17T12:37:58.303+0300][gc,cpu      ] GC(9) User=0.02s Sys=0.00s Real=0.01s
[2025-05-17T12:52:25.576+0300][gc,start    ] GC(10) Pause Young (Normal) (G1 Evacuation Pause)
[2025-05-17T12:52:25.576+0300][gc,task     ] GC(10) Using 8 workers of 8 for evacuation
[2025-05-17T12:52:25.594+0300][gc,phases   ] GC(10)   Pre Evacuate Collection Set: 0.6ms
[2025-05-17T12:52:25.594+0300][gc,phases   ] GC(10)   Merge Heap Roots: 0.8ms
[2025-05-17T12:52:25.594+0300][gc,phases   ] GC(10)   Evacuate Collection Set: 11.9ms
[2025-05-17T12:52:25.594+0300][gc,phases   ] GC(10)   Post Evacuate Collection Set: 4.4ms
[2025-05-17T12:52:25.594+0300][gc,phases   ] GC(10)   Other: 0.4ms
[2025-05-17T12:52:25.594+0300][gc,heap     ] GC(10) Eden regions: 57->0(64)
[2025-05-17T12:52:25.594+0300][gc,heap     ] GC(10) Survivor regions: 3->4(8)
[2025-05-17T12:52:25.594+0300][gc,heap     ] GC(10) Old regions: 23->23
[2025-05-17T12:52:25.594+0300][gc,heap     ] GC(10) Archive regions: 2->2
[2025-05-17T12:52:25.594+0300][gc,heap     ] GC(10) Humongous regions: 138->138
[2025-05-17T12:52:25.594+0300][gc,metaspace] GC(10) Metaspace: 50754K(51520K)->50754K(51520K) NonClass: 44862K(45248K)->44862K(45248K) Class: 5892K(6272K)->5892K(6272K)
[2025-05-17T12:52:25.594+0300][gc          ] GC(10) Pause Young (Normal) (G1 Evacuation Pause) 221M->164M(1024M) 18.276ms
[2025-05-17T12:52:25.594+0300][gc,cpu      ] GC(10) User=0.09s Sys=0.01s Real=0.02s
[2025-05-17T13:09:04.888+0300][gc,start    ] GC(11) Pause Young (Normal) (G1 Evacuation Pause)
[2025-05-17T13:09:04.888+0300][gc,task     ] GC(11) Using 8 workers of 8 for evacuation
[2025-05-17T13:09:04.897+0300][gc,phases   ] GC(11)   Pre Evacuate Collection Set: 0.2ms
[2025-05-17T13:09:04.897+0300][gc,phases   ] GC(11)   Merge Heap Roots: 0.2ms
[2025-05-17T13:09:04.897+0300][gc,phases   ] GC(11)   Evacuate Collection Set: 6.6ms
[2025-05-17T13:09:04.897+0300][gc,phases   ] GC(11)   Post Evacuate Collection Set: 1.5ms
[2025-05-17T13:09:04.897+0300][gc,phases   ] GC(11)   Other: 0.1ms
[2025-05-17T13:09:04.897+0300][gc,heap     ] GC(11) Eden regions: 64->0(160)
[2025-05-17T13:09:04.897+0300][gc,heap     ] GC(11) Survivor regions: 4->5(9)
[2025-05-17T13:09:04.897+0300][gc,heap     ] GC(11) Old regions: 23->23
[2025-05-17T13:09:04.897+0300][gc,heap     ] GC(11) Archive regions: 2->2
[2025-05-17T13:09:04.897+0300][gc,heap     ] GC(11) Humongous regions: 138->138
[2025-05-17T13:09:04.897+0300][gc,metaspace] GC(11) Metaspace: 50831K(51648K)->50831K(51648K) NonClass: 44939K(45376K)->44939K(45376K) Class: 5892K(6272K)->5892K(6272K)
[2025-05-17T13:09:04.897+0300][gc          ] GC(11) Pause Young (Normal) (G1 Evacuation Pause) 228M->165M(1024M) 8.808ms
[2025-05-17T13:09:04.897+0300][gc,cpu      ] GC(11) User=0.01s Sys=0.05s Real=0.01s
[2025-05-17T13:52:10.875+0300][gc,start    ] GC(12) Pause Young (Normal) (G1 Evacuation Pause)
[2025-05-17T13:52:10.876+0300][gc,task     ] GC(12) Using 8 workers of 8 for evacuation
[2025-05-17T13:52:10.894+0300][gc,phases   ] GC(12)   Pre Evacuate Collection Set: 0.5ms
[2025-05-17T13:52:10.894+0300][gc,phases   ] GC(12)   Merge Heap Roots: 0.5ms
[2025-05-17T13:52:10.894+0300][gc,phases   ] GC(12)   Evacuate Collection Set: 13.9ms
[2025-05-17T13:52:10.894+0300][gc,phases   ] GC(12)   Post Evacuate Collection Set: 3.5ms
[2025-05-17T13:52:10.894+0300][gc,phases   ] GC(12)   Other: 0.5ms
[2025-05-17T13:52:10.895+0300][gc,heap     ] GC(12) Eden regions: 160->0(108)
[2025-05-17T13:52:10.895+0300][gc,heap     ] GC(12) Survivor regions: 5->5(21)
[2025-05-17T13:52:10.895+0300][gc,heap     ] GC(12) Old regions: 23->23
[2025-05-17T13:52:10.895+0300][gc,heap     ] GC(12) Archive regions: 2->2
[2025-05-17T13:52:10.895+0300][gc,heap     ] GC(12) Humongous regions: 147->147
[2025-05-17T13:52:10.895+0300][gc,metaspace] GC(12) Metaspace: 51076K(51968K)->51076K(51968K) NonClass: 45152K(45632K)->45152K(45632K) Class: 5923K(6336K)->5923K(6336K)
[2025-05-17T13:52:10.895+0300][gc          ] GC(12) Pause Young (Normal) (G1 Evacuation Pause) 334M->174M(1024M) 19.248ms
[2025-05-17T13:52:10.895+0300][gc,cpu      ] GC(12) User=0.10s Sys=0.02s Real=0.02s
[2025-05-17T14:21:19.620+0300][gc,start    ] GC(13) Pause Young (Normal) (G1 Evacuation Pause)
[2025-05-17T14:21:19.620+0300][gc,task     ] GC(13) Using 8 workers of 8 for evacuation
[2025-05-17T14:21:19.635+0300][gc,phases   ] GC(13)   Pre Evacuate Collection Set: 0.6ms
[2025-05-17T14:21:19.635+0300][gc,phases   ] GC(13)   Merge Heap Roots: 0.5ms
[2025-05-17T14:21:19.635+0300][gc,phases   ] GC(13)   Evacuate Collection Set: 9.7ms
[2025-05-17T14:21:19.635+0300][gc,phases   ] GC(13)   Post Evacuate Collection Set: 3.9ms
[2025-05-17T14:21:19.635+0300][gc,phases   ] GC(13)   Other: 0.4ms
[2025-05-17T14:21:19.635+0300][gc,heap     ] GC(13) Eden regions: 108->0(159)
[2025-05-17T14:21:19.635+0300][gc,heap     ] GC(13) Survivor regions: 5->5(15)
[2025-05-17T14:21:19.635+0300][gc,heap     ] GC(13) Old regions: 23->23
[2025-05-17T14:21:19.635+0300][gc,heap     ] GC(13) Archive regions: 2->2
[2025-05-17T14:21:19.635+0300][gc,heap     ] GC(13) Humongous regions: 147->147
[2025-05-17T14:21:19.635+0300][gc,metaspace] GC(13) Metaspace: 51208K(52032K)->51208K(52032K) NonClass: 45270K(45696K)->45270K(45696K) Class: 5937K(6336K)->5937K(6336K)
[2025-05-17T14:21:19.635+0300][gc          ] GC(13) Pause Young (Normal) (G1 Evacuation Pause) 282M->174M(1024M) 15.494ms
[2025-05-17T14:21:19.635+0300][gc,cpu      ] GC(13) User=0.09s Sys=0.00s Real=0.02s
[2025-05-17T15:00:30.119+0300][gc,start    ] GC(14) Pause Young (Normal) (G1 Evacuation Pause)
[2025-05-17T15:00:30.119+0300][gc,task     ] GC(14) Using 8 workers of 8 for evacuation
[2025-05-17T15:00:30.128+0300][gc,phases   ] GC(14)   Pre Evacuate Collection Set: 0.2ms
[2025-05-17T15:00:30.128+0300][gc,phases   ] GC(14)   Merge Heap Roots: 0.2ms
[2025-05-17T15:00:30.128+0300][gc,phases   ] GC(14)   Evacuate Collection Set: 6.5ms
[2025-05-17T15:00:30.128+0300][gc,phases   ] GC(14)   Post Evacuate Collection Set: 1.9ms
[2025-05-17T15:00:30.128+0300][gc,phases   ] GC(14)   Other: 0.2ms
[2025-05-17T15:00:30.128+0300][gc,heap     ] GC(14) Eden regions: 159->0(204)
[2025-05-17T15:00:30.128+0300][gc,heap     ] GC(14) Survivor regions: 5->6(21)
[2025-05-17T15:00:30.128+0300][gc,heap     ] GC(14) Old regions: 23->23
[2025-05-17T15:00:30.128+0300][gc,heap     ] GC(14) Archive regions: 2->2
[2025-05-17T15:00:30.128+0300][gc,heap     ] GC(14) Humongous regions: 147->147
[2025-05-17T15:00:30.128+0300][gc,metaspace] GC(14) Metaspace: 51796K(52608K)->51796K(52608K) NonClass: 45824K(46272K)->45824K(46272K) Class: 5972K(6336K)->5972K(6336K)
[2025-05-17T15:00:30.128+0300][gc          ] GC(14) Pause Young (Normal) (G1 Evacuation Pause) 333M->175M(1024M) 9.128ms
[2025-05-17T15:00:30.128+0300][gc,cpu      ] GC(14) User=0.06s Sys=0.00s Real=0.01s
[2025-05-17T15:13:31.852+0300][gc,heap,exit] Heap
[2025-05-17T15:13:31.852+0300][gc,heap,exit]  garbage-first heap   total 1048576K, used 301833K [0x00000000c0000000, 0x0000000100000000)
[2025-05-17T15:13:31.852+0300][gc,heap,exit]   region size 1024K, 126 young (129024K), 6 survivors (6144K)
[2025-05-17T15:13:31.852+0300][gc,heap,exit]  Metaspace       used 53154K, committed 54016K, reserved 1114112K
[2025-05-17T15:13:31.852+0300][gc,heap,exit]   class space    used 6204K, committed 6592K, reserved 1048576K
