[2025-05-17T16:28:52.868+0300][gc] Using G1
[2025-05-17T16:28:52.878+0300][gc,init] Version: 17.0.15+6-Ubuntu-0ubuntu124.04 (release)
[2025-05-17T16:28:52.878+0300][gc,init] CPUs: 8 total, 8 available
[2025-05-17T16:28:52.878+0300][gc,init] Memory: 7850M
[2025-05-17T16:28:52.878+0300][gc,init] Large Page Support: Disabled
[2025-05-17T16:28:52.878+0300][gc,init] NUMA Support: Disabled
[2025-05-17T16:28:52.878+0300][gc,init] Compressed Oops: Enabled (32-bit)
[2025-05-17T16:28:52.878+0300][gc,init] Heap Region Size: 1M
[2025-05-17T16:28:52.878+0300][gc,init] Heap Min Capacity: 1G
[2025-05-17T16:28:52.878+0300][gc,init] Heap Initial Capacity: 1G
[2025-05-17T16:28:52.878+0300][gc,init] Heap Max Capacity: 1G
[2025-05-17T16:28:52.878+0300][gc,init] Pre-touch: Disabled
[2025-05-17T16:28:52.878+0300][gc,init] Parallel Workers: 8
[2025-05-17T16:28:52.878+0300][gc,init] Concurrent Workers: 2
[2025-05-17T16:28:52.878+0300][gc,init] Concurrent Refinement Workers: 8
[2025-05-17T16:28:52.878+0300][gc,init] Periodic GC: Disabled
[2025-05-17T16:28:52.887+0300][gc,metaspace] CDS archive(s) mapped at: [0x00007f2d27000000-0x00007f2d27bc7000-0x00007f2d27bc7000), size 12349440, SharedBaseAddress: 0x00007f2d27000000, ArchiveRelocationMode: 1.
[2025-05-17T16:28:52.887+0300][gc,metaspace] Compressed class space mapped at: 0x00007f2d28000000-0x00007f2d68000000, reserved size: 1073741824
[2025-05-17T16:28:52.887+0300][gc,metaspace] Narrow klass base: 0x00007f2d27000000, Narrow klass shift: 0, Narrow klass range: 0x100000000
[2025-05-17T16:28:54.781+0300][gc,start    ] GC(0) Pause Young (Normal) (G1 Evacuation Pause)
[2025-05-17T16:28:54.783+0300][gc,task     ] GC(0) Using 8 workers of 8 for evacuation
[2025-05-17T16:28:54.798+0300][gc,phases   ] GC(0)   Pre Evacuate Collection Set: 0.3ms
[2025-05-17T16:28:54.798+0300][gc,phases   ] GC(0)   Merge Heap Roots: 0.2ms
[2025-05-17T16:28:54.798+0300][gc,phases   ] GC(0)   Evacuate Collection Set: 13.2ms
[2025-05-17T16:28:54.798+0300][gc,phases   ] GC(0)   Post Evacuate Collection Set: 1.2ms
[2025-05-17T16:28:54.798+0300][gc,phases   ] GC(0)   Other: 1.5ms
[2025-05-17T16:28:54.798+0300][gc,heap     ] GC(0) Eden regions: 51->0(44)
[2025-05-17T16:28:54.798+0300][gc,heap     ] GC(0) Survivor regions: 0->7(7)
[2025-05-17T16:28:54.798+0300][gc,heap     ] GC(0) Old regions: 0->1
[2025-05-17T16:28:54.798+0300][gc,heap     ] GC(0) Archive regions: 2->2
[2025-05-17T16:28:54.798+0300][gc,heap     ] GC(0) Humongous regions: 0->0
[2025-05-17T16:28:54.798+0300][gc,metaspace] GC(0) Metaspace: 17047K(17216K)->17047K(17216K) NonClass: 14981K(15040K)->14981K(15040K) Class: 2066K(2176K)->2066K(2176K)
[2025-05-17T16:28:54.798+0300][gc          ] GC(0) Pause Young (Normal) (G1 Evacuation Pause) 51M->8M(1024M) 16.515ms
[2025-05-17T16:28:54.798+0300][gc,cpu      ] GC(0) User=0.06s Sys=0.04s Real=0.01s
[2025-05-17T16:28:55.177+0300][gc,start    ] GC(1) Pause Young (Concurrent Start) (Metadata GC Threshold)
[2025-05-17T16:28:55.177+0300][gc,task     ] GC(1) Using 8 workers of 8 for evacuation
[2025-05-17T16:28:55.187+0300][gc,phases   ] GC(1)   Pre Evacuate Collection Set: 0.2ms
[2025-05-17T16:28:55.187+0300][gc,phases   ] GC(1)   Merge Heap Roots: 0.2ms
[2025-05-17T16:28:55.187+0300][gc,phases   ] GC(1)   Evacuate Collection Set: 8.4ms
[2025-05-17T16:28:55.187+0300][gc,phases   ] GC(1)   Post Evacuate Collection Set: 0.8ms
[2025-05-17T16:28:55.187+0300][gc,phases   ] GC(1)   Other: 0.3ms
[2025-05-17T16:28:55.187+0300][gc,heap     ] GC(1) Eden regions: 14->0(49)
[2025-05-17T16:28:55.187+0300][gc,heap     ] GC(1) Survivor regions: 7->2(7)
[2025-05-17T16:28:55.187+0300][gc,heap     ] GC(1) Old regions: 1->8
[2025-05-17T16:28:55.187+0300][gc,heap     ] GC(1) Archive regions: 2->2
[2025-05-17T16:28:55.187+0300][gc,heap     ] GC(1) Humongous regions: 0->0
[2025-05-17T16:28:55.187+0300][gc,metaspace] GC(1) Metaspace: 21295K(21504K)->21295K(21504K) NonClass: 18663K(18752K)->18663K(18752K) Class: 2632K(2752K)->2632K(2752K)
[2025-05-17T16:28:55.187+0300][gc          ] GC(1) Pause Young (Concurrent Start) (Metadata GC Threshold) 22M->9M(1024M) 10.126ms
[2025-05-17T16:28:55.187+0300][gc,cpu      ] GC(1) User=0.05s Sys=0.02s Real=0.01s
[2025-05-17T16:28:55.187+0300][gc          ] GC(2) Concurrent Mark Cycle
[2025-05-17T16:28:55.187+0300][gc,marking  ] GC(2) Concurrent Clear Claimed Marks
[2025-05-17T16:28:55.187+0300][gc,marking  ] GC(2) Concurrent Clear Claimed Marks 0.044ms
[2025-05-17T16:28:55.187+0300][gc,marking  ] GC(2) Concurrent Scan Root Regions
[2025-05-17T16:28:55.191+0300][gc,marking  ] GC(2) Concurrent Scan Root Regions 4.261ms
[2025-05-17T16:28:55.192+0300][gc,marking  ] GC(2) Concurrent Mark
[2025-05-17T16:28:55.192+0300][gc,marking  ] GC(2) Concurrent Mark From Roots
[2025-05-17T16:28:55.192+0300][gc,task     ] GC(2) Using 2 workers of 2 for marking
[2025-05-17T16:28:55.195+0300][gc,marking  ] GC(2) Concurrent Mark From Roots 3.854ms
[2025-05-17T16:28:55.195+0300][gc,marking  ] GC(2) Concurrent Preclean
[2025-05-17T16:28:55.196+0300][gc,marking  ] GC(2) Concurrent Preclean 0.158ms
[2025-05-17T16:28:55.196+0300][gc,start    ] GC(2) Pause Remark
[2025-05-17T16:28:55.198+0300][gc          ] GC(2) Pause Remark 10M->10M(1024M) 2.708ms
[2025-05-17T16:28:55.199+0300][gc,cpu      ] GC(2) User=0.01s Sys=0.00s Real=0.00s
[2025-05-17T16:28:55.199+0300][gc,marking  ] GC(2) Concurrent Mark 7.101ms
[2025-05-17T16:28:55.199+0300][gc,marking  ] GC(2) Concurrent Rebuild Remembered Sets
[2025-05-17T16:28:55.202+0300][gc,marking  ] GC(2) Concurrent Rebuild Remembered Sets 3.734ms
[2025-05-17T16:28:55.203+0300][gc,start    ] GC(2) Pause Cleanup
[2025-05-17T16:28:55.203+0300][gc          ] GC(2) Pause Cleanup 10M->10M(1024M) 0.340ms
[2025-05-17T16:28:55.203+0300][gc,cpu      ] GC(2) User=0.00s Sys=0.00s Real=0.00s
[2025-05-17T16:28:55.203+0300][gc,marking  ] GC(2) Concurrent Cleanup for Next Mark
[2025-05-17T16:28:55.209+0300][gc,marking  ] GC(2) Concurrent Cleanup for Next Mark 5.540ms
[2025-05-17T16:28:55.209+0300][gc          ] GC(2) Concurrent Mark Cycle 21.771ms
[2025-05-17T16:28:56.346+0300][gc,start    ] GC(3) Pause Young (Normal) (G1 Evacuation Pause)
[2025-05-17T16:28:56.347+0300][gc,task     ] GC(3) Using 8 workers of 8 for evacuation
[2025-05-17T16:28:56.352+0300][gc,phases   ] GC(3)   Pre Evacuate Collection Set: 0.2ms
[2025-05-17T16:28:56.352+0300][gc,phases   ] GC(3)   Merge Heap Roots: 0.2ms
[2025-05-17T16:28:56.352+0300][gc,phases   ] GC(3)   Evacuate Collection Set: 3.5ms
[2025-05-17T16:28:56.352+0300][gc,phases   ] GC(3)   Post Evacuate Collection Set: 1.1ms
[2025-05-17T16:28:56.352+0300][gc,phases   ] GC(3)   Other: 0.2ms
[2025-05-17T16:28:56.352+0300][gc,heap     ] GC(3) Eden regions: 49->0(45)
[2025-05-17T16:28:56.352+0300][gc,heap     ] GC(3) Survivor regions: 2->6(7)
[2025-05-17T16:28:56.352+0300][gc,heap     ] GC(3) Old regions: 8->8
[2025-05-17T16:28:56.352+0300][gc,heap     ] GC(3) Archive regions: 2->2
[2025-05-17T16:28:56.352+0300][gc,heap     ] GC(3) Humongous regions: 0->0
[2025-05-17T16:28:56.352+0300][gc,metaspace] GC(3) Metaspace: 30937K(31296K)->30937K(31296K) NonClass: 27312K(27520K)->27312K(27520K) Class: 3625K(3776K)->3625K(3776K)
[2025-05-17T16:28:56.352+0300][gc          ] GC(3) Pause Young (Normal) (G1 Evacuation Pause) 58M->13M(1024M) 5.370ms
[2025-05-17T16:28:56.352+0300][gc,cpu      ] GC(3) User=0.03s Sys=0.00s Real=0.01s
[2025-05-17T16:28:56.964+0300][gc,start    ] GC(4) Pause Young (Concurrent Start) (Metadata GC Threshold)
[2025-05-17T16:28:56.964+0300][gc,task     ] GC(4) Using 8 workers of 8 for evacuation
[2025-05-17T16:28:56.981+0300][gc,phases   ] GC(4)   Pre Evacuate Collection Set: 0.3ms
[2025-05-17T16:28:56.981+0300][gc,phases   ] GC(4)   Merge Heap Roots: 0.1ms
[2025-05-17T16:28:56.981+0300][gc,phases   ] GC(4)   Evacuate Collection Set: 15.0ms
[2025-05-17T16:28:56.981+0300][gc,phases   ] GC(4)   Post Evacuate Collection Set: 1.1ms
[2025-05-17T16:28:56.981+0300][gc,phases   ] GC(4)   Other: 0.3ms
[2025-05-17T16:28:56.981+0300][gc,heap     ] GC(4) Eden regions: 23->0(49)
[2025-05-17T16:28:56.981+0300][gc,heap     ] GC(4) Survivor regions: 6->2(7)
[2025-05-17T16:28:56.981+0300][gc,heap     ] GC(4) Old regions: 8->13
[2025-05-17T16:28:56.981+0300][gc,heap     ] GC(4) Archive regions: 2->2
[2025-05-17T16:28:56.981+0300][gc,heap     ] GC(4) Humongous regions: 9->9
[2025-05-17T16:28:56.981+0300][gc,metaspace] GC(4) Metaspace: 35606K(36096K)->35606K(36096K) NonClass: 31438K(31680K)->31438K(31680K) Class: 4168K(4416K)->4168K(4416K)
[2025-05-17T16:28:56.981+0300][gc          ] GC(4) Pause Young (Concurrent Start) (Metadata GC Threshold) 44M->24M(1024M) 17.054ms
[2025-05-17T16:28:56.981+0300][gc,cpu      ] GC(4) User=0.13s Sys=0.01s Real=0.02s
[2025-05-17T16:28:56.981+0300][gc          ] GC(5) Concurrent Mark Cycle
[2025-05-17T16:28:56.981+0300][gc,marking  ] GC(5) Concurrent Clear Claimed Marks
[2025-05-17T16:28:56.982+0300][gc,marking  ] GC(5) Concurrent Clear Claimed Marks 1.077ms
[2025-05-17T16:28:56.983+0300][gc,marking  ] GC(5) Concurrent Scan Root Regions
[2025-05-17T16:28:56.988+0300][gc,marking  ] GC(5) Concurrent Scan Root Regions 5.800ms
[2025-05-17T16:28:56.988+0300][gc,marking  ] GC(5) Concurrent Mark
[2025-05-17T16:28:56.988+0300][gc,marking  ] GC(5) Concurrent Mark From Roots
[2025-05-17T16:28:56.988+0300][gc,task     ] GC(5) Using 2 workers of 2 for marking
[2025-05-17T16:28:57.006+0300][gc,marking  ] GC(5) Concurrent Mark From Roots 17.812ms
[2025-05-17T16:28:57.006+0300][gc,marking  ] GC(5) Concurrent Preclean
[2025-05-17T16:28:57.007+0300][gc,marking  ] GC(5) Concurrent Preclean 0.238ms
[2025-05-17T16:28:57.007+0300][gc,start    ] GC(5) Pause Remark
[2025-05-17T16:28:57.010+0300][gc          ] GC(5) Pause Remark 25M->25M(1024M) 3.266ms
[2025-05-17T16:28:57.010+0300][gc,cpu      ] GC(5) User=0.03s Sys=0.00s Real=0.01s
[2025-05-17T16:28:57.011+0300][gc,marking  ] GC(5) Concurrent Mark 22.162ms
[2025-05-17T16:28:57.011+0300][gc,marking  ] GC(5) Concurrent Rebuild Remembered Sets
[2025-05-17T16:28:57.023+0300][gc,marking  ] GC(5) Concurrent Rebuild Remembered Sets 12.496ms
[2025-05-17T16:28:57.024+0300][gc,start    ] GC(5) Pause Cleanup
[2025-05-17T16:28:57.024+0300][gc          ] GC(5) Pause Cleanup 26M->26M(1024M) 0.367ms
[2025-05-17T16:28:57.024+0300][gc,cpu      ] GC(5) User=0.00s Sys=0.00s Real=0.00s
[2025-05-17T16:28:57.024+0300][gc,marking  ] GC(5) Concurrent Cleanup for Next Mark
[2025-05-17T16:28:57.051+0300][gc,marking  ] GC(5) Concurrent Cleanup for Next Mark 27.064ms
[2025-05-17T16:28:57.051+0300][gc          ] GC(5) Concurrent Mark Cycle 70.146ms
[2025-05-17T16:28:58.345+0300][gc,start    ] GC(6) Pause Young (Normal) (G1 Evacuation Pause)
[2025-05-17T16:28:58.345+0300][gc,task     ] GC(6) Using 8 workers of 8 for evacuation
[2025-05-17T16:28:58.356+0300][gc,phases   ] GC(6)   Pre Evacuate Collection Set: 0.3ms
[2025-05-17T16:28:58.356+0300][gc,phases   ] GC(6)   Merge Heap Roots: 0.1ms
[2025-05-17T16:28:58.356+0300][gc,phases   ] GC(6)   Evacuate Collection Set: 9.0ms
[2025-05-17T16:28:58.356+0300][gc,phases   ] GC(6)   Post Evacuate Collection Set: 1.3ms
[2025-05-17T16:28:58.356+0300][gc,phases   ] GC(6)   Other: 0.2ms
[2025-05-17T16:28:58.356+0300][gc,heap     ] GC(6) Eden regions: 49->0(44)
[2025-05-17T16:28:58.356+0300][gc,heap     ] GC(6) Survivor regions: 2->7(7)
[2025-05-17T16:28:58.356+0300][gc,heap     ] GC(6) Old regions: 13->15
[2025-05-17T16:28:58.356+0300][gc,heap     ] GC(6) Archive regions: 2->2
[2025-05-17T16:28:58.356+0300][gc,heap     ] GC(6) Humongous regions: 9->9
[2025-05-17T16:28:58.356+0300][gc,metaspace] GC(6) Metaspace: 44291K(44928K)->44291K(44928K) NonClass: 39127K(39488K)->39127K(39488K) Class: 5163K(5440K)->5163K(5440K)
[2025-05-17T16:28:58.356+0300][gc          ] GC(6) Pause Young (Normal) (G1 Evacuation Pause) 73M->31M(1024M) 11.138ms
[2025-05-17T16:28:58.356+0300][gc,cpu      ] GC(6) User=0.09s Sys=0.00s Real=0.01s
[2025-05-17T16:34:23.052+0300][gc,start    ] GC(7) Pause Young (Normal) (G1 Evacuation Pause)
[2025-05-17T16:34:23.052+0300][gc,task     ] GC(7) Using 8 workers of 8 for evacuation
[2025-05-17T16:34:23.066+0300][gc,phases   ] GC(7)   Pre Evacuate Collection Set: 0.6ms
[2025-05-17T16:34:23.066+0300][gc,phases   ] GC(7)   Merge Heap Roots: 0.4ms
[2025-05-17T16:34:23.066+0300][gc,phases   ] GC(7)   Evacuate Collection Set: 11.8ms
[2025-05-17T16:34:23.066+0300][gc,phases   ] GC(7)   Post Evacuate Collection Set: 1.3ms
[2025-05-17T16:34:23.066+0300][gc,phases   ] GC(7)   Other: 0.2ms
[2025-05-17T16:34:23.066+0300][gc,heap     ] GC(7) Eden regions: 44->0(48)
[2025-05-17T16:34:23.066+0300][gc,heap     ] GC(7) Survivor regions: 7->3(7)
[2025-05-17T16:34:23.066+0300][gc,heap     ] GC(7) Old regions: 15->22
[2025-05-17T16:34:23.066+0300][gc,heap     ] GC(7) Archive regions: 2->2
[2025-05-17T16:34:23.066+0300][gc,heap     ] GC(7) Humongous regions: 138->138
[2025-05-17T16:34:23.066+0300][gc,metaspace] GC(7) Metaspace: 51003K(51840K)->51003K(51840K) NonClass: 44921K(45376K)->44921K(45376K) Class: 6081K(6464K)->6081K(6464K)
[2025-05-17T16:34:23.066+0300][gc          ] GC(7) Pause Young (Normal) (G1 Evacuation Pause) 204M->163M(1024M) 14.572ms
[2025-05-17T16:34:23.066+0300][gc,cpu      ] GC(7) User=0.00s Sys=0.09s Real=0.01s
[2025-05-17T16:45:53.500+0300][gc,start    ] GC(8) Pause Young (Normal) (G1 Evacuation Pause)
[2025-05-17T16:45:53.500+0300][gc,task     ] GC(8) Using 8 workers of 8 for evacuation
[2025-05-17T16:45:53.507+0300][gc,phases   ] GC(8)   Pre Evacuate Collection Set: 0.4ms
[2025-05-17T16:45:53.507+0300][gc,phases   ] GC(8)   Merge Heap Roots: 0.5ms
[2025-05-17T16:45:53.507+0300][gc,phases   ] GC(8)   Evacuate Collection Set: 4.6ms
[2025-05-17T16:45:53.507+0300][gc,phases   ] GC(8)   Post Evacuate Collection Set: 1.2ms
[2025-05-17T16:45:53.507+0300][gc,phases   ] GC(8)   Other: 0.2ms
[2025-05-17T16:45:53.507+0300][gc,heap     ] GC(8) Eden regions: 48->0(47)
[2025-05-17T16:45:53.507+0300][gc,heap     ] GC(8) Survivor regions: 3->4(7)
[2025-05-17T16:45:53.507+0300][gc,heap     ] GC(8) Old regions: 22->22
[2025-05-17T16:45:53.507+0300][gc,heap     ] GC(8) Archive regions: 2->2
[2025-05-17T16:45:53.507+0300][gc,heap     ] GC(8) Humongous regions: 138->138
[2025-05-17T16:45:53.507+0300][gc,metaspace] GC(8) Metaspace: 51434K(52352K)->51434K(52352K) NonClass: 45348K(45824K)->45348K(45824K) Class: 6085K(6528K)->6085K(6528K)
[2025-05-17T16:45:53.507+0300][gc          ] GC(8) Pause Young (Normal) (G1 Evacuation Pause) 211M->163M(1024M) 7.075ms
[2025-05-17T16:45:53.507+0300][gc,cpu      ] GC(8) User=0.04s Sys=0.00s Real=0.01s
[2025-05-17T16:48:22.571+0300][gc,start    ] GC(9) Pause Young (Normal) (G1 Evacuation Pause)
[2025-05-17T16:48:22.571+0300][gc,task     ] GC(9) Using 8 workers of 8 for evacuation
[2025-05-17T16:48:22.578+0300][gc,phases   ] GC(9)   Pre Evacuate Collection Set: 0.3ms
[2025-05-17T16:48:22.578+0300][gc,phases   ] GC(9)   Merge Heap Roots: 0.3ms
[2025-05-17T16:48:22.578+0300][gc,phases   ] GC(9)   Evacuate Collection Set: 4.6ms
[2025-05-17T16:48:22.578+0300][gc,phases   ] GC(9)   Post Evacuate Collection Set: 2.2ms
[2025-05-17T16:48:22.578+0300][gc,phases   ] GC(9)   Other: 0.2ms
[2025-05-17T16:48:22.578+0300][gc,heap     ] GC(9) Eden regions: 47->0(45)
[2025-05-17T16:48:22.578+0300][gc,heap     ] GC(9) Survivor regions: 4->6(7)
[2025-05-17T16:48:22.578+0300][gc,heap     ] GC(9) Old regions: 22->22
[2025-05-17T16:48:22.578+0300][gc,heap     ] GC(9) Archive regions: 2->2
[2025-05-17T16:48:22.578+0300][gc,heap     ] GC(9) Humongous regions: 140->140
[2025-05-17T16:48:22.578+0300][gc,metaspace] GC(9) Metaspace: 54365K(55360K)->54365K(55360K) NonClass: 47923K(48448K)->47923K(48448K) Class: 6442K(6912K)->6442K(6912K)
[2025-05-17T16:48:22.578+0300][gc          ] GC(9) Pause Young (Normal) (G1 Evacuation Pause) 212M->167M(1024M) 7.770ms
[2025-05-17T16:48:22.579+0300][gc,cpu      ] GC(9) User=0.04s Sys=0.00s Real=0.01s
[2025-05-17T16:52:55.683+0300][gc,start    ] GC(10) Pause Young (Normal) (G1 Evacuation Pause)
[2025-05-17T16:52:55.683+0300][gc,task     ] GC(10) Using 8 workers of 8 for evacuation
[2025-05-17T16:52:55.691+0300][gc,phases   ] GC(10)   Pre Evacuate Collection Set: 0.2ms
[2025-05-17T16:52:55.691+0300][gc,phases   ] GC(10)   Merge Heap Roots: 0.2ms
[2025-05-17T16:52:55.691+0300][gc,phases   ] GC(10)   Evacuate Collection Set: 6.5ms
[2025-05-17T16:52:55.691+0300][gc,phases   ] GC(10)   Post Evacuate Collection Set: 1.0ms
[2025-05-17T16:52:55.691+0300][gc,phases   ] GC(10)   Other: 0.2ms
[2025-05-17T16:52:55.691+0300][gc,heap     ] GC(10) Eden regions: 45->0(45)
[2025-05-17T16:52:55.691+0300][gc,heap     ] GC(10) Survivor regions: 6->6(7)
[2025-05-17T16:52:55.691+0300][gc,heap     ] GC(10) Old regions: 22->24
[2025-05-17T16:52:55.691+0300][gc,heap     ] GC(10) Archive regions: 2->2
[2025-05-17T16:52:55.691+0300][gc,heap     ] GC(10) Humongous regions: 140->140
[2025-05-17T16:52:55.691+0300][gc,metaspace] GC(10) Metaspace: 54886K(55872K)->54886K(55872K) NonClass: 48443K(48960K)->48443K(48960K) Class: 6443K(6912K)->6443K(6912K)
[2025-05-17T16:52:55.691+0300][gc          ] GC(10) Pause Young (Normal) (G1 Evacuation Pause) 212M->169M(1024M) 8.247ms
[2025-05-17T16:52:55.691+0300][gc,cpu      ] GC(10) User=0.00s Sys=0.05s Real=0.01s
[2025-05-17T16:57:31.572+0300][gc,start    ] GC(11) Pause Young (Normal) (G1 Evacuation Pause)
[2025-05-17T16:57:31.572+0300][gc,task     ] GC(11) Using 8 workers of 8 for evacuation
[2025-05-17T16:57:31.582+0300][gc,phases   ] GC(11)   Pre Evacuate Collection Set: 0.3ms
[2025-05-17T16:57:31.582+0300][gc,phases   ] GC(11)   Merge Heap Roots: 0.2ms
[2025-05-17T16:57:31.582+0300][gc,phases   ] GC(11)   Evacuate Collection Set: 8.0ms
[2025-05-17T16:57:31.582+0300][gc,phases   ] GC(11)   Post Evacuate Collection Set: 1.0ms
[2025-05-17T16:57:31.582+0300][gc,phases   ] GC(11)   Other: 0.2ms
[2025-05-17T16:57:31.582+0300][gc,heap     ] GC(11) Eden regions: 45->0(97)
[2025-05-17T16:57:31.582+0300][gc,heap     ] GC(11) Survivor regions: 6->3(7)
[2025-05-17T16:57:31.582+0300][gc,heap     ] GC(11) Old regions: 24->27
[2025-05-17T16:57:31.582+0300][gc,heap     ] GC(11) Archive regions: 2->2
[2025-05-17T16:57:31.582+0300][gc,heap     ] GC(11) Humongous regions: 140->140
[2025-05-17T16:57:31.582+0300][gc,metaspace] GC(11) Metaspace: 54933K(55936K)->54933K(55936K) NonClass: 48489K(49024K)->48489K(49024K) Class: 6444K(6912K)->6444K(6912K)
[2025-05-17T16:57:31.582+0300][gc          ] GC(11) Pause Young (Normal) (G1 Evacuation Pause) 214M->170M(1024M) 9.844ms
[2025-05-17T16:57:31.582+0300][gc,cpu      ] GC(11) User=0.03s Sys=0.04s Real=0.01s
[2025-05-17T17:07:50.557+0300][gc,start    ] GC(12) Pause Young (Normal) (G1 Evacuation Pause)
[2025-05-17T17:07:50.557+0300][gc,task     ] GC(12) Using 8 workers of 8 for evacuation
[2025-05-17T17:07:50.575+0300][gc,phases   ] GC(12)   Pre Evacuate Collection Set: 0.3ms
[2025-05-17T17:07:50.575+0300][gc,phases   ] GC(12)   Merge Heap Roots: 0.2ms
[2025-05-17T17:07:50.575+0300][gc,phases   ] GC(12)   Evacuate Collection Set: 16.6ms
[2025-05-17T17:07:50.575+0300][gc,phases   ] GC(12)   Post Evacuate Collection Set: 1.0ms
[2025-05-17T17:07:50.575+0300][gc,phases   ] GC(12)   Other: 0.3ms
[2025-05-17T17:07:50.575+0300][gc,heap     ] GC(12) Eden regions: 97->0(85)
[2025-05-17T17:07:50.575+0300][gc,heap     ] GC(12) Survivor regions: 3->6(13)
[2025-05-17T17:07:50.575+0300][gc,heap     ] GC(12) Old regions: 27->27
[2025-05-17T17:07:50.575+0300][gc,heap     ] GC(12) Archive regions: 2->2
[2025-05-17T17:07:50.575+0300][gc,heap     ] GC(12) Humongous regions: 140->140
[2025-05-17T17:07:50.575+0300][gc,metaspace] GC(12) Metaspace: 55032K(56064K)->55032K(56064K) NonClass: 48582K(49152K)->48582K(49152K) Class: 6450K(6912K)->6450K(6912K)
[2025-05-17T17:07:50.575+0300][gc          ] GC(12) Pause Young (Normal) (G1 Evacuation Pause) 267M->172M(1024M) 18.512ms
[2025-05-17T17:07:50.575+0300][gc,cpu      ] GC(12) User=0.03s Sys=0.10s Real=0.02s
[2025-05-17T17:17:04.286+0300][gc,start    ] GC(13) Pause Young (Normal) (G1 Evacuation Pause)
[2025-05-17T17:17:04.286+0300][gc,task     ] GC(13) Using 8 workers of 8 for evacuation
[2025-05-17T17:17:04.292+0300][gc,phases   ] GC(13)   Pre Evacuate Collection Set: 0.2ms
[2025-05-17T17:17:04.292+0300][gc,phases   ] GC(13)   Merge Heap Roots: 0.3ms
[2025-05-17T17:17:04.292+0300][gc,phases   ] GC(13)   Evacuate Collection Set: 4.8ms
[2025-05-17T17:17:04.292+0300][gc,phases   ] GC(13)   Post Evacuate Collection Set: 0.8ms
[2025-05-17T17:17:04.292+0300][gc,phases   ] GC(13)   Other: 0.2ms
[2025-05-17T17:17:04.292+0300][gc,heap     ] GC(13) Eden regions: 85->0(118)
[2025-05-17T17:17:04.292+0300][gc,heap     ] GC(13) Survivor regions: 6->8(12)
[2025-05-17T17:17:04.292+0300][gc,heap     ] GC(13) Old regions: 27->27
[2025-05-17T17:17:04.292+0300][gc,heap     ] GC(13) Archive regions: 2->2
[2025-05-17T17:17:04.292+0300][gc,heap     ] GC(13) Humongous regions: 140->140
[2025-05-17T17:17:04.292+0300][gc,metaspace] GC(13) Metaspace: 55071K(56064K)->55071K(56064K) NonClass: 48621K(49152K)->48621K(49152K) Class: 6450K(6912K)->6450K(6912K)
[2025-05-17T17:17:04.292+0300][gc          ] GC(13) Pause Young (Normal) (G1 Evacuation Pause) 257M->175M(1024M) 6.380ms
[2025-05-17T17:17:04.292+0300][gc,cpu      ] GC(13) User=0.02s Sys=0.01s Real=0.01s
[2025-05-17T17:29:34.132+0300][gc,start    ] GC(14) Pause Young (Normal) (G1 Evacuation Pause)
[2025-05-17T17:29:34.132+0300][gc,task     ] GC(14) Using 8 workers of 8 for evacuation
[2025-05-17T17:29:34.153+0300][gc,mmu      ] GC(14) MMU target violated: 20.4ms (20.0ms/21.0ms)
[2025-05-17T17:29:34.153+0300][gc,phases   ] GC(14)   Pre Evacuate Collection Set: 0.6ms
[2025-05-17T17:29:34.153+0300][gc,phases   ] GC(14)   Merge Heap Roots: 0.2ms
[2025-05-17T17:29:34.153+0300][gc,phases   ] GC(14)   Evacuate Collection Set: 18.3ms
[2025-05-17T17:29:34.153+0300][gc,phases   ] GC(14)   Post Evacuate Collection Set: 1.5ms
[2025-05-17T17:29:34.153+0300][gc,phases   ] GC(14)   Other: 0.7ms
[2025-05-17T17:29:34.153+0300][gc,heap     ] GC(14) Eden regions: 118->0(91)
[2025-05-17T17:29:34.153+0300][gc,heap     ] GC(14) Survivor regions: 8->12(16)
[2025-05-17T17:29:34.153+0300][gc,heap     ] GC(14) Old regions: 27->27
[2025-05-17T17:29:34.153+0300][gc,heap     ] GC(14) Archive regions: 2->2
[2025-05-17T17:29:34.153+0300][gc,heap     ] GC(14) Humongous regions: 140->140
[2025-05-17T17:29:34.153+0300][gc,metaspace] GC(14) Metaspace: 55095K(56064K)->55095K(56064K) NonClass: 48644K(49152K)->48644K(49152K) Class: 6450K(6912K)->6450K(6912K)
[2025-05-17T17:29:34.153+0300][gc          ] GC(14) Pause Young (Normal) (G1 Evacuation Pause) 293M->179M(1024M) 21.403ms
[2025-05-17T17:29:34.153+0300][gc,cpu      ] GC(14) User=0.10s Sys=0.02s Real=0.02s
[2025-05-17T17:39:13.511+0300][gc,start    ] GC(15) Pause Young (Normal) (G1 Evacuation Pause)
[2025-05-17T17:39:13.511+0300][gc,task     ] GC(15) Using 8 workers of 8 for evacuation
[2025-05-17T17:39:13.546+0300][gc,mmu      ] GC(15) MMU target violated: 21.0ms (20.0ms/21.0ms)
[2025-05-17T17:39:13.547+0300][gc,phases   ] GC(15)   Pre Evacuate Collection Set: 0.3ms
[2025-05-17T17:39:13.547+0300][gc,phases   ] GC(15)   Merge Heap Roots: 0.2ms
[2025-05-17T17:39:13.547+0300][gc,phases   ] GC(15)   Evacuate Collection Set: 33.8ms
[2025-05-17T17:39:13.547+0300][gc,phases   ] GC(15)   Post Evacuate Collection Set: 1.0ms
[2025-05-17T17:39:13.547+0300][gc,phases   ] GC(15)   Other: 0.4ms
[2025-05-17T17:39:13.547+0300][gc,heap     ] GC(15) Eden regions: 91->0(44)
[2025-05-17T17:39:13.547+0300][gc,heap     ] GC(15) Survivor regions: 12->10(13)
[2025-05-17T17:39:13.547+0300][gc,heap     ] GC(15) Old regions: 27->33
[2025-05-17T17:39:13.547+0300][gc,heap     ] GC(15) Archive regions: 2->2
[2025-05-17T17:39:13.547+0300][gc,heap     ] GC(15) Humongous regions: 149->149
[2025-05-17T17:39:13.547+0300][gc,metaspace] GC(15) Metaspace: 55344K(56320K)->55344K(56320K) NonClass: 48861K(49344K)->48861K(49344K) Class: 6483K(6976K)->6483K(6976K)
[2025-05-17T17:39:13.547+0300][gc          ] GC(15) Pause Young (Normal) (G1 Evacuation Pause) 279M->192M(1024M) 35.985ms
[2025-05-17T17:39:13.547+0300][gc,cpu      ] GC(15) User=0.14s Sys=0.06s Real=0.04s
[2025-05-17T17:43:36.607+0300][gc,start    ] GC(16) Pause Young (Normal) (G1 Evacuation Pause)
[2025-05-17T17:43:36.607+0300][gc,task     ] GC(16) Using 8 workers of 8 for evacuation
[2025-05-17T17:43:36.622+0300][gc,phases   ] GC(16)   Pre Evacuate Collection Set: 0.3ms
[2025-05-17T17:43:36.622+0300][gc,phases   ] GC(16)   Merge Heap Roots: 0.2ms
[2025-05-17T17:43:36.622+0300][gc,phases   ] GC(16)   Evacuate Collection Set: 13.3ms
[2025-05-17T17:43:36.622+0300][gc,phases   ] GC(16)   Post Evacuate Collection Set: 1.0ms
[2025-05-17T17:43:36.622+0300][gc,phases   ] GC(16)   Other: 0.3ms
[2025-05-17T17:43:36.622+0300][gc,heap     ] GC(16) Eden regions: 42->0(159)
[2025-05-17T17:43:36.622+0300][gc,heap     ] GC(16) Survivor regions: 10->3(7)
[2025-05-17T17:43:36.622+0300][gc,heap     ] GC(16) Old regions: 33->41
[2025-05-17T17:43:36.622+0300][gc,heap     ] GC(16) Archive regions: 2->2
[2025-05-17T17:43:36.622+0300][gc,heap     ] GC(16) Humongous regions: 149->149
[2025-05-17T17:43:36.622+0300][gc,metaspace] GC(16) Metaspace: 55371K(56384K)->55371K(56384K) NonClass: 48887K(49408K)->48887K(49408K) Class: 6483K(6976K)->6483K(6976K)
[2025-05-17T17:43:36.622+0300][gc          ] GC(16) Pause Young (Normal) (G1 Evacuation Pause) 234M->192M(1024M) 15.191ms
[2025-05-17T17:43:36.622+0300][gc,cpu      ] GC(16) User=0.07s Sys=0.02s Real=0.01s
[2025-05-17T18:01:01.601+0300][gc,start    ] GC(17) Pause Young (Normal) (G1 Evacuation Pause)
[2025-05-17T18:01:01.601+0300][gc,task     ] GC(17) Using 8 workers of 8 for evacuation
[2025-05-17T18:01:01.616+0300][gc,phases   ] GC(17)   Pre Evacuate Collection Set: 0.3ms
[2025-05-17T18:01:01.616+0300][gc,phases   ] GC(17)   Merge Heap Roots: 0.2ms
[2025-05-17T18:01:01.616+0300][gc,phases   ] GC(17)   Evacuate Collection Set: 10.4ms
[2025-05-17T18:01:01.616+0300][gc,phases   ] GC(17)   Post Evacuate Collection Set: 4.2ms
[2025-05-17T18:01:01.616+0300][gc,phases   ] GC(17)   Other: 0.3ms
[2025-05-17T18:01:01.616+0300][gc,heap     ] GC(17) Eden regions: 159->0(137)
[2025-05-17T18:01:01.616+0300][gc,heap     ] GC(17) Survivor regions: 3->7(21)
[2025-05-17T18:01:01.616+0300][gc,heap     ] GC(17) Old regions: 41->41
[2025-05-17T18:01:01.616+0300][gc,heap     ] GC(17) Archive regions: 2->2
[2025-05-17T18:01:01.616+0300][gc,heap     ] GC(17) Humongous regions: 149->149
[2025-05-17T18:01:01.616+0300][gc,metaspace] GC(17) Metaspace: 55403K(56448K)->55403K(56448K) NonClass: 48919K(49472K)->48919K(49472K) Class: 6483K(6976K)->6483K(6976K)
[2025-05-17T18:01:01.617+0300][gc          ] GC(17) Pause Young (Normal) (G1 Evacuation Pause) 351M->196M(1024M) 15.623ms
[2025-05-17T18:01:01.617+0300][gc,cpu      ] GC(17) User=0.07s Sys=0.00s Real=0.02s
[2025-05-17T18:16:41.118+0300][gc,start    ] GC(18) Pause Young (Normal) (G1 Evacuation Pause)
[2025-05-17T18:16:41.118+0300][gc,task     ] GC(18) Using 8 workers of 8 for evacuation
[2025-05-17T18:16:41.126+0300][gc,phases   ] GC(18)   Pre Evacuate Collection Set: 0.3ms
[2025-05-17T18:16:41.126+0300][gc,phases   ] GC(18)   Merge Heap Roots: 0.3ms
[2025-05-17T18:16:41.126+0300][gc,phases   ] GC(18)   Evacuate Collection Set: 6.7ms
[2025-05-17T18:16:41.126+0300][gc,phases   ] GC(18)   Post Evacuate Collection Set: 0.8ms
[2025-05-17T18:16:41.126+0300][gc,phases   ] GC(18)   Other: 0.2ms
[2025-05-17T18:16:41.126+0300][gc,heap     ] GC(18) Eden regions: 137->0(88)
[2025-05-17T18:16:41.126+0300][gc,heap     ] GC(18) Survivor regions: 7->12(18)
[2025-05-17T18:16:41.126+0300][gc,heap     ] GC(18) Old regions: 41->41
[2025-05-17T18:16:41.126+0300][gc,heap     ] GC(18) Archive regions: 2->2
[2025-05-17T18:16:41.126+0300][gc,heap     ] GC(18) Humongous regions: 149->149
[2025-05-17T18:16:41.126+0300][gc,metaspace] GC(18) Metaspace: 55429K(56448K)->55429K(56448K) NonClass: 48946K(49472K)->48946K(49472K) Class: 6483K(6976K)->6483K(6976K)
[2025-05-17T18:16:41.126+0300][gc          ] GC(18) Pause Young (Normal) (G1 Evacuation Pause) 333M->201M(1024M) 8.375ms
[2025-05-17T18:16:41.126+0300][gc,cpu      ] GC(18) User=0.06s Sys=0.00s Real=0.01s
[2025-05-17T18:25:34.970+0300][gc,start    ] GC(19) Pause Young (Normal) (G1 Evacuation Pause)
[2025-05-17T18:25:34.970+0300][gc,task     ] GC(19) Using 8 workers of 8 for evacuation
[2025-05-17T18:25:34.994+0300][gc,mmu      ] GC(19) MMU target violated: 21.0ms (20.0ms/21.0ms)
[2025-05-17T18:25:34.994+0300][gc,phases   ] GC(19)   Pre Evacuate Collection Set: 0.2ms
[2025-05-17T18:25:34.994+0300][gc,phases   ] GC(19)   Merge Heap Roots: 0.2ms
[2025-05-17T18:25:34.994+0300][gc,phases   ] GC(19)   Evacuate Collection Set: 22.8ms
[2025-05-17T18:25:34.994+0300][gc,phases   ] GC(19)   Post Evacuate Collection Set: 1.0ms
[2025-05-17T18:25:34.994+0300][gc,phases   ] GC(19)   Other: 0.3ms
[2025-05-17T18:25:34.994+0300][gc,heap     ] GC(19) Eden regions: 88->0(192)
[2025-05-17T18:25:34.994+0300][gc,heap     ] GC(19) Survivor regions: 12->7(13)
[2025-05-17T18:25:34.994+0300][gc,heap     ] GC(19) Old regions: 41->46
[2025-05-17T18:25:34.994+0300][gc,heap     ] GC(19) Archive regions: 2->2
[2025-05-17T18:25:34.994+0300][gc,heap     ] GC(19) Humongous regions: 149->149
[2025-05-17T18:25:34.994+0300][gc,metaspace] GC(19) Metaspace: 55992K(57024K)->55992K(57024K) NonClass: 49377K(49856K)->49377K(49856K) Class: 6614K(7168K)->6614K(7168K)
[2025-05-17T18:25:34.994+0300][gc          ] GC(19) Pause Young (Normal) (G1 Evacuation Pause) 289M->202M(1024M) 24.694ms
[2025-05-17T18:25:34.994+0300][gc,cpu      ] GC(19) User=0.12s Sys=0.02s Real=0.02s
[2025-05-17T18:25:35.151+0300][gc,heap,exit] Heap
[2025-05-17T18:25:35.151+0300][gc,heap,exit]  garbage-first heap   total 1048576K, used 213348K [0x00000000c0000000, 0x0000000100000000)
[2025-05-17T18:25:35.151+0300][gc,heap,exit]   region size 1024K, 13 young (13312K), 7 survivors (7168K)
[2025-05-17T18:25:35.151+0300][gc,heap,exit]  Metaspace       used 56109K, committed 57152K, reserved 1114112K
[2025-05-17T18:25:35.151+0300][gc,heap,exit]   class space    used 6650K, committed 7168K, reserved 1048576K
