[2025-05-29T17:06:50.270+0300][gc] Using G1
[2025-05-29T17:06:50.370+0300][gc,init] Version: 17.0.15+6-Ubuntu-0ubuntu124.04 (release)
[2025-05-29T17:06:50.370+0300][gc,init] CPUs: 8 total, 8 available
[2025-05-29T17:06:50.371+0300][gc,init] Memory: 7846M
[2025-05-29T17:06:50.371+0300][gc,init] Large Page Support: Disabled
[2025-05-29T17:06:50.371+0300][gc,init] NUMA Support: Disabled
[2025-05-29T17:06:50.371+0300][gc,init] Compressed Oops: Enabled (32-bit)
[2025-05-29T17:06:50.371+0300][gc,init] Heap Region Size: 1M
[2025-05-29T17:06:50.371+0300][gc,init] Heap Min Capacity: 1G
[2025-05-29T17:06:50.371+0300][gc,init] Heap Initial Capacity: 1G
[2025-05-29T17:06:50.371+0300][gc,init] Heap Max Capacity: 1G
[2025-05-29T17:06:50.371+0300][gc,init] Pre-touch: Disabled
[2025-05-29T17:06:50.371+0300][gc,init] Parallel Workers: 8
[2025-05-29T17:06:50.371+0300][gc,init] Concurrent Workers: 2
[2025-05-29T17:06:50.371+0300][gc,init] Concurrent Refinement Workers: 8
[2025-05-29T17:06:50.371+0300][gc,init] Periodic GC: Disabled
[2025-05-29T17:06:50.407+0300][gc,metaspace] CDS archive(s) mapped at: [0x00007f16e3000000-0x00007f16e3bc7000-0x00007f16e3bc7000), size 12349440, SharedBaseAddress: 0x00007f16e3000000, ArchiveRelocationMode: 1.
[2025-05-29T17:06:50.407+0300][gc,metaspace] Compressed class space mapped at: 0x00007f16e4000000-0x00007f1724000000, reserved size: 1073741824
[2025-05-29T17:06:50.407+0300][gc,metaspace] Narrow klass base: 0x00007f16e3000000, Narrow klass shift: 0, Narrow klass range: 0x100000000
[2025-05-29T17:06:56.032+0300][gc,start    ] GC(0) Pause Young (Normal) (G1 Evacuation Pause)
[2025-05-29T17:06:56.044+0300][gc,task     ] GC(0) Using 8 workers of 8 for evacuation
[2025-05-29T17:06:56.154+0300][gc,mmu      ] GC(0) MMU target violated: 21.0ms (20.0ms/21.0ms)
[2025-05-29T17:06:56.154+0300][gc,phases   ] GC(0)   Pre Evacuate Collection Set: 11.2ms
[2025-05-29T17:06:56.154+0300][gc,phases   ] GC(0)   Merge Heap Roots: 0.4ms
[2025-05-29T17:06:56.155+0300][gc,phases   ] GC(0)   Evacuate Collection Set: 96.9ms
[2025-05-29T17:06:56.155+0300][gc,phases   ] GC(0)   Post Evacuate Collection Set: 1.4ms
[2025-05-29T17:06:56.155+0300][gc,phases   ] GC(0)   Other: 12.7ms
[2025-05-29T17:06:56.155+0300][gc,heap     ] GC(0) Eden regions: 51->0(44)
[2025-05-29T17:06:56.155+0300][gc,heap     ] GC(0) Survivor regions: 0->7(7)
[2025-05-29T17:06:56.155+0300][gc,heap     ] GC(0) Old regions: 0->2
[2025-05-29T17:06:56.155+0300][gc,heap     ] GC(0) Archive regions: 2->2
[2025-05-29T17:06:56.155+0300][gc,heap     ] GC(0) Humongous regions: 0->0
[2025-05-29T17:06:56.155+0300][gc,metaspace] GC(0) Metaspace: 16909K(17152K)->16909K(17152K) NonClass: 14844K(14976K)->14844K(14976K) Class: 2065K(2176K)->2065K(2176K)
[2025-05-29T17:06:56.155+0300][gc          ] GC(0) Pause Young (Normal) (G1 Evacuation Pause) 51M->8M(1024M) 122.746ms
[2025-05-29T17:06:56.155+0300][gc,cpu      ] GC(0) User=0.14s Sys=0.10s Real=0.13s
[2025-05-29T17:06:57.606+0300][gc,start    ] GC(1) Pause Young (Concurrent Start) (Metadata GC Threshold)
[2025-05-29T17:06:57.606+0300][gc,task     ] GC(1) Using 8 workers of 8 for evacuation
[2025-05-29T17:06:57.675+0300][gc,mmu      ] GC(1) MMU target violated: 21.0ms (20.0ms/21.0ms)
[2025-05-29T17:06:57.675+0300][gc,phases   ] GC(1)   Pre Evacuate Collection Set: 4.4ms
[2025-05-29T17:06:57.675+0300][gc,phases   ] GC(1)   Merge Heap Roots: 0.4ms
[2025-05-29T17:06:57.675+0300][gc,phases   ] GC(1)   Evacuate Collection Set: 63.1ms
[2025-05-29T17:06:57.675+0300][gc,phases   ] GC(1)   Post Evacuate Collection Set: 1.1ms
[2025-05-29T17:06:57.675+0300][gc,phases   ] GC(1)   Other: 0.5ms
[2025-05-29T17:06:57.675+0300][gc,heap     ] GC(1) Eden regions: 15->0(49)
[2025-05-29T17:06:57.675+0300][gc,heap     ] GC(1) Survivor regions: 7->2(7)
[2025-05-29T17:06:57.675+0300][gc,heap     ] GC(1) Old regions: 2->8
[2025-05-29T17:06:57.675+0300][gc,heap     ] GC(1) Archive regions: 2->2
[2025-05-29T17:06:57.675+0300][gc,heap     ] GC(1) Humongous regions: 0->0
[2025-05-29T17:06:57.675+0300][gc,metaspace] GC(1) Metaspace: 21319K(21504K)->21319K(21504K) NonClass: 18665K(18752K)->18665K(18752K) Class: 2653K(2752K)->2653K(2752K)
[2025-05-29T17:06:57.675+0300][gc          ] GC(1) Pause Young (Concurrent Start) (Metadata GC Threshold) 23M->10M(1024M) 69.638ms
[2025-05-29T17:06:57.675+0300][gc,cpu      ] GC(1) User=0.09s Sys=0.07s Real=0.07s
[2025-05-29T17:06:57.675+0300][gc          ] GC(2) Concurrent Mark Cycle
[2025-05-29T17:06:57.676+0300][gc,marking  ] GC(2) Concurrent Clear Claimed Marks
[2025-05-29T17:06:57.676+0300][gc,marking  ] GC(2) Concurrent Clear Claimed Marks 0.027ms
[2025-05-29T17:06:57.676+0300][gc,marking  ] GC(2) Concurrent Scan Root Regions
[2025-05-29T17:06:57.684+0300][gc,marking  ] GC(2) Concurrent Scan Root Regions 7.940ms
[2025-05-29T17:06:57.684+0300][gc,marking  ] GC(2) Concurrent Mark
[2025-05-29T17:06:57.684+0300][gc,marking  ] GC(2) Concurrent Mark From Roots
[2025-05-29T17:06:57.684+0300][gc,task     ] GC(2) Using 2 workers of 2 for marking
[2025-05-29T17:06:57.714+0300][gc,marking  ] GC(2) Concurrent Mark From Roots 30.763ms
[2025-05-29T17:06:57.714+0300][gc,marking  ] GC(2) Concurrent Preclean
[2025-05-29T17:06:57.715+0300][gc,marking  ] GC(2) Concurrent Preclean 0.207ms
[2025-05-29T17:06:57.715+0300][gc,start    ] GC(2) Pause Remark
[2025-05-29T17:06:57.728+0300][gc          ] GC(2) Pause Remark 10M->10M(1024M) 12.856ms
[2025-05-29T17:06:57.728+0300][gc,cpu      ] GC(2) User=0.03s Sys=0.00s Real=0.01s
[2025-05-29T17:06:57.728+0300][gc,marking  ] GC(2) Concurrent Mark 44.334ms
[2025-05-29T17:06:57.728+0300][gc,marking  ] GC(2) Concurrent Rebuild Remembered Sets
[2025-05-29T17:06:57.733+0300][gc,marking  ] GC(2) Concurrent Rebuild Remembered Sets 4.966ms
[2025-05-29T17:06:57.739+0300][gc,start    ] GC(2) Pause Cleanup
[2025-05-29T17:06:57.740+0300][gc          ] GC(2) Pause Cleanup 11M->11M(1024M) 0.655ms
[2025-05-29T17:06:57.740+0300][gc,cpu      ] GC(2) User=0.00s Sys=0.00s Real=0.00s
[2025-05-29T17:06:57.741+0300][gc,marking  ] GC(2) Concurrent Cleanup for Next Mark
[2025-05-29T17:06:57.788+0300][gc,marking  ] GC(2) Concurrent Cleanup for Next Mark 47.230ms
[2025-05-29T17:06:57.788+0300][gc          ] GC(2) Concurrent Mark Cycle 112.967ms
[2025-05-29T17:07:07.576+0300][gc,start    ] GC(3) Pause Young (Normal) (G1 Evacuation Pause)
[2025-05-29T17:07:07.576+0300][gc,task     ] GC(3) Using 8 workers of 8 for evacuation
[2025-05-29T17:07:07.634+0300][gc,mmu      ] GC(3) MMU target violated: 21.0ms (20.0ms/21.0ms)
[2025-05-29T17:07:07.643+0300][gc,phases   ] GC(3)   Pre Evacuate Collection Set: 0.2ms
[2025-05-29T17:07:07.643+0300][gc,phases   ] GC(3)   Merge Heap Roots: 0.2ms
[2025-05-29T17:07:07.643+0300][gc,phases   ] GC(3)   Evacuate Collection Set: 49.3ms
[2025-05-29T17:07:07.643+0300][gc,phases   ] GC(3)   Post Evacuate Collection Set: 8.4ms
[2025-05-29T17:07:07.644+0300][gc,phases   ] GC(3)   Other: 9.5ms
[2025-05-29T17:07:07.644+0300][gc,heap     ] GC(3) Eden regions: 49->0(45)
[2025-05-29T17:07:07.644+0300][gc,heap     ] GC(3) Survivor regions: 2->6(7)
[2025-05-29T17:07:07.644+0300][gc,heap     ] GC(3) Old regions: 8->8
[2025-05-29T17:07:07.644+0300][gc,heap     ] GC(3) Archive regions: 2->2
[2025-05-29T17:07:07.644+0300][gc,heap     ] GC(3) Humongous regions: 0->0
[2025-05-29T17:07:07.644+0300][gc,metaspace] GC(3) Metaspace: 33367K(33728K)->33367K(33728K) NonClass: 29459K(29632K)->29459K(29632K) Class: 3908K(4096K)->3908K(4096K)
[2025-05-29T17:07:07.644+0300][gc          ] GC(3) Pause Young (Normal) (G1 Evacuation Pause) 59M->14M(1024M) 68.045ms
[2025-05-29T17:07:07.644+0300][gc,cpu      ] GC(3) User=0.10s Sys=0.07s Real=0.07s
[2025-05-29T17:07:10.700+0300][gc,start    ] GC(4) Pause Young (Concurrent Start) (Metadata GC Threshold)
[2025-05-29T17:07:10.700+0300][gc,task     ] GC(4) Using 8 workers of 8 for evacuation
[2025-05-29T17:07:10.729+0300][gc,mmu      ] GC(4) MMU target violated: 21.0ms (20.0ms/21.0ms)
[2025-05-29T17:07:10.731+0300][gc,phases   ] GC(4)   Pre Evacuate Collection Set: 0.3ms
[2025-05-29T17:07:10.731+0300][gc,phases   ] GC(4)   Merge Heap Roots: 0.4ms
[2025-05-29T17:07:10.731+0300][gc,phases   ] GC(4)   Evacuate Collection Set: 27.1ms
[2025-05-29T17:07:10.731+0300][gc,phases   ] GC(4)   Post Evacuate Collection Set: 1.1ms
[2025-05-29T17:07:10.731+0300][gc,phases   ] GC(4)   Other: 1.9ms
[2025-05-29T17:07:10.731+0300][gc,heap     ] GC(4) Eden regions: 32->0(49)
[2025-05-29T17:07:10.731+0300][gc,heap     ] GC(4) Survivor regions: 6->2(7)
[2025-05-29T17:07:10.731+0300][gc,heap     ] GC(4) Old regions: 8->14
[2025-05-29T17:07:10.731+0300][gc,heap     ] GC(4) Archive regions: 2->2
[2025-05-29T17:07:10.731+0300][gc,heap     ] GC(4) Humongous regions: 1->1
[2025-05-29T17:07:10.731+0300][gc,metaspace] GC(4) Metaspace: 35835K(36160K)->35835K(36160K) NonClass: 31670K(31872K)->31670K(31872K) Class: 4165K(4288K)->4165K(4288K)
[2025-05-29T17:07:10.731+0300][gc          ] GC(4) Pause Young (Concurrent Start) (Metadata GC Threshold) 47M->16M(1024M) 31.108ms
[2025-05-29T17:07:10.731+0300][gc,cpu      ] GC(4) User=0.10s Sys=0.06s Real=0.04s
[2025-05-29T17:07:10.731+0300][gc          ] GC(5) Concurrent Mark Cycle
[2025-05-29T17:07:10.731+0300][gc,marking  ] GC(5) Concurrent Clear Claimed Marks
[2025-05-29T17:07:10.731+0300][gc,marking  ] GC(5) Concurrent Clear Claimed Marks 0.052ms
[2025-05-29T17:07:10.731+0300][gc,marking  ] GC(5) Concurrent Scan Root Regions
[2025-05-29T17:07:10.746+0300][gc,marking  ] GC(5) Concurrent Scan Root Regions 14.310ms
[2025-05-29T17:07:10.746+0300][gc,marking  ] GC(5) Concurrent Mark
[2025-05-29T17:07:10.746+0300][gc,marking  ] GC(5) Concurrent Mark From Roots
[2025-05-29T17:07:10.746+0300][gc,task     ] GC(5) Using 2 workers of 2 for marking
[2025-05-29T17:07:10.761+0300][gc,marking  ] GC(5) Concurrent Mark From Roots 14.876ms
[2025-05-29T17:07:10.761+0300][gc,marking  ] GC(5) Concurrent Preclean
[2025-05-29T17:07:10.761+0300][gc,marking  ] GC(5) Concurrent Preclean 0.299ms
[2025-05-29T17:07:10.762+0300][gc,start    ] GC(5) Pause Remark
[2025-05-29T17:07:10.767+0300][gc          ] GC(5) Pause Remark 18M->18M(1024M) 5.131ms
[2025-05-29T17:07:10.767+0300][gc,cpu      ] GC(5) User=0.03s Sys=0.00s Real=0.01s
[2025-05-29T17:07:10.768+0300][gc,marking  ] GC(5) Concurrent Mark 22.390ms
[2025-05-29T17:07:10.768+0300][gc,marking  ] GC(5) Concurrent Rebuild Remembered Sets
[2025-05-29T17:07:10.788+0300][gc,marking  ] GC(5) Concurrent Rebuild Remembered Sets 19.350ms
[2025-05-29T17:07:10.788+0300][gc,start    ] GC(5) Pause Cleanup
[2025-05-29T17:07:10.788+0300][gc          ] GC(5) Pause Cleanup 18M->18M(1024M) 0.319ms
[2025-05-29T17:07:10.788+0300][gc,cpu      ] GC(5) User=0.00s Sys=0.00s Real=0.00s
[2025-05-29T17:07:10.788+0300][gc,marking  ] GC(5) Concurrent Cleanup for Next Mark
[2025-05-29T17:07:10.825+0300][gc,marking  ] GC(5) Concurrent Cleanup for Next Mark 36.471ms
[2025-05-29T17:07:10.825+0300][gc          ] GC(5) Concurrent Mark Cycle 93.847ms
[2025-05-29T17:07:13.926+0300][gc,start    ] GC(6) Pause Young (Normal) (G1 Evacuation Pause)
[2025-05-29T17:07:13.926+0300][gc,task     ] GC(6) Using 8 workers of 8 for evacuation
[2025-05-29T17:07:13.952+0300][gc,mmu      ] GC(6) MMU target violated: 21.0ms (20.0ms/21.0ms)
[2025-05-29T17:07:13.952+0300][gc,phases   ] GC(6)   Pre Evacuate Collection Set: 4.7ms
[2025-05-29T17:07:13.952+0300][gc,phases   ] GC(6)   Merge Heap Roots: 0.2ms
[2025-05-29T17:07:13.952+0300][gc,phases   ] GC(6)   Evacuate Collection Set: 19.5ms
[2025-05-29T17:07:13.952+0300][gc,phases   ] GC(6)   Post Evacuate Collection Set: 1.3ms
[2025-05-29T17:07:13.952+0300][gc,phases   ] GC(6)   Other: 0.4ms
[2025-05-29T17:07:13.952+0300][gc,heap     ] GC(6) Eden regions: 49->0(44)
[2025-05-29T17:07:13.952+0300][gc,heap     ] GC(6) Survivor regions: 2->7(7)
[2025-05-29T17:07:13.952+0300][gc,heap     ] GC(6) Old regions: 14->14
[2025-05-29T17:07:13.952+0300][gc,heap     ] GC(6) Archive regions: 2->2
[2025-05-29T17:07:13.952+0300][gc,heap     ] GC(6) Humongous regions: 3->3
[2025-05-29T17:07:13.952+0300][gc,metaspace] GC(6) Metaspace: 43698K(44352K)->43698K(44352K) NonClass: 38536K(38912K)->38536K(38912K) Class: 5162K(5440K)->5162K(5440K)
[2025-05-29T17:07:13.952+0300][gc          ] GC(6) Pause Young (Normal) (G1 Evacuation Pause) 67M->23M(1024M) 26.181ms
[2025-05-29T17:07:13.954+0300][gc,cpu      ] GC(6) User=0.04s Sys=0.03s Real=0.03s
[2025-05-29T17:07:15.385+0300][gc,start    ] GC(7) Pause Young (Normal) (G1 Evacuation Pause)
[2025-05-29T17:07:15.385+0300][gc,task     ] GC(7) Using 8 workers of 8 for evacuation
[2025-05-29T17:07:15.408+0300][gc,mmu      ] GC(7) MMU target violated: 21.0ms (20.0ms/21.0ms)
[2025-05-29T17:07:15.408+0300][gc,phases   ] GC(7)   Pre Evacuate Collection Set: 0.4ms
[2025-05-29T17:07:15.408+0300][gc,phases   ] GC(7)   Merge Heap Roots: 0.2ms
[2025-05-29T17:07:15.408+0300][gc,phases   ] GC(7)   Evacuate Collection Set: 20.2ms
[2025-05-29T17:07:15.408+0300][gc,phases   ] GC(7)   Post Evacuate Collection Set: 1.3ms
[2025-05-29T17:07:15.408+0300][gc,phases   ] GC(7)   Other: 0.4ms
[2025-05-29T17:07:15.408+0300][gc,heap     ] GC(7) Eden regions: 44->0(48)
[2025-05-29T17:07:15.408+0300][gc,heap     ] GC(7) Survivor regions: 7->3(7)
[2025-05-29T17:07:15.408+0300][gc,heap     ] GC(7) Old regions: 14->20
[2025-05-29T17:07:15.408+0300][gc,heap     ] GC(7) Archive regions: 2->2
[2025-05-29T17:07:15.408+0300][gc,heap     ] GC(7) Humongous regions: 3->1
[2025-05-29T17:07:15.408+0300][gc,metaspace] GC(7) Metaspace: 45718K(46400K)->45718K(46400K) NonClass: 40362K(40704K)->40362K(40704K) Class: 5356K(5696K)->5356K(5696K)
[2025-05-29T17:07:15.408+0300][gc          ] GC(7) Pause Young (Normal) (G1 Evacuation Pause) 67M->23M(1024M) 22.691ms
[2025-05-29T17:07:15.408+0300][gc,cpu      ] GC(7) User=0.05s Sys=0.12s Real=0.02s
[2025-05-29T17:08:31.417+0300][gc,start    ] GC(8) Pause Young (Normal) (G1 Evacuation Pause)
[2025-05-29T17:08:31.417+0300][gc,task     ] GC(8) Using 8 workers of 8 for evacuation
[2025-05-29T17:08:31.432+0300][gc,phases   ] GC(8)   Pre Evacuate Collection Set: 0.4ms
[2025-05-29T17:08:31.432+0300][gc,phases   ] GC(8)   Merge Heap Roots: 0.2ms
[2025-05-29T17:08:31.432+0300][gc,phases   ] GC(8)   Evacuate Collection Set: 12.1ms
[2025-05-29T17:08:31.432+0300][gc,phases   ] GC(8)   Post Evacuate Collection Set: 2.3ms
[2025-05-29T17:08:31.432+0300][gc,phases   ] GC(8)   Other: 0.2ms
[2025-05-29T17:08:31.432+0300][gc,heap     ] GC(8) Eden regions: 48->0(46)
[2025-05-29T17:08:31.432+0300][gc,heap     ] GC(8) Survivor regions: 3->5(7)
[2025-05-29T17:08:31.432+0300][gc,heap     ] GC(8) Old regions: 20->20
[2025-05-29T17:08:31.432+0300][gc,heap     ] GC(8) Archive regions: 2->2
[2025-05-29T17:08:31.432+0300][gc,heap     ] GC(8) Humongous regions: 139->139
[2025-05-29T17:08:31.432+0300][gc,metaspace] GC(8) Metaspace: 51130K(52096K)->51130K(52096K) NonClass: 45073K(45568K)->45073K(45568K) Class: 6057K(6528K)->6057K(6528K)
[2025-05-29T17:08:31.432+0300][gc          ] GC(8) Pause Young (Normal) (G1 Evacuation Pause) 209M->164M(1024M) 15.266ms
[2025-05-29T17:08:31.432+0300][gc,cpu      ] GC(8) User=0.04s Sys=0.00s Real=0.02s
[2025-05-29T17:12:22.818+0300][gc,start    ] GC(9) Pause Young (Normal) (G1 Evacuation Pause)
[2025-05-29T17:12:22.818+0300][gc,task     ] GC(9) Using 8 workers of 8 for evacuation
[2025-05-29T17:12:22.824+0300][gc,phases   ] GC(9)   Pre Evacuate Collection Set: 0.3ms
[2025-05-29T17:12:22.824+0300][gc,phases   ] GC(9)   Merge Heap Roots: 0.3ms
[2025-05-29T17:12:22.824+0300][gc,phases   ] GC(9)   Evacuate Collection Set: 4.5ms
[2025-05-29T17:12:22.824+0300][gc,phases   ] GC(9)   Post Evacuate Collection Set: 1.1ms
[2025-05-29T17:12:22.824+0300][gc,phases   ] GC(9)   Other: 0.2ms
[2025-05-29T17:12:22.824+0300][gc,heap     ] GC(9) Eden regions: 46->0(46)
[2025-05-29T17:12:22.824+0300][gc,heap     ] GC(9) Survivor regions: 5->5(7)
[2025-05-29T17:12:22.824+0300][gc,heap     ] GC(9) Old regions: 20->22
[2025-05-29T17:12:22.824+0300][gc,heap     ] GC(9) Archive regions: 2->2
[2025-05-29T17:12:22.824+0300][gc,heap     ] GC(9) Humongous regions: 139->139
[2025-05-29T17:12:22.825+0300][gc,metaspace] GC(9) Metaspace: 52661K(53760K)->52661K(53760K) NonClass: 46486K(47040K)->46486K(47040K) Class: 6174K(6720K)->6174K(6720K)
[2025-05-29T17:12:22.825+0300][gc          ] GC(9) Pause Young (Normal) (G1 Evacuation Pause) 210M->165M(1024M) 6.672ms
[2025-05-29T17:12:22.825+0300][gc,cpu      ] GC(9) User=0.03s Sys=0.00s Real=0.00s
[2025-05-29T17:15:40.412+0300][gc,start    ] GC(10) Pause Young (Normal) (G1 Evacuation Pause)
[2025-05-29T17:15:40.412+0300][gc,task     ] GC(10) Using 8 workers of 8 for evacuation
[2025-05-29T17:15:40.418+0300][gc,phases   ] GC(10)   Pre Evacuate Collection Set: 0.3ms
[2025-05-29T17:15:40.418+0300][gc,phases   ] GC(10)   Merge Heap Roots: 0.2ms
[2025-05-29T17:15:40.418+0300][gc,phases   ] GC(10)   Evacuate Collection Set: 4.1ms
[2025-05-29T17:15:40.418+0300][gc,phases   ] GC(10)   Post Evacuate Collection Set: 1.0ms
[2025-05-29T17:15:40.418+0300][gc,phases   ] GC(10)   Other: 0.3ms
[2025-05-29T17:15:40.418+0300][gc,heap     ] GC(10) Eden regions: 46->0(56)
[2025-05-29T17:15:40.418+0300][gc,heap     ] GC(10) Survivor regions: 5->3(7)
[2025-05-29T17:15:40.418+0300][gc,heap     ] GC(10) Old regions: 22->24
[2025-05-29T17:15:40.418+0300][gc,heap     ] GC(10) Archive regions: 2->2
[2025-05-29T17:15:40.418+0300][gc,heap     ] GC(10) Humongous regions: 139->139
[2025-05-29T17:15:40.418+0300][gc,metaspace] GC(10) Metaspace: 53105K(54144K)->53105K(54144K) NonClass: 46918K(47424K)->46918K(47424K) Class: 6186K(6720K)->6186K(6720K)
[2025-05-29T17:15:40.418+0300][gc          ] GC(10) Pause Young (Normal) (G1 Evacuation Pause) 211M->165M(1024M) 6.158ms
[2025-05-29T17:15:40.418+0300][gc,cpu      ] GC(10) User=0.02s Sys=0.00s Real=0.00s
[2025-05-29T17:19:48.007+0300][gc,start    ] GC(11) Pause Young (Normal) (G1 Evacuation Pause)
[2025-05-29T17:19:48.007+0300][gc,task     ] GC(11) Using 8 workers of 8 for evacuation
[2025-05-29T17:19:48.014+0300][gc,phases   ] GC(11)   Pre Evacuate Collection Set: 0.5ms
[2025-05-29T17:19:48.020+0300][gc,phases   ] GC(11)   Merge Heap Roots: 0.2ms
[2025-05-29T17:19:48.022+0300][gc,phases   ] GC(11)   Evacuate Collection Set: 6.1ms
[2025-05-29T17:19:48.022+0300][gc,phases   ] GC(11)   Post Evacuate Collection Set: 0.9ms
[2025-05-29T17:19:48.022+0300][gc,phases   ] GC(11)   Other: 0.3ms
[2025-05-29T17:19:48.022+0300][gc,heap     ] GC(11) Eden regions: 56->0(176)
[2025-05-29T17:19:48.022+0300][gc,heap     ] GC(11) Survivor regions: 3->3(8)
[2025-05-29T17:19:48.022+0300][gc,heap     ] GC(11) Old regions: 24->24
[2025-05-29T17:19:48.023+0300][gc,heap     ] GC(11) Archive regions: 2->2
[2025-05-29T17:19:48.023+0300][gc,heap     ] GC(11) Humongous regions: 139->139
[2025-05-29T17:19:48.023+0300][gc,metaspace] GC(11) Metaspace: 53340K(54464K)->53340K(54464K) NonClass: 47146K(47744K)->47146K(47744K) Class: 6193K(6720K)->6193K(6720K)
[2025-05-29T17:19:48.023+0300][gc          ] GC(11) Pause Young (Normal) (G1 Evacuation Pause) 221M->166M(1024M) 16.157ms
[2025-05-29T17:19:48.023+0300][gc,cpu      ] GC(11) User=0.03s Sys=0.02s Real=0.02s
[2025-05-29T17:34:15.712+0300][gc,start    ] GC(12) Pause Young (Normal) (G1 Evacuation Pause)
[2025-05-29T17:34:15.712+0300][gc,task     ] GC(12) Using 8 workers of 8 for evacuation
[2025-05-29T17:34:15.721+0300][gc,phases   ] GC(12)   Pre Evacuate Collection Set: 0.4ms
[2025-05-29T17:34:15.722+0300][gc,phases   ] GC(12)   Merge Heap Roots: 0.2ms
[2025-05-29T17:34:15.722+0300][gc,phases   ] GC(12)   Evacuate Collection Set: 7.7ms
[2025-05-29T17:34:15.722+0300][gc,phases   ] GC(12)   Post Evacuate Collection Set: 1.1ms
[2025-05-29T17:34:15.722+0300][gc,phases   ] GC(12)   Other: 0.3ms
[2025-05-29T17:34:15.722+0300][gc,heap     ] GC(12) Eden regions: 176->0(76)
[2025-05-29T17:34:15.722+0300][gc,heap     ] GC(12) Survivor regions: 3->6(23)
[2025-05-29T17:34:15.722+0300][gc,heap     ] GC(12) Old regions: 24->24
[2025-05-29T17:34:15.722+0300][gc,heap     ] GC(12) Archive regions: 2->2
[2025-05-29T17:34:15.722+0300][gc,heap     ] GC(12) Humongous regions: 139->139
[2025-05-29T17:34:15.722+0300][gc,metaspace] GC(12) Metaspace: 53879K(55040K)->53879K(55040K) NonClass: 47681K(48256K)->47681K(48256K) Class: 6197K(6784K)->6197K(6784K)
[2025-05-29T17:34:15.722+0300][gc          ] GC(12) Pause Young (Normal) (G1 Evacuation Pause) 342M->169M(1024M) 10.206ms
[2025-05-29T17:34:15.722+0300][gc,cpu      ] GC(12) User=0.02s Sys=0.04s Real=0.01s
[2025-05-29T17:41:00.883+0300][gc,start    ] GC(13) Pause Young (Normal) (G1 Evacuation Pause)
[2025-05-29T17:41:00.883+0300][gc,task     ] GC(13) Using 8 workers of 8 for evacuation
[2025-05-29T17:41:00.893+0300][gc,phases   ] GC(13)   Pre Evacuate Collection Set: 0.4ms
[2025-05-29T17:41:00.893+0300][gc,phases   ] GC(13)   Merge Heap Roots: 0.2ms
[2025-05-29T17:41:00.893+0300][gc,phases   ] GC(13)   Evacuate Collection Set: 7.0ms
[2025-05-29T17:41:00.893+0300][gc,phases   ] GC(13)   Post Evacuate Collection Set: 1.7ms
[2025-05-29T17:41:00.893+0300][gc,phases   ] GC(13)   Other: 0.3ms
[2025-05-29T17:41:00.893+0300][gc,heap     ] GC(13) Eden regions: 76->0(105)
[2025-05-29T17:41:00.893+0300][gc,heap     ] GC(13) Survivor regions: 6->7(11)
[2025-05-29T17:41:00.893+0300][gc,heap     ] GC(13) Old regions: 24->24
[2025-05-29T17:41:00.893+0300][gc,heap     ] GC(13) Archive regions: 2->2
[2025-05-29T17:41:00.893+0300][gc,heap     ] GC(13) Humongous regions: 139->139
[2025-05-29T17:41:00.893+0300][gc,metaspace] GC(13) Metaspace: 53955K(55104K)->53955K(55104K) NonClass: 47757K(48320K)->47757K(48320K) Class: 6197K(6784K)->6197K(6784K)
[2025-05-29T17:41:00.893+0300][gc          ] GC(13) Pause Young (Normal) (G1 Evacuation Pause) 245M->170M(1024M) 9.944ms
[2025-05-29T17:41:00.893+0300][gc,cpu      ] GC(13) User=0.04s Sys=0.00s Real=0.01s
[2025-05-29T17:49:47.914+0300][gc,start    ] GC(14) Pause Young (Normal) (G1 Evacuation Pause)
[2025-05-29T17:49:47.914+0300][gc,task     ] GC(14) Using 8 workers of 8 for evacuation
[2025-05-29T17:49:47.922+0300][gc,phases   ] GC(14)   Pre Evacuate Collection Set: 0.3ms
[2025-05-29T17:49:47.922+0300][gc,phases   ] GC(14)   Merge Heap Roots: 0.2ms
[2025-05-29T17:49:47.922+0300][gc,phases   ] GC(14)   Evacuate Collection Set: 6.0ms
[2025-05-29T17:49:47.922+0300][gc,phases   ] GC(14)   Post Evacuate Collection Set: 1.7ms
[2025-05-29T17:49:47.922+0300][gc,phases   ] GC(14)   Other: 0.2ms
[2025-05-29T17:49:47.922+0300][gc,heap     ] GC(14) Eden regions: 105->0(180)
[2025-05-29T17:49:47.922+0300][gc,heap     ] GC(14) Survivor regions: 7->9(14)
[2025-05-29T17:49:47.922+0300][gc,heap     ] GC(14) Old regions: 24->24
[2025-05-29T17:49:47.922+0300][gc,heap     ] GC(14) Archive regions: 2->2
[2025-05-29T17:49:47.922+0300][gc,heap     ] GC(14) Humongous regions: 139->139
[2025-05-29T17:49:47.922+0300][gc,metaspace] GC(14) Metaspace: 54110K(55296K)->54110K(55296K) NonClass: 47912K(48512K)->47912K(48512K) Class: 6198K(6784K)->6198K(6784K)
[2025-05-29T17:49:47.922+0300][gc          ] GC(14) Pause Young (Normal) (G1 Evacuation Pause) 275M->171M(1024M) 8.644ms
[2025-05-29T17:49:47.923+0300][gc,cpu      ] GC(14) User=0.04s Sys=0.00s Real=0.01s
