[2025-05-29T16:55:56.115+0300][gc] Using G1
[2025-05-29T16:55:56.153+0300][gc,init] Version: 17.0.15+6-Ubuntu-0ubuntu124.04 (release)
[2025-05-29T16:55:56.154+0300][gc,init] CPUs: 8 total, 8 available
[2025-05-29T16:55:56.154+0300][gc,init] Memory: 7846M
[2025-05-29T16:55:56.154+0300][gc,init] Large Page Support: Disabled
[2025-05-29T16:55:56.154+0300][gc,init] NUMA Support: Disabled
[2025-05-29T16:55:56.154+0300][gc,init] Compressed Oops: Enabled (32-bit)
[2025-05-29T16:55:56.154+0300][gc,init] Heap Region Size: 1M
[2025-05-29T16:55:56.154+0300][gc,init] Heap Min Capacity: 1G
[2025-05-29T16:55:56.154+0300][gc,init] Heap Initial Capacity: 1G
[2025-05-29T16:55:56.154+0300][gc,init] Heap Max Capacity: 1G
[2025-05-29T16:55:56.154+0300][gc,init] Pre-touch: Disabled
[2025-05-29T16:55:56.154+0300][gc,init] Parallel Workers: 8
[2025-05-29T16:55:56.154+0300][gc,init] Concurrent Workers: 2
[2025-05-29T16:55:56.154+0300][gc,init] Concurrent Refinement Workers: 8
[2025-05-29T16:55:56.154+0300][gc,init] Periodic GC: Disabled
[2025-05-29T16:55:56.176+0300][gc,metaspace] CDS archive(s) mapped at: [0x00007573f7000000-0x00007573f7bc7000-0x00007573f7bc7000), size 12349440, SharedBaseAddress: 0x00007573f7000000, ArchiveRelocationMode: 1.
[2025-05-29T16:55:56.176+0300][gc,metaspace] Compressed class space mapped at: 0x00007573f8000000-0x0000757438000000, reserved size: 1073741824
[2025-05-29T16:55:56.176+0300][gc,metaspace] Narrow klass base: 0x00007573f7000000, Narrow klass shift: 0, Narrow klass range: 0x100000000
[2025-05-29T16:55:59.355+0300][gc,start    ] GC(0) Pause Young (Normal) (G1 Evacuation Pause)
[2025-05-29T16:55:59.357+0300][gc,task     ] GC(0) Using 8 workers of 8 for evacuation
[2025-05-29T16:55:59.368+0300][gc,phases   ] GC(0)   Pre Evacuate Collection Set: 0.3ms
[2025-05-29T16:55:59.368+0300][gc,phases   ] GC(0)   Merge Heap Roots: 0.4ms
[2025-05-29T16:55:59.368+0300][gc,phases   ] GC(0)   Evacuate Collection Set: 8.3ms
[2025-05-29T16:55:59.368+0300][gc,phases   ] GC(0)   Post Evacuate Collection Set: 1.4ms
[2025-05-29T16:55:59.368+0300][gc,phases   ] GC(0)   Other: 2.2ms
[2025-05-29T16:55:59.368+0300][gc,heap     ] GC(0) Eden regions: 51->0(44)
[2025-05-29T16:55:59.368+0300][gc,heap     ] GC(0) Survivor regions: 0->7(7)
[2025-05-29T16:55:59.368+0300][gc,heap     ] GC(0) Old regions: 0->2
[2025-05-29T16:55:59.368+0300][gc,heap     ] GC(0) Archive regions: 2->2
[2025-05-29T16:55:59.368+0300][gc,heap     ] GC(0) Humongous regions: 0->0
[2025-05-29T16:55:59.368+0300][gc,metaspace] GC(0) Metaspace: 16953K(17152K)->16953K(17152K) NonClass: 14893K(14976K)->14893K(14976K) Class: 2060K(2176K)->2060K(2176K)
[2025-05-29T16:55:59.368+0300][gc          ] GC(0) Pause Young (Normal) (G1 Evacuation Pause) 51M->9M(1024M) 12.729ms
[2025-05-29T16:55:59.368+0300][gc,cpu      ] GC(0) User=0.04s Sys=0.02s Real=0.01s
[2025-05-29T16:56:00.068+0300][gc,start    ] GC(1) Pause Young (Concurrent Start) (Metadata GC Threshold)
[2025-05-29T16:56:00.068+0300][gc,task     ] GC(1) Using 8 workers of 8 for evacuation
[2025-05-29T16:56:00.075+0300][gc,phases   ] GC(1)   Pre Evacuate Collection Set: 0.3ms
[2025-05-29T16:56:00.075+0300][gc,phases   ] GC(1)   Merge Heap Roots: 0.2ms
[2025-05-29T16:56:00.075+0300][gc,phases   ] GC(1)   Evacuate Collection Set: 4.8ms
[2025-05-29T16:56:00.075+0300][gc,phases   ] GC(1)   Post Evacuate Collection Set: 1.1ms
[2025-05-29T16:56:00.075+0300][gc,phases   ] GC(1)   Other: 0.4ms
[2025-05-29T16:56:00.075+0300][gc,heap     ] GC(1) Eden regions: 14->0(49)
[2025-05-29T16:56:00.075+0300][gc,heap     ] GC(1) Survivor regions: 7->2(7)
[2025-05-29T16:56:00.075+0300][gc,heap     ] GC(1) Old regions: 2->9
[2025-05-29T16:56:00.075+0300][gc,heap     ] GC(1) Archive regions: 2->2
[2025-05-29T16:56:00.075+0300][gc,heap     ] GC(1) Humongous regions: 0->0
[2025-05-29T16:56:00.075+0300][gc,metaspace] GC(1) Metaspace: 21249K(21504K)->21249K(21504K) NonClass: 18622K(18752K)->18622K(18752K) Class: 2626K(2752K)->2626K(2752K)
[2025-05-29T16:56:00.075+0300][gc          ] GC(1) Pause Young (Concurrent Start) (Metadata GC Threshold) 22M->10M(1024M) 7.129ms
[2025-05-29T16:56:00.075+0300][gc,cpu      ] GC(1) User=0.04s Sys=0.00s Real=0.01s
[2025-05-29T16:56:00.076+0300][gc          ] GC(2) Concurrent Mark Cycle
[2025-05-29T16:56:00.076+0300][gc,marking  ] GC(2) Concurrent Clear Claimed Marks
[2025-05-29T16:56:00.076+0300][gc,marking  ] GC(2) Concurrent Clear Claimed Marks 0.033ms
[2025-05-29T16:56:00.076+0300][gc,marking  ] GC(2) Concurrent Scan Root Regions
[2025-05-29T16:56:00.079+0300][gc,marking  ] GC(2) Concurrent Scan Root Regions 3.306ms
[2025-05-29T16:56:00.079+0300][gc,marking  ] GC(2) Concurrent Mark
[2025-05-29T16:56:00.079+0300][gc,marking  ] GC(2) Concurrent Mark From Roots
[2025-05-29T16:56:00.079+0300][gc,task     ] GC(2) Using 2 workers of 2 for marking
[2025-05-29T16:56:00.092+0300][gc,marking  ] GC(2) Concurrent Mark From Roots 13.090ms
[2025-05-29T16:56:00.092+0300][gc,marking  ] GC(2) Concurrent Preclean
[2025-05-29T16:56:00.092+0300][gc,marking  ] GC(2) Concurrent Preclean 0.249ms
[2025-05-29T16:56:00.093+0300][gc,start    ] GC(2) Pause Remark
[2025-05-29T16:56:00.097+0300][gc          ] GC(2) Pause Remark 10M->10M(1024M) 3.957ms
[2025-05-29T16:56:00.097+0300][gc,cpu      ] GC(2) User=0.01s Sys=0.00s Real=0.00s
[2025-05-29T16:56:00.097+0300][gc,marking  ] GC(2) Concurrent Mark 17.903ms
[2025-05-29T16:56:00.097+0300][gc,marking  ] GC(2) Concurrent Rebuild Remembered Sets
[2025-05-29T16:56:00.101+0300][gc,marking  ] GC(2) Concurrent Rebuild Remembered Sets 3.770ms
[2025-05-29T16:56:00.101+0300][gc,start    ] GC(2) Pause Cleanup
[2025-05-29T16:56:00.102+0300][gc          ] GC(2) Pause Cleanup 10M->10M(1024M) 0.359ms
[2025-05-29T16:56:00.102+0300][gc,cpu      ] GC(2) User=0.00s Sys=0.00s Real=0.00s
[2025-05-29T16:56:00.102+0300][gc,marking  ] GC(2) Concurrent Cleanup for Next Mark
[2025-05-29T16:56:00.119+0300][gc,marking  ] GC(2) Concurrent Cleanup for Next Mark 17.456ms
[2025-05-29T16:56:00.120+0300][gc          ] GC(2) Concurrent Mark Cycle 44.022ms
[2025-05-29T16:56:02.927+0300][gc,start    ] GC(3) Pause Young (Normal) (G1 Evacuation Pause)
[2025-05-29T16:56:02.927+0300][gc,task     ] GC(3) Using 8 workers of 8 for evacuation
[2025-05-29T16:56:02.943+0300][gc,phases   ] GC(3)   Pre Evacuate Collection Set: 0.3ms
[2025-05-29T16:56:02.944+0300][gc,phases   ] GC(3)   Merge Heap Roots: 0.1ms
[2025-05-29T16:56:02.944+0300][gc,phases   ] GC(3)   Evacuate Collection Set: 13.9ms
[2025-05-29T16:56:02.944+0300][gc,phases   ] GC(3)   Post Evacuate Collection Set: 1.8ms
[2025-05-29T16:56:02.944+0300][gc,phases   ] GC(3)   Other: 0.2ms
[2025-05-29T16:56:02.944+0300][gc,heap     ] GC(3) Eden regions: 49->0(45)
[2025-05-29T16:56:02.944+0300][gc,heap     ] GC(3) Survivor regions: 2->6(7)
[2025-05-29T16:56:02.944+0300][gc,heap     ] GC(3) Old regions: 9->9
[2025-05-29T16:56:02.944+0300][gc,heap     ] GC(3) Archive regions: 2->2
[2025-05-29T16:56:02.944+0300][gc,heap     ] GC(3) Humongous regions: 0->0
[2025-05-29T16:56:02.944+0300][gc,metaspace] GC(3) Metaspace: 33360K(33664K)->33360K(33664K) NonClass: 29469K(29632K)->29469K(29632K) Class: 3891K(4032K)->3891K(4032K)
[2025-05-29T16:56:02.944+0300][gc          ] GC(3) Pause Young (Normal) (G1 Evacuation Pause) 59M->14M(1024M) 16.402ms
[2025-05-29T16:56:02.944+0300][gc,cpu      ] GC(3) User=0.07s Sys=0.01s Real=0.02s
[2025-05-29T16:56:04.291+0300][gc,start    ] GC(4) Pause Young (Concurrent Start) (Metadata GC Threshold)
[2025-05-29T16:56:04.292+0300][gc,task     ] GC(4) Using 8 workers of 8 for evacuation
[2025-05-29T16:56:04.344+0300][gc,mmu      ] GC(4) MMU target violated: 21.0ms (20.0ms/21.0ms)
[2025-05-29T16:56:04.344+0300][gc,phases   ] GC(4)   Pre Evacuate Collection Set: 0.9ms
[2025-05-29T16:56:04.344+0300][gc,phases   ] GC(4)   Merge Heap Roots: 0.2ms
[2025-05-29T16:56:04.344+0300][gc,phases   ] GC(4)   Evacuate Collection Set: 50.1ms
[2025-05-29T16:56:04.344+0300][gc,phases   ] GC(4)   Post Evacuate Collection Set: 1.0ms
[2025-05-29T16:56:04.344+0300][gc,phases   ] GC(4)   Other: 0.8ms
[2025-05-29T16:56:04.344+0300][gc,heap     ] GC(4) Eden regions: 29->0(50)
[2025-05-29T16:56:04.344+0300][gc,heap     ] GC(4) Survivor regions: 6->1(7)
[2025-05-29T16:56:04.344+0300][gc,heap     ] GC(4) Old regions: 9->14
[2025-05-29T16:56:04.344+0300][gc,heap     ] GC(4) Archive regions: 2->2
[2025-05-29T16:56:04.344+0300][gc,heap     ] GC(4) Humongous regions: 1->1
[2025-05-29T16:56:04.344+0300][gc,metaspace] GC(4) Metaspace: 35622K(35968K)->35622K(35968K) NonClass: 31499K(31680K)->31499K(31680K) Class: 4122K(4288K)->4122K(4288K)
[2025-05-29T16:56:04.344+0300][gc          ] GC(4) Pause Young (Concurrent Start) (Metadata GC Threshold) 44M->16M(1024M) 52.845ms
[2025-05-29T16:56:04.344+0300][gc,cpu      ] GC(4) User=0.18s Sys=0.11s Real=0.06s
[2025-05-29T16:56:04.344+0300][gc          ] GC(5) Concurrent Mark Cycle
[2025-05-29T16:56:04.344+0300][gc,marking  ] GC(5) Concurrent Clear Claimed Marks
[2025-05-29T16:56:04.345+0300][gc,marking  ] GC(5) Concurrent Clear Claimed Marks 0.056ms
[2025-05-29T16:56:04.345+0300][gc,marking  ] GC(5) Concurrent Scan Root Regions
[2025-05-29T16:56:04.361+0300][gc,marking  ] GC(5) Concurrent Scan Root Regions 16.355ms
[2025-05-29T16:56:04.361+0300][gc,marking  ] GC(5) Concurrent Mark
[2025-05-29T16:56:04.361+0300][gc,marking  ] GC(5) Concurrent Mark From Roots
[2025-05-29T16:56:04.361+0300][gc,task     ] GC(5) Using 2 workers of 2 for marking
[2025-05-29T16:56:04.399+0300][gc,marking  ] GC(5) Concurrent Mark From Roots 37.946ms
[2025-05-29T16:56:04.399+0300][gc,marking  ] GC(5) Concurrent Preclean
[2025-05-29T16:56:04.399+0300][gc,marking  ] GC(5) Concurrent Preclean 0.371ms
[2025-05-29T16:56:04.400+0300][gc,start    ] GC(5) Pause Remark
[2025-05-29T16:56:04.417+0300][gc          ] GC(5) Pause Remark 17M->17M(1024M) 17.671ms
[2025-05-29T16:56:04.417+0300][gc,cpu      ] GC(5) User=0.04s Sys=0.02s Real=0.02s
[2025-05-29T16:56:04.418+0300][gc,marking  ] GC(5) Concurrent Mark 56.627ms
[2025-05-29T16:56:04.418+0300][gc,marking  ] GC(5) Concurrent Rebuild Remembered Sets
[2025-05-29T16:56:04.445+0300][gc,marking  ] GC(5) Concurrent Rebuild Remembered Sets 27.105ms
[2025-05-29T16:56:04.445+0300][gc,start    ] GC(5) Pause Cleanup
[2025-05-29T16:56:04.445+0300][gc          ] GC(5) Pause Cleanup 17M->17M(1024M) 0.500ms
[2025-05-29T16:56:04.446+0300][gc,cpu      ] GC(5) User=0.01s Sys=0.00s Real=0.00s
[2025-05-29T16:56:04.446+0300][gc,marking  ] GC(5) Concurrent Cleanup for Next Mark
[2025-05-29T16:56:04.465+0300][gc,marking  ] GC(5) Concurrent Cleanup for Next Mark 19.072ms
[2025-05-29T16:56:04.465+0300][gc          ] GC(5) Concurrent Mark Cycle 120.786ms
[2025-05-29T16:56:06.468+0300][gc,start    ] GC(6) Pause Young (Prepare Mixed) (G1 Evacuation Pause)
[2025-05-29T16:56:06.468+0300][gc,task     ] GC(6) Using 8 workers of 8 for evacuation
[2025-05-29T16:56:06.497+0300][gc,mmu      ] GC(6) MMU target violated: 21.0ms (20.0ms/21.0ms)
[2025-05-29T16:56:06.497+0300][gc,phases   ] GC(6)   Pre Evacuate Collection Set: 0.4ms
[2025-05-29T16:56:06.497+0300][gc,phases   ] GC(6)   Merge Heap Roots: 0.2ms
[2025-05-29T16:56:06.497+0300][gc,phases   ] GC(6)   Evacuate Collection Set: 25.3ms
[2025-05-29T16:56:06.497+0300][gc,phases   ] GC(6)   Post Evacuate Collection Set: 2.9ms
[2025-05-29T16:56:06.497+0300][gc,phases   ] GC(6)   Other: 0.3ms
[2025-05-29T16:56:06.497+0300][gc,heap     ] GC(6) Eden regions: 50->0(45)
[2025-05-29T16:56:06.497+0300][gc,heap     ] GC(6) Survivor regions: 1->6(7)
[2025-05-29T16:56:06.497+0300][gc,heap     ] GC(6) Old regions: 14->14
[2025-05-29T16:56:06.497+0300][gc,heap     ] GC(6) Archive regions: 2->2
[2025-05-29T16:56:06.497+0300][gc,heap     ] GC(6) Humongous regions: 3->3
[2025-05-29T16:56:06.497+0300][gc,metaspace] GC(6) Metaspace: 43269K(43904K)->43269K(43904K) NonClass: 38198K(38528K)->38198K(38528K) Class: 5070K(5376K)->5070K(5376K)
[2025-05-29T16:56:06.497+0300][gc          ] GC(6) Pause Young (Prepare Mixed) (G1 Evacuation Pause) 68M->23M(1024M) 29.321ms
[2025-05-29T16:56:06.497+0300][gc,cpu      ] GC(6) User=0.12s Sys=0.01s Real=0.03s
[2025-05-29T16:56:08.907+0300][gc,start    ] GC(7) Pause Young (Mixed) (G1 Evacuation Pause)
[2025-05-29T16:56:08.907+0300][gc,task     ] GC(7) Using 8 workers of 8 for evacuation
[2025-05-29T16:56:08.942+0300][gc,mmu      ] GC(7) MMU target violated: 21.0ms (20.0ms/21.0ms)
[2025-05-29T16:56:08.942+0300][gc,phases   ] GC(7)   Pre Evacuate Collection Set: 0.2ms
[2025-05-29T16:56:08.942+0300][gc,phases   ] GC(7)   Merge Heap Roots: 0.1ms
[2025-05-29T16:56:08.942+0300][gc,phases   ] GC(7)   Evacuate Collection Set: 31.1ms
[2025-05-29T16:56:08.942+0300][gc,phases   ] GC(7)   Post Evacuate Collection Set: 3.5ms
[2025-05-29T16:56:08.942+0300][gc,phases   ] GC(7)   Other: 0.4ms
[2025-05-29T16:56:08.942+0300][gc,heap     ] GC(7) Eden regions: 45->0(48)
[2025-05-29T16:56:08.942+0300][gc,heap     ] GC(7) Survivor regions: 6->3(7)
[2025-05-29T16:56:08.942+0300][gc,heap     ] GC(7) Old regions: 14->20
[2025-05-29T16:56:08.942+0300][gc,heap     ] GC(7) Archive regions: 2->2
[2025-05-29T16:56:08.942+0300][gc,heap     ] GC(7) Humongous regions: 3->1
[2025-05-29T16:56:08.942+0300][gc,metaspace] GC(7) Metaspace: 45639K(46272K)->45639K(46272K) NonClass: 40351K(40704K)->40351K(40704K) Class: 5287K(5568K)->5287K(5568K)
[2025-05-29T16:56:08.942+0300][gc          ] GC(7) Pause Young (Mixed) (G1 Evacuation Pause) 68M->23M(1024M) 35.416ms
[2025-05-29T16:56:08.942+0300][gc,cpu      ] GC(7) User=0.08s Sys=0.02s Real=0.04s
[2025-05-29T16:56:14.602+0300][gc,start    ] GC(8) Pause Young (Normal) (G1 Evacuation Pause)
[2025-05-29T16:56:14.602+0300][gc,task     ] GC(8) Using 8 workers of 8 for evacuation
[2025-05-29T16:56:14.627+0300][gc,mmu      ] GC(8) MMU target violated: 21.0ms (20.0ms/21.0ms)
[2025-05-29T16:56:14.627+0300][gc,phases   ] GC(8)   Pre Evacuate Collection Set: 0.4ms
[2025-05-29T16:56:14.627+0300][gc,phases   ] GC(8)   Merge Heap Roots: 0.1ms
[2025-05-29T16:56:14.627+0300][gc,phases   ] GC(8)   Evacuate Collection Set: 23.2ms
[2025-05-29T16:56:14.627+0300][gc,phases   ] GC(8)   Post Evacuate Collection Set: 1.3ms
[2025-05-29T16:56:14.627+0300][gc,phases   ] GC(8)   Other: 0.4ms
[2025-05-29T16:56:14.627+0300][gc,heap     ] GC(8) Eden regions: 48->0(46)
[2025-05-29T16:56:14.627+0300][gc,heap     ] GC(8) Survivor regions: 3->5(7)
[2025-05-29T16:56:14.627+0300][gc,heap     ] GC(8) Old regions: 20->20
[2025-05-29T16:56:14.627+0300][gc,heap     ] GC(8) Archive regions: 2->2
[2025-05-29T16:56:14.627+0300][gc,heap     ] GC(8) Humongous regions: 139->139
[2025-05-29T16:56:14.627+0300][gc,metaspace] GC(8) Metaspace: 50345K(51136K)->50345K(51136K) NonClass: 44446K(44864K)->44446K(44864K) Class: 5899K(6272K)->5899K(6272K)
[2025-05-29T16:56:14.627+0300][gc          ] GC(8) Pause Young (Normal) (G1 Evacuation Pause) 209M->164M(1024M) 25.496ms
[2025-05-29T16:56:14.627+0300][gc,cpu      ] GC(8) User=0.08s Sys=0.01s Real=0.03s
[2025-05-29T16:56:35.099+0300][gc,start    ] GC(9) Pause Young (Normal) (G1 Evacuation Pause)
[2025-05-29T16:56:35.099+0300][gc,task     ] GC(9) Using 8 workers of 8 for evacuation
[2025-05-29T16:56:35.129+0300][gc,mmu      ] GC(9) MMU target violated: 21.0ms (20.0ms/21.0ms)
[2025-05-29T16:56:35.129+0300][gc,phases   ] GC(9)   Pre Evacuate Collection Set: 0.5ms
[2025-05-29T16:56:35.129+0300][gc,phases   ] GC(9)   Merge Heap Roots: 0.3ms
[2025-05-29T16:56:35.129+0300][gc,phases   ] GC(9)   Evacuate Collection Set: 26.9ms
[2025-05-29T16:56:35.129+0300][gc,phases   ] GC(9)   Post Evacuate Collection Set: 1.7ms
[2025-05-29T16:56:35.129+0300][gc,phases   ] GC(9)   Other: 0.4ms
[2025-05-29T16:56:35.129+0300][gc,heap     ] GC(9) Eden regions: 46->0(46)
[2025-05-29T16:56:35.129+0300][gc,heap     ] GC(9) Survivor regions: 5->5(7)
[2025-05-29T16:56:35.129+0300][gc,heap     ] GC(9) Old regions: 20->22
[2025-05-29T16:56:35.129+0300][gc,heap     ] GC(9) Archive regions: 2->2
[2025-05-29T16:56:35.129+0300][gc,heap     ] GC(9) Humongous regions: 145->139
[2025-05-29T16:56:35.129+0300][gc,metaspace] GC(9) Metaspace: 53384K(54400K)->53384K(54400K) NonClass: 47119K(47680K)->47119K(47680K) Class: 6265K(6720K)->6265K(6720K)
[2025-05-29T16:56:35.129+0300][gc          ] GC(9) Pause Young (Normal) (G1 Evacuation Pause) 216M->165M(1024M) 29.811ms
[2025-05-29T16:56:35.129+0300][gc,cpu      ] GC(9) User=0.08s Sys=0.02s Real=0.03s
[2025-05-29T16:56:42.174+0300][gc,heap,exit] Heap
[2025-05-29T16:56:42.174+0300][gc,heap,exit]  garbage-first heap   total 1048576K, used 183516K [0x00000000c0000000, 0x0000000100000000)
[2025-05-29T16:56:42.174+0300][gc,heap,exit]   region size 1024K, 19 young (19456K), 5 survivors (5120K)
[2025-05-29T16:56:42.174+0300][gc,heap,exit]  Metaspace       used 54122K, committed 55104K, reserved 1114112K
[2025-05-29T16:56:42.174+0300][gc,heap,exit]   class space    used 6417K, committed 6912K, reserved 1048576K
