[2025-05-29T17:06:08.464+0300][gc] Using G1
[2025-05-29T17:06:08.497+0300][gc,init] Version: 17.0.15+6-Ubuntu-0ubuntu124.04 (release)
[2025-05-29T17:06:08.497+0300][gc,init] CPUs: 8 total, 8 available
[2025-05-29T17:06:08.497+0300][gc,init] Memory: 7846M
[2025-05-29T17:06:08.497+0300][gc,init] Large Page Support: Disabled
[2025-05-29T17:06:08.497+0300][gc,init] NUMA Support: Disabled
[2025-05-29T17:06:08.497+0300][gc,init] Compressed Oops: Enabled (32-bit)
[2025-05-29T17:06:08.497+0300][gc,init] Heap Region Size: 1M
[2025-05-29T17:06:08.497+0300][gc,init] Heap Min Capacity: 1G
[2025-05-29T17:06:08.497+0300][gc,init] Heap Initial Capacity: 1G
[2025-05-29T17:06:08.497+0300][gc,init] Heap Max Capacity: 1G
[2025-05-29T17:06:08.497+0300][gc,init] Pre-touch: Disabled
[2025-05-29T17:06:08.497+0300][gc,init] Parallel Workers: 8
[2025-05-29T17:06:08.497+0300][gc,init] Concurrent Workers: 2
[2025-05-29T17:06:08.497+0300][gc,init] Concurrent Refinement Workers: 8
[2025-05-29T17:06:08.497+0300][gc,init] Periodic GC: Disabled
[2025-05-29T17:06:08.519+0300][gc,metaspace] CDS archive(s) mapped at: [0x000075b3bf000000-0x000075b3bfbc7000-0x000075b3bfbc7000), size 12349440, SharedBaseAddress: 0x000075b3bf000000, ArchiveRelocationMode: 1.
[2025-05-29T17:06:08.519+0300][gc,metaspace] Compressed class space mapped at: 0x000075b3c0000000-0x000075b400000000, reserved size: 1073741824
[2025-05-29T17:06:08.519+0300][gc,metaspace] Narrow klass base: 0x000075b3bf000000, Narrow klass shift: 0, Narrow klass range: 0x100000000
[2025-05-29T17:06:10.491+0300][gc,start    ] GC(0) Pause Young (Normal) (G1 Evacuation Pause)
[2025-05-29T17:06:10.493+0300][gc,task     ] GC(0) Using 8 workers of 8 for evacuation
[2025-05-29T17:06:10.513+0300][gc,phases   ] GC(0)   Pre Evacuate Collection Set: 0.2ms
[2025-05-29T17:06:10.513+0300][gc,phases   ] GC(0)   Merge Heap Roots: 0.6ms
[2025-05-29T17:06:10.513+0300][gc,phases   ] GC(0)   Evacuate Collection Set: 17.0ms
[2025-05-29T17:06:10.513+0300][gc,phases   ] GC(0)   Post Evacuate Collection Set: 1.1ms
[2025-05-29T17:06:10.513+0300][gc,phases   ] GC(0)   Other: 2.8ms
[2025-05-29T17:06:10.513+0300][gc,heap     ] GC(0) Eden regions: 51->0(44)
[2025-05-29T17:06:10.513+0300][gc,heap     ] GC(0) Survivor regions: 0->7(7)
[2025-05-29T17:06:10.513+0300][gc,heap     ] GC(0) Old regions: 0->2
[2025-05-29T17:06:10.513+0300][gc,heap     ] GC(0) Archive regions: 2->2
[2025-05-29T17:06:10.513+0300][gc,heap     ] GC(0) Humongous regions: 0->0
[2025-05-29T17:06:10.513+0300][gc,metaspace] GC(0) Metaspace: 16955K(17216K)->16955K(17216K) NonClass: 14895K(15040K)->14895K(15040K) Class: 2060K(2176K)->2060K(2176K)
[2025-05-29T17:06:10.513+0300][gc          ] GC(0) Pause Young (Normal) (G1 Evacuation Pause) 51M->8M(1024M) 21.987ms
[2025-05-29T17:06:10.513+0300][gc,cpu      ] GC(0) User=0.03s Sys=0.04s Real=0.02s
[2025-05-29T17:06:10.891+0300][gc,start    ] GC(1) Pause Young (Concurrent Start) (Metadata GC Threshold)
[2025-05-29T17:06:10.891+0300][gc,task     ] GC(1) Using 8 workers of 8 for evacuation
[2025-05-29T17:06:10.903+0300][gc,phases   ] GC(1)   Pre Evacuate Collection Set: 0.3ms
[2025-05-29T17:06:10.903+0300][gc,phases   ] GC(1)   Merge Heap Roots: 0.1ms
[2025-05-29T17:06:10.903+0300][gc,phases   ] GC(1)   Evacuate Collection Set: 10.5ms
[2025-05-29T17:06:10.903+0300][gc,phases   ] GC(1)   Post Evacuate Collection Set: 1.0ms
[2025-05-29T17:06:10.903+0300][gc,phases   ] GC(1)   Other: 0.3ms
[2025-05-29T17:06:10.903+0300][gc,heap     ] GC(1) Eden regions: 14->0(49)
[2025-05-29T17:06:10.903+0300][gc,heap     ] GC(1) Survivor regions: 7->2(7)
[2025-05-29T17:06:10.903+0300][gc,heap     ] GC(1) Old regions: 2->8
[2025-05-29T17:06:10.903+0300][gc,heap     ] GC(1) Archive regions: 2->2
[2025-05-29T17:06:10.903+0300][gc,heap     ] GC(1) Humongous regions: 0->0
[2025-05-29T17:06:10.903+0300][gc,metaspace] GC(1) Metaspace: 21302K(21504K)->21302K(21504K) NonClass: 18665K(18752K)->18665K(18752K) Class: 2637K(2752K)->2637K(2752K)
[2025-05-29T17:06:10.903+0300][gc          ] GC(1) Pause Young (Concurrent Start) (Metadata GC Threshold) 22M->9M(1024M) 12.385ms
[2025-05-29T17:06:10.903+0300][gc,cpu      ] GC(1) User=0.04s Sys=0.02s Real=0.01s
[2025-05-29T17:06:10.903+0300][gc          ] GC(2) Concurrent Mark Cycle
[2025-05-29T17:06:10.903+0300][gc,marking  ] GC(2) Concurrent Clear Claimed Marks
[2025-05-29T17:06:10.903+0300][gc,marking  ] GC(2) Concurrent Clear Claimed Marks 0.028ms
[2025-05-29T17:06:10.903+0300][gc,marking  ] GC(2) Concurrent Scan Root Regions
[2025-05-29T17:06:10.907+0300][gc,marking  ] GC(2) Concurrent Scan Root Regions 3.318ms
[2025-05-29T17:06:10.907+0300][gc,marking  ] GC(2) Concurrent Mark
[2025-05-29T17:06:10.907+0300][gc,marking  ] GC(2) Concurrent Mark From Roots
[2025-05-29T17:06:10.907+0300][gc,task     ] GC(2) Using 2 workers of 2 for marking
[2025-05-29T17:06:10.910+0300][gc,marking  ] GC(2) Concurrent Mark From Roots 3.379ms
[2025-05-29T17:06:10.910+0300][gc,marking  ] GC(2) Concurrent Preclean
[2025-05-29T17:06:10.910+0300][gc,marking  ] GC(2) Concurrent Preclean 0.208ms
[2025-05-29T17:06:10.911+0300][gc,start    ] GC(2) Pause Remark
[2025-05-29T17:06:10.914+0300][gc          ] GC(2) Pause Remark 10M->10M(1024M) 3.381ms
[2025-05-29T17:06:10.914+0300][gc,cpu      ] GC(2) User=0.01s Sys=0.00s Real=0.01s
[2025-05-29T17:06:10.914+0300][gc,marking  ] GC(2) Concurrent Mark 7.571ms
[2025-05-29T17:06:10.914+0300][gc,marking  ] GC(2) Concurrent Rebuild Remembered Sets
[2025-05-29T17:06:10.918+0300][gc,marking  ] GC(2) Concurrent Rebuild Remembered Sets 3.355ms
[2025-05-29T17:06:10.918+0300][gc,start    ] GC(2) Pause Cleanup
[2025-05-29T17:06:10.919+0300][gc          ] GC(2) Pause Cleanup 10M->10M(1024M) 0.428ms
[2025-05-29T17:06:10.919+0300][gc,cpu      ] GC(2) User=0.01s Sys=0.00s Real=0.00s
[2025-05-29T17:06:10.919+0300][gc,marking  ] GC(2) Concurrent Cleanup for Next Mark
[2025-05-29T17:06:10.940+0300][gc,marking  ] GC(2) Concurrent Cleanup for Next Mark 20.884ms
[2025-05-29T17:06:10.940+0300][gc          ] GC(2) Concurrent Mark Cycle 36.426ms
[2025-05-29T17:06:13.124+0300][gc,start    ] GC(3) Pause Young (Normal) (G1 Evacuation Pause)
[2025-05-29T17:06:13.124+0300][gc,task     ] GC(3) Using 8 workers of 8 for evacuation
[2025-05-29T17:06:13.131+0300][gc,phases   ] GC(3)   Pre Evacuate Collection Set: 0.3ms
[2025-05-29T17:06:13.132+0300][gc,phases   ] GC(3)   Merge Heap Roots: 0.3ms
[2025-05-29T17:06:13.132+0300][gc,phases   ] GC(3)   Evacuate Collection Set: 5.4ms
[2025-05-29T17:06:13.132+0300][gc,phases   ] GC(3)   Post Evacuate Collection Set: 1.3ms
[2025-05-29T17:06:13.132+0300][gc,phases   ] GC(3)   Other: 0.2ms
[2025-05-29T17:06:13.132+0300][gc,heap     ] GC(3) Eden regions: 49->0(45)
[2025-05-29T17:06:13.132+0300][gc,heap     ] GC(3) Survivor regions: 2->6(7)
[2025-05-29T17:06:13.132+0300][gc,heap     ] GC(3) Old regions: 8->8
[2025-05-29T17:06:13.132+0300][gc,heap     ] GC(3) Archive regions: 2->2
[2025-05-29T17:06:13.132+0300][gc,heap     ] GC(3) Humongous regions: 0->0
[2025-05-29T17:06:13.132+0300][gc,metaspace] GC(3) Metaspace: 33487K(33856K)->33487K(33856K) NonClass: 29583K(29760K)->29583K(29760K) Class: 3903K(4096K)->3903K(4096K)
[2025-05-29T17:06:13.132+0300][gc          ] GC(3) Pause Young (Normal) (G1 Evacuation Pause) 58M->14M(1024M) 7.670ms
[2025-05-29T17:06:13.132+0300][gc,cpu      ] GC(3) User=0.04s Sys=0.00s Real=0.01s
[2025-05-29T17:06:14.700+0300][gc,start    ] GC(4) Pause Young (Concurrent Start) (Metadata GC Threshold)
[2025-05-29T17:06:14.700+0300][gc,task     ] GC(4) Using 8 workers of 8 for evacuation
[2025-05-29T17:06:14.723+0300][gc,mmu      ] GC(4) MMU target violated: 21.0ms (20.0ms/21.0ms)
[2025-05-29T17:06:14.723+0300][gc,phases   ] GC(4)   Pre Evacuate Collection Set: 0.5ms
[2025-05-29T17:06:14.723+0300][gc,phases   ] GC(4)   Merge Heap Roots: 0.1ms
[2025-05-29T17:06:14.723+0300][gc,phases   ] GC(4)   Evacuate Collection Set: 16.2ms
[2025-05-29T17:06:14.723+0300][gc,phases   ] GC(4)   Post Evacuate Collection Set: 6.0ms
[2025-05-29T17:06:14.723+0300][gc,phases   ] GC(4)   Other: 0.3ms
[2025-05-29T17:06:14.723+0300][gc,heap     ] GC(4) Eden regions: 31->0(50)
[2025-05-29T17:06:14.723+0300][gc,heap     ] GC(4) Survivor regions: 6->1(7)
[2025-05-29T17:06:14.723+0300][gc,heap     ] GC(4) Old regions: 8->14
[2025-05-29T17:06:14.723+0300][gc,heap     ] GC(4) Archive regions: 2->2
[2025-05-29T17:06:14.723+0300][gc,heap     ] GC(4) Humongous regions: 1->1
[2025-05-29T17:06:14.723+0300][gc,metaspace] GC(4) Metaspace: 35676K(35968K)->35676K(35968K) NonClass: 31547K(31680K)->31547K(31680K) Class: 4128K(4288K)->4128K(4288K)
[2025-05-29T17:06:14.723+0300][gc          ] GC(4) Pause Young (Concurrent Start) (Metadata GC Threshold) 46M->16M(1024M) 23.212ms
[2025-05-29T17:06:14.723+0300][gc,cpu      ] GC(4) User=0.07s Sys=0.02s Real=0.02s
[2025-05-29T17:06:14.723+0300][gc          ] GC(5) Concurrent Mark Cycle
[2025-05-29T17:06:14.723+0300][gc,marking  ] GC(5) Concurrent Clear Claimed Marks
[2025-05-29T17:06:14.723+0300][gc,marking  ] GC(5) Concurrent Clear Claimed Marks 0.054ms
[2025-05-29T17:06:14.723+0300][gc,marking  ] GC(5) Concurrent Scan Root Regions
[2025-05-29T17:06:14.731+0300][gc,marking  ] GC(5) Concurrent Scan Root Regions 7.269ms
[2025-05-29T17:06:14.731+0300][gc,marking  ] GC(5) Concurrent Mark
[2025-05-29T17:06:14.731+0300][gc,marking  ] GC(5) Concurrent Mark From Roots
[2025-05-29T17:06:14.731+0300][gc,task     ] GC(5) Using 2 workers of 2 for marking
[2025-05-29T17:06:14.746+0300][gc,marking  ] GC(5) Concurrent Mark From Roots 15.315ms
[2025-05-29T17:06:14.749+0300][gc,marking  ] GC(5) Concurrent Preclean
[2025-05-29T17:06:14.749+0300][gc,marking  ] GC(5) Concurrent Preclean 0.390ms
[2025-05-29T17:06:14.750+0300][gc,start    ] GC(5) Pause Remark
[2025-05-29T17:06:14.758+0300][gc          ] GC(5) Pause Remark 17M->17M(1024M) 8.304ms
[2025-05-29T17:06:14.758+0300][gc,cpu      ] GC(5) User=0.03s Sys=0.00s Real=0.01s
[2025-05-29T17:06:14.758+0300][gc,marking  ] GC(5) Concurrent Mark 27.338ms
[2025-05-29T17:06:14.758+0300][gc,marking  ] GC(5) Concurrent Rebuild Remembered Sets
[2025-05-29T17:06:14.767+0300][gc,marking  ] GC(5) Concurrent Rebuild Remembered Sets 9.416ms
[2025-05-29T17:06:14.768+0300][gc,start    ] GC(5) Pause Cleanup
[2025-05-29T17:06:14.768+0300][gc          ] GC(5) Pause Cleanup 17M->17M(1024M) 0.268ms
[2025-05-29T17:06:14.768+0300][gc,cpu      ] GC(5) User=0.00s Sys=0.00s Real=0.00s
[2025-05-29T17:06:14.769+0300][gc,marking  ] GC(5) Concurrent Cleanup for Next Mark
[2025-05-29T17:06:14.826+0300][gc,marking  ] GC(5) Concurrent Cleanup for Next Mark 57.533ms
[2025-05-29T17:06:14.826+0300][gc          ] GC(5) Concurrent Mark Cycle 103.004ms
[2025-05-29T17:05:34.719+0300][gc,start    ] GC(6) Pause Young (Normal) (G1 Evacuation Pause)
[2025-05-29T17:05:34.719+0300][gc,task     ] GC(6) Using 8 workers of 8 for evacuation
[2025-05-29T17:05:34.732+0300][gc,phases   ] GC(6)   Pre Evacuate Collection Set: 0.4ms
[2025-05-29T17:05:34.732+0300][gc,phases   ] GC(6)   Merge Heap Roots: 0.3ms
[2025-05-29T17:05:34.732+0300][gc,phases   ] GC(6)   Evacuate Collection Set: 8.8ms
[2025-05-29T17:05:34.732+0300][gc,phases   ] GC(6)   Post Evacuate Collection Set: 3.5ms
[2025-05-29T17:05:34.732+0300][gc,phases   ] GC(6)   Other: 0.2ms
[2025-05-29T17:05:34.732+0300][gc,heap     ] GC(6) Eden regions: 50->0(46)
[2025-05-29T17:05:34.732+0300][gc,heap     ] GC(6) Survivor regions: 1->5(7)
[2025-05-29T17:05:34.732+0300][gc,heap     ] GC(6) Old regions: 14->14
[2025-05-29T17:05:34.732+0300][gc,heap     ] GC(6) Archive regions: 2->2
[2025-05-29T17:05:34.732+0300][gc,heap     ] GC(6) Humongous regions: 3->3
[2025-05-29T17:05:34.732+0300][gc,metaspace] GC(6) Metaspace: 43630K(44224K)->43630K(44224K) NonClass: 38493K(38784K)->38493K(38784K) Class: 5136K(5440K)->5136K(5440K)
[2025-05-29T17:05:34.732+0300][gc          ] GC(6) Pause Young (Normal) (G1 Evacuation Pause) 68M->21M(1024M) 13.481ms
[2025-05-29T17:05:34.732+0300][gc,cpu      ] GC(6) User=0.04s Sys=0.02s Real=0.01s
[2025-05-29T17:06:20.245+0300][gc,start    ] GC(7) Pause Young (Normal) (G1 Evacuation Pause)
[2025-05-29T17:06:20.245+0300][gc,task     ] GC(7) Using 8 workers of 8 for evacuation
[2025-05-29T17:06:20.275+0300][gc,mmu      ] GC(7) MMU target violated: 21.0ms (20.0ms/21.0ms)
[2025-05-29T17:06:20.276+0300][gc,phases   ] GC(7)   Pre Evacuate Collection Set: 0.6ms
[2025-05-29T17:06:20.276+0300][gc,phases   ] GC(7)   Merge Heap Roots: 0.5ms
[2025-05-29T17:06:20.276+0300][gc,phases   ] GC(7)   Evacuate Collection Set: 27.0ms
[2025-05-29T17:06:20.276+0300][gc,phases   ] GC(7)   Post Evacuate Collection Set: 1.1ms
[2025-05-29T17:06:20.276+0300][gc,phases   ] GC(7)   Other: 1.3ms
[2025-05-29T17:06:20.276+0300][gc,heap     ] GC(7) Eden regions: 46->0(47)
[2025-05-29T17:06:20.276+0300][gc,heap     ] GC(7) Survivor regions: 5->4(7)
[2025-05-29T17:06:20.276+0300][gc,heap     ] GC(7) Old regions: 14->18
[2025-05-29T17:06:20.276+0300][gc,heap     ] GC(7) Archive regions: 2->2
[2025-05-29T17:06:20.276+0300][gc,heap     ] GC(7) Humongous regions: 12->10
[2025-05-29T17:06:20.276+0300][gc,metaspace] GC(7) Metaspace: 45207K(45888K)->45207K(45888K) NonClass: 39893K(40256K)->39893K(40256K) Class: 5314K(5632K)->5314K(5632K)
[2025-05-29T17:06:20.276+0300][gc          ] GC(7) Pause Young (Normal) (G1 Evacuation Pause) 76M->31M(1024M) 30.819ms
[2025-05-29T17:06:20.276+0300][gc,cpu      ] GC(7) User=0.10s Sys=0.04s Real=0.04s
[2025-05-29T17:06:48.196+0300][gc,start    ] GC(8) Pause Young (Normal) (G1 Evacuation Pause)
[2025-05-29T17:06:48.196+0300][gc,task     ] GC(8) Using 8 workers of 8 for evacuation
[2025-05-29T17:06:48.258+0300][gc,mmu      ] GC(8) MMU target violated: 21.0ms (20.0ms/21.0ms)
[2025-05-29T17:06:48.258+0300][gc,phases   ] GC(8)   Pre Evacuate Collection Set: 0.4ms
[2025-05-29T17:06:48.258+0300][gc,phases   ] GC(8)   Merge Heap Roots: 0.2ms
[2025-05-29T17:06:48.258+0300][gc,phases   ] GC(8)   Evacuate Collection Set: 44.7ms
[2025-05-29T17:06:48.258+0300][gc,phases   ] GC(8)   Post Evacuate Collection Set: 16.6ms
[2025-05-29T17:06:48.258+0300][gc,phases   ] GC(8)   Other: 0.5ms
[2025-05-29T17:06:48.258+0300][gc,heap     ] GC(8) Eden regions: 47->0(44)
[2025-05-29T17:06:48.258+0300][gc,heap     ] GC(8) Survivor regions: 4->7(7)
[2025-05-29T17:06:48.258+0300][gc,heap     ] GC(8) Old regions: 18->18
[2025-05-29T17:06:48.258+0300][gc,heap     ] GC(8) Archive regions: 2->2
[2025-05-29T17:06:48.258+0300][gc,heap     ] GC(8) Humongous regions: 139->139
[2025-05-29T17:06:48.258+0300][gc,metaspace] GC(8) Metaspace: 51097K(52096K)->51097K(52096K) NonClass: 45052K(45568K)->45052K(45568K) Class: 6045K(6528K)->6045K(6528K)
[2025-05-29T17:06:48.258+0300][gc          ] GC(8) Pause Young (Normal) (G1 Evacuation Pause) 207M->164M(1024M) 62.477ms
[2025-05-29T17:06:48.258+0300][gc,cpu      ] GC(8) User=0.08s Sys=0.01s Real=0.06s
[2025-05-29T17:06:58.111+0300][gc,heap,exit] Heap
[2025-05-29T17:06:58.111+0300][gc,heap,exit]  garbage-first heap   total 1048576K, used 176736K [0x00000000c0000000, 0x0000000100000000)
[2025-05-29T17:06:58.111+0300][gc,heap,exit]   region size 1024K, 16 young (16384K), 7 survivors (7168K)
[2025-05-29T17:06:58.111+0300][gc,heap,exit]  Metaspace       used 51420K, committed 52480K, reserved 1114112K
[2025-05-29T17:06:58.111+0300][gc,heap,exit]   class space    used 6091K, committed 6592K, reserved 1048576K
