[2025-05-29T17:06:43.073+0300][gc] Using G1
[2025-05-29T17:06:43.094+0300][gc,init] Version: 17.0.15+6-Ubuntu-0ubuntu124.04 (release)
[2025-05-29T17:06:43.094+0300][gc,init] CPUs: 8 total, 8 available
[2025-05-29T17:06:43.094+0300][gc,init] Memory: 7846M
[2025-05-29T17:06:43.094+0300][gc,init] Large Page Support: Disabled
[2025-05-29T17:06:43.094+0300][gc,init] NUMA Support: Disabled
[2025-05-29T17:06:43.094+0300][gc,init] Compressed Oops: Enabled (32-bit)
[2025-05-29T17:06:43.094+0300][gc,init] Heap Region Size: 1M
[2025-05-29T17:06:43.094+0300][gc,init] Heap Min Capacity: 1G
[2025-05-29T17:06:43.094+0300][gc,init] Heap Initial Capacity: 1G
[2025-05-29T17:06:43.094+0300][gc,init] Heap Max Capacity: 1G
[2025-05-29T17:06:43.094+0300][gc,init] Pre-touch: Disabled
[2025-05-29T17:06:43.094+0300][gc,init] Parallel Workers: 8
[2025-05-29T17:06:43.094+0300][gc,init] Concurrent Workers: 2
[2025-05-29T17:06:43.094+0300][gc,init] Concurrent Refinement Workers: 8
[2025-05-29T17:06:43.094+0300][gc,init] Periodic GC: Disabled
[2025-05-29T17:06:43.110+0300][gc,metaspace] CDS archive(s) mapped at: [0x0000783a8f000000-0x0000783a8fbc7000-0x0000783a8fbc7000), size 12349440, SharedBaseAddress: 0x0000783a8f000000, ArchiveRelocationMode: 1.
[2025-05-29T17:06:43.110+0300][gc,metaspace] Compressed class space mapped at: 0x0000783a90000000-0x0000783ad0000000, reserved size: 1073741824
[2025-05-29T17:06:43.110+0300][gc,metaspace] Narrow klass base: 0x0000783a8f000000, Narrow klass shift: 0, Narrow klass range: 0x100000000
[2025-05-29T17:06:47.475+0300][gc,start    ] GC(0) Pause Young (Normal) (G1 Evacuation Pause)
[2025-05-29T17:06:47.529+0300][gc,task     ] GC(0) Using 8 workers of 8 for evacuation
[2025-05-29T17:06:47.584+0300][gc,mmu      ] GC(0) MMU target violated: 21.0ms (20.0ms/21.0ms)
[2025-05-29T17:06:47.584+0300][gc,phases   ] GC(0)   Pre Evacuate Collection Set: 12.1ms
[2025-05-29T17:06:47.584+0300][gc,phases   ] GC(0)   Merge Heap Roots: 0.2ms
[2025-05-29T17:06:47.584+0300][gc,phases   ] GC(0)   Evacuate Collection Set: 41.1ms
[2025-05-29T17:06:47.584+0300][gc,phases   ] GC(0)   Post Evacuate Collection Set: 1.6ms
[2025-05-29T17:06:47.584+0300][gc,phases   ] GC(0)   Other: 53.3ms
[2025-05-29T17:06:47.584+0300][gc,heap     ] GC(0) Eden regions: 51->0(44)
[2025-05-29T17:06:47.584+0300][gc,heap     ] GC(0) Survivor regions: 0->7(7)
[2025-05-29T17:06:47.584+0300][gc,heap     ] GC(0) Old regions: 0->1
[2025-05-29T17:06:47.584+0300][gc,heap     ] GC(0) Archive regions: 2->2
[2025-05-29T17:06:47.584+0300][gc,heap     ] GC(0) Humongous regions: 0->0
[2025-05-29T17:06:47.584+0300][gc,metaspace] GC(0) Metaspace: 16649K(16832K)->16649K(16832K) NonClass: 14679K(14784K)->14679K(14784K) Class: 1969K(2048K)->1969K(2048K)
[2025-05-29T17:06:47.584+0300][gc          ] GC(0) Pause Young (Normal) (G1 Evacuation Pause) 51M->8M(1024M) 108.486ms
[2025-05-29T17:06:47.584+0300][gc,cpu      ] GC(0) User=0.13s Sys=0.06s Real=0.10s
[2025-05-29T17:06:50.142+0300][gc,start    ] GC(1) Pause Young (Concurrent Start) (Metadata GC Threshold)
[2025-05-29T17:06:50.142+0300][gc,task     ] GC(1) Using 8 workers of 8 for evacuation
[2025-05-29T17:06:50.218+0300][gc,mmu      ] GC(1) MMU target violated: 21.0ms (20.0ms/21.0ms)
[2025-05-29T17:06:50.218+0300][gc,phases   ] GC(1)   Pre Evacuate Collection Set: 0.3ms
[2025-05-29T17:06:50.218+0300][gc,phases   ] GC(1)   Merge Heap Roots: 0.2ms
[2025-05-29T17:06:50.218+0300][gc,phases   ] GC(1)   Evacuate Collection Set: 73.7ms
[2025-05-29T17:06:50.218+0300][gc,phases   ] GC(1)   Post Evacuate Collection Set: 1.4ms
[2025-05-29T17:06:50.218+0300][gc,phases   ] GC(1)   Other: 0.6ms
[2025-05-29T17:06:50.218+0300][gc,heap     ] GC(1) Eden regions: 15->0(49)
[2025-05-29T17:06:50.218+0300][gc,heap     ] GC(1) Survivor regions: 7->2(7)
[2025-05-29T17:06:50.219+0300][gc,heap     ] GC(1) Old regions: 1->8
[2025-05-29T17:06:50.219+0300][gc,heap     ] GC(1) Archive regions: 2->2
[2025-05-29T17:06:50.219+0300][gc,heap     ] GC(1) Humongous regions: 0->0
[2025-05-29T17:06:50.219+0300][gc,metaspace] GC(1) Metaspace: 21275K(21504K)->21275K(21504K) NonClass: 18640K(18752K)->18640K(18752K) Class: 2634K(2752K)->2634K(2752K)
[2025-05-29T17:06:50.219+0300][gc          ] GC(1) Pause Young (Concurrent Start) (Metadata GC Threshold) 23M->9M(1024M) 76.439ms
[2025-05-29T17:06:50.219+0300][gc,cpu      ] GC(1) User=0.09s Sys=0.07s Real=0.07s
[2025-05-29T17:06:50.219+0300][gc          ] GC(2) Concurrent Mark Cycle
[2025-05-29T17:06:50.219+0300][gc,marking  ] GC(2) Concurrent Clear Claimed Marks
[2025-05-29T17:06:50.219+0300][gc,marking  ] GC(2) Concurrent Clear Claimed Marks 0.031ms
[2025-05-29T17:06:50.219+0300][gc,marking  ] GC(2) Concurrent Scan Root Regions
[2025-05-29T17:06:50.237+0300][gc,marking  ] GC(2) Concurrent Scan Root Regions 18.108ms
[2025-05-29T17:06:50.237+0300][gc,marking  ] GC(2) Concurrent Mark
[2025-05-29T17:06:50.237+0300][gc,marking  ] GC(2) Concurrent Mark From Roots
[2025-05-29T17:06:50.237+0300][gc,task     ] GC(2) Using 2 workers of 2 for marking
[2025-05-29T17:06:50.248+0300][gc,marking  ] GC(2) Concurrent Mark From Roots 11.319ms
[2025-05-29T17:06:50.248+0300][gc,marking  ] GC(2) Concurrent Preclean
[2025-05-29T17:06:50.249+0300][gc,marking  ] GC(2) Concurrent Preclean 0.197ms
[2025-05-29T17:06:50.250+0300][gc,start    ] GC(2) Pause Remark
[2025-05-29T17:06:50.314+0300][gc,mmu      ] GC(2) MMU target violated: 21.0ms (20.0ms/21.0ms)
[2025-05-29T17:06:50.315+0300][gc          ] GC(2) Pause Remark 10M->10M(1024M) 64.614ms
[2025-05-29T17:06:50.315+0300][gc,cpu      ] GC(2) User=0.09s Sys=0.03s Real=0.06s
[2025-05-29T17:06:50.315+0300][gc,marking  ] GC(2) Concurrent Mark 77.759ms
[2025-05-29T17:06:50.315+0300][gc,marking  ] GC(2) Concurrent Rebuild Remembered Sets
[2025-05-29T17:06:50.359+0300][gc,marking  ] GC(2) Concurrent Rebuild Remembered Sets 43.886ms
[2025-05-29T17:06:50.390+0300][gc,start    ] GC(2) Pause Cleanup
[2025-05-29T17:06:50.391+0300][gc          ] GC(2) Pause Cleanup 10M->10M(1024M) 0.487ms
[2025-05-29T17:06:50.391+0300][gc,cpu      ] GC(2) User=0.00s Sys=0.00s Real=0.00s
[2025-05-29T17:06:50.391+0300][gc,marking  ] GC(2) Concurrent Cleanup for Next Mark
[2025-05-29T17:06:50.433+0300][gc,marking  ] GC(2) Concurrent Cleanup for Next Mark 42.159ms
[2025-05-29T17:06:50.434+0300][gc          ] GC(2) Concurrent Mark Cycle 214.906ms
[2025-05-29T17:06:56.598+0300][gc,start    ] GC(3) Pause Young (Normal) (G1 Evacuation Pause)
[2025-05-29T17:06:56.598+0300][gc,task     ] GC(3) Using 8 workers of 8 for evacuation
[2025-05-29T17:06:56.641+0300][gc,mmu      ] GC(3) MMU target violated: 21.0ms (20.0ms/21.0ms)
[2025-05-29T17:06:56.641+0300][gc,phases   ] GC(3)   Pre Evacuate Collection Set: 0.4ms
[2025-05-29T17:06:56.641+0300][gc,phases   ] GC(3)   Merge Heap Roots: 0.1ms
[2025-05-29T17:06:56.642+0300][gc,phases   ] GC(3)   Evacuate Collection Set: 39.7ms
[2025-05-29T17:06:56.642+0300][gc,phases   ] GC(3)   Post Evacuate Collection Set: 2.8ms
[2025-05-29T17:06:56.642+0300][gc,phases   ] GC(3)   Other: 0.5ms
[2025-05-29T17:06:56.642+0300][gc,heap     ] GC(3) Eden regions: 49->0(45)
[2025-05-29T17:06:56.642+0300][gc,heap     ] GC(3) Survivor regions: 2->6(7)
[2025-05-29T17:06:56.642+0300][gc,heap     ] GC(3) Old regions: 8->8
[2025-05-29T17:06:56.642+0300][gc,heap     ] GC(3) Archive regions: 2->2
[2025-05-29T17:06:56.642+0300][gc,heap     ] GC(3) Humongous regions: 0->0
[2025-05-29T17:06:56.642+0300][gc,metaspace] GC(3) Metaspace: 33471K(33856K)->33471K(33856K) NonClass: 29563K(29760K)->29563K(29760K) Class: 3908K(4096K)->3908K(4096K)
[2025-05-29T17:06:56.643+0300][gc          ] GC(3) Pause Young (Normal) (G1 Evacuation Pause) 58M->14M(1024M) 44.719ms
[2025-05-29T17:06:56.643+0300][gc,cpu      ] GC(3) User=0.09s Sys=0.01s Real=0.05s
[2025-05-29T17:07:00.207+0300][gc,start    ] GC(4) Pause Young (Concurrent Start) (Metadata GC Threshold)
[2025-05-29T17:07:00.208+0300][gc,task     ] GC(4) Using 8 workers of 8 for evacuation
[2025-05-29T17:07:00.316+0300][gc,mmu      ] GC(4) MMU target violated: 21.0ms (20.0ms/21.0ms)
[2025-05-29T17:07:00.316+0300][gc,phases   ] GC(4)   Pre Evacuate Collection Set: 0.4ms
[2025-05-29T17:07:00.316+0300][gc,phases   ] GC(4)   Merge Heap Roots: 0.1ms
[2025-05-29T17:07:00.316+0300][gc,phases   ] GC(4)   Evacuate Collection Set: 105.7ms
[2025-05-29T17:07:00.316+0300][gc,phases   ] GC(4)   Post Evacuate Collection Set: 1.9ms
[2025-05-29T17:07:00.317+0300][gc,phases   ] GC(4)   Other: 0.5ms
[2025-05-29T17:07:00.317+0300][gc,heap     ] GC(4) Eden regions: 31->0(50)
[2025-05-29T17:07:00.317+0300][gc,heap     ] GC(4) Survivor regions: 6->1(7)
[2025-05-29T17:07:00.317+0300][gc,heap     ] GC(4) Old regions: 8->14
[2025-05-29T17:07:00.317+0300][gc,heap     ] GC(4) Archive regions: 2->2
[2025-05-29T17:07:00.317+0300][gc,heap     ] GC(4) Humongous regions: 1->1
[2025-05-29T17:07:00.317+0300][gc,metaspace] GC(4) Metaspace: 35769K(36096K)->35769K(36096K) NonClass: 31619K(31808K)->31619K(31808K) Class: 4149K(4288K)->4149K(4288K)
[2025-05-29T17:07:00.318+0300][gc          ] GC(4) Pause Young (Concurrent Start) (Metadata GC Threshold) 46M->16M(1024M) 110.166ms
[2025-05-29T17:07:00.318+0300][gc,cpu      ] GC(4) User=0.14s Sys=0.08s Real=0.12s
[2025-05-29T17:07:00.318+0300][gc          ] GC(5) Concurrent Mark Cycle
[2025-05-29T17:07:00.318+0300][gc,marking  ] GC(5) Concurrent Clear Claimed Marks
[2025-05-29T17:07:00.318+0300][gc,marking  ] GC(5) Concurrent Clear Claimed Marks 0.048ms
[2025-05-29T17:07:00.318+0300][gc,marking  ] GC(5) Concurrent Scan Root Regions
[2025-05-29T17:07:00.346+0300][gc,marking  ] GC(5) Concurrent Scan Root Regions 27.515ms
[2025-05-29T17:07:00.346+0300][gc,marking  ] GC(5) Concurrent Mark
[2025-05-29T17:07:00.346+0300][gc,marking  ] GC(5) Concurrent Mark From Roots
[2025-05-29T17:07:00.346+0300][gc,task     ] GC(5) Using 2 workers of 2 for marking
[2025-05-29T17:07:00.422+0300][gc,marking  ] GC(5) Concurrent Mark From Roots 75.979ms
[2025-05-29T17:07:00.422+0300][gc,marking  ] GC(5) Concurrent Preclean
[2025-05-29T17:07:00.422+0300][gc,marking  ] GC(5) Concurrent Preclean 0.333ms
[2025-05-29T17:07:00.422+0300][gc,start    ] GC(5) Pause Remark
[2025-05-29T17:07:00.447+0300][gc,mmu      ] GC(5) MMU target violated: 21.0ms (20.0ms/21.0ms)
[2025-05-29T17:07:00.447+0300][gc          ] GC(5) Pause Remark 17M->17M(1024M) 24.977ms
[2025-05-29T17:07:00.448+0300][gc,cpu      ] GC(5) User=0.03s Sys=0.03s Real=0.03s
[2025-05-29T17:07:00.452+0300][gc,marking  ] GC(5) Concurrent Mark 106.088ms
[2025-05-29T17:07:00.452+0300][gc,marking  ] GC(5) Concurrent Rebuild Remembered Sets
[2025-05-29T17:07:00.479+0300][gc,marking  ] GC(5) Concurrent Rebuild Remembered Sets 26.800ms
[2025-05-29T17:07:00.517+0300][gc,start    ] GC(5) Pause Cleanup
[2025-05-29T17:07:00.517+0300][gc          ] GC(5) Pause Cleanup 17M->17M(1024M) 0.755ms
[2025-05-29T17:07:00.517+0300][gc,cpu      ] GC(5) User=0.00s Sys=0.00s Real=0.00s
[2025-05-29T17:07:00.518+0300][gc,marking  ] GC(5) Concurrent Cleanup for Next Mark
[2025-05-29T17:07:00.586+0300][gc,marking  ] GC(5) Concurrent Cleanup for Next Mark 68.221ms
[2025-05-29T17:07:00.586+0300][gc          ] GC(5) Concurrent Mark Cycle 268.015ms
[2025-05-29T17:07:04.685+0300][gc,start    ] GC(6) Pause Young (Normal) (G1 Evacuation Pause)
[2025-05-29T17:07:04.686+0300][gc,task     ] GC(6) Using 8 workers of 8 for evacuation
[2025-05-29T17:07:04.714+0300][gc,mmu      ] GC(6) MMU target violated: 21.0ms (20.0ms/21.0ms)
[2025-05-29T17:07:04.714+0300][gc,phases   ] GC(6)   Pre Evacuate Collection Set: 0.5ms
[2025-05-29T17:07:04.714+0300][gc,phases   ] GC(6)   Merge Heap Roots: 0.1ms
[2025-05-29T17:07:04.714+0300][gc,phases   ] GC(6)   Evacuate Collection Set: 25.4ms
[2025-05-29T17:07:04.714+0300][gc,phases   ] GC(6)   Post Evacuate Collection Set: 1.5ms
[2025-05-29T17:07:04.714+0300][gc,phases   ] GC(6)   Other: 1.6ms
[2025-05-29T17:07:04.714+0300][gc,heap     ] GC(6) Eden regions: 50->0(44)
[2025-05-29T17:07:04.714+0300][gc,heap     ] GC(6) Survivor regions: 1->7(7)
[2025-05-29T17:07:04.714+0300][gc,heap     ] GC(6) Old regions: 14->14
[2025-05-29T17:07:04.714+0300][gc,heap     ] GC(6) Archive regions: 2->2
[2025-05-29T17:07:04.714+0300][gc,heap     ] GC(6) Humongous regions: 2->2
[2025-05-29T17:07:04.714+0300][gc,metaspace] GC(6) Metaspace: 43577K(44160K)->43577K(44160K) NonClass: 38436K(38720K)->38436K(38720K) Class: 5140K(5440K)->5140K(5440K)
[2025-05-29T17:07:04.714+0300][gc          ] GC(6) Pause Young (Normal) (G1 Evacuation Pause) 67M->22M(1024M) 29.337ms
[2025-05-29T17:07:04.714+0300][gc,cpu      ] GC(6) User=0.08s Sys=0.02s Real=0.02s
[2025-05-29T17:07:06.180+0300][gc,start    ] GC(7) Pause Young (Normal) (G1 Evacuation Pause)
[2025-05-29T17:07:06.181+0300][gc,task     ] GC(7) Using 8 workers of 8 for evacuation
[2025-05-29T17:07:06.235+0300][gc,mmu      ] GC(7) MMU target violated: 21.0ms (20.0ms/21.0ms)
[2025-05-29T17:07:06.235+0300][gc,phases   ] GC(7)   Pre Evacuate Collection Set: 0.4ms
[2025-05-29T17:07:06.235+0300][gc,phases   ] GC(7)   Merge Heap Roots: 0.2ms
[2025-05-29T17:07:06.235+0300][gc,phases   ] GC(7)   Evacuate Collection Set: 51.4ms
[2025-05-29T17:07:06.235+0300][gc,phases   ] GC(7)   Post Evacuate Collection Set: 1.3ms
[2025-05-29T17:07:06.235+0300][gc,phases   ] GC(7)   Other: 1.8ms
[2025-05-29T17:07:06.235+0300][gc,heap     ] GC(7) Eden regions: 44->0(48)
[2025-05-29T17:07:06.235+0300][gc,heap     ] GC(7) Survivor regions: 7->3(7)
[2025-05-29T17:07:06.235+0300][gc,heap     ] GC(7) Old regions: 14->20
[2025-05-29T17:07:06.235+0300][gc,heap     ] GC(7) Archive regions: 2->2
[2025-05-29T17:07:06.235+0300][gc,heap     ] GC(7) Humongous regions: 3->1
[2025-05-29T17:07:06.235+0300][gc,metaspace] GC(7) Metaspace: 45791K(46464K)->45791K(46464K) NonClass: 40436K(40768K)->40436K(40768K) Class: 5355K(5696K)->5355K(5696K)
[2025-05-29T17:07:06.235+0300][gc          ] GC(7) Pause Young (Normal) (G1 Evacuation Pause) 67M->23M(1024M) 55.298ms
[2025-05-29T17:07:06.235+0300][gc,cpu      ] GC(7) User=0.12s Sys=0.08s Real=0.06s
[2025-05-29T17:08:18.413+0300][gc,start    ] GC(8) Pause Young (Normal) (G1 Evacuation Pause)
[2025-05-29T17:08:18.413+0300][gc,task     ] GC(8) Using 8 workers of 8 for evacuation
[2025-05-29T17:08:18.421+0300][gc,phases   ] GC(8)   Pre Evacuate Collection Set: 0.4ms
[2025-05-29T17:08:18.421+0300][gc,phases   ] GC(8)   Merge Heap Roots: 0.2ms
[2025-05-29T17:08:18.421+0300][gc,phases   ] GC(8)   Evacuate Collection Set: 5.6ms
[2025-05-29T17:08:18.421+0300][gc,phases   ] GC(8)   Post Evacuate Collection Set: 1.6ms
[2025-05-29T17:08:18.421+0300][gc,phases   ] GC(8)   Other: 0.2ms
[2025-05-29T17:08:18.421+0300][gc,heap     ] GC(8) Eden regions: 48->0(45)
[2025-05-29T17:08:18.421+0300][gc,heap     ] GC(8) Survivor regions: 3->6(7)
[2025-05-29T17:08:18.421+0300][gc,heap     ] GC(8) Old regions: 20->20
[2025-05-29T17:08:18.421+0300][gc,heap     ] GC(8) Archive regions: 2->2
[2025-05-29T17:08:18.421+0300][gc,heap     ] GC(8) Humongous regions: 139->139
[2025-05-29T17:08:18.421+0300][gc,metaspace] GC(8) Metaspace: 51308K(52352K)->51308K(52352K) NonClass: 45231K(45760K)->45231K(45760K) Class: 6076K(6592K)->6076K(6592K)
[2025-05-29T17:08:18.421+0300][gc          ] GC(8) Pause Young (Normal) (G1 Evacuation Pause) 209M->164M(1024M) 8.287ms
[2025-05-29T17:08:18.421+0300][gc,cpu      ] GC(8) User=0.04s Sys=0.02s Real=0.01s
[2025-05-29T17:09:27.991+0300][gc,start    ] GC(9) Pause Young (Normal) (G1 Evacuation Pause)
[2025-05-29T17:09:27.991+0300][gc,task     ] GC(9) Using 8 workers of 8 for evacuation
[2025-05-29T17:09:27.998+0300][gc,phases   ] GC(9)   Pre Evacuate Collection Set: 0.3ms
[2025-05-29T17:09:27.998+0300][gc,phases   ] GC(9)   Merge Heap Roots: 0.2ms
[2025-05-29T17:09:27.998+0300][gc,phases   ] GC(9)   Evacuate Collection Set: 5.0ms
[2025-05-29T17:09:27.998+0300][gc,phases   ] GC(9)   Post Evacuate Collection Set: 1.3ms
[2025-05-29T17:09:27.999+0300][gc,phases   ] GC(9)   Other: 0.2ms
[2025-05-29T17:09:27.999+0300][gc,heap     ] GC(9) Eden regions: 45->0(45)
[2025-05-29T17:09:27.999+0300][gc,heap     ] GC(9) Survivor regions: 6->6(7)
[2025-05-29T17:09:27.999+0300][gc,heap     ] GC(9) Old regions: 20->22
[2025-05-29T17:09:27.999+0300][gc,heap     ] GC(9) Archive regions: 2->2
[2025-05-29T17:09:27.999+0300][gc,heap     ] GC(9) Humongous regions: 139->139
[2025-05-29T17:09:27.999+0300][gc,metaspace] GC(9) Metaspace: 53773K(54912K)->53773K(54912K) NonClass: 47452K(48000K)->47452K(48000K) Class: 6321K(6912K)->6321K(6912K)
[2025-05-29T17:09:27.999+0300][gc          ] GC(9) Pause Young (Normal) (G1 Evacuation Pause) 209M->167M(1024M) 7.272ms
[2025-05-29T17:09:27.999+0300][gc,cpu      ] GC(9) User=0.03s Sys=0.00s Real=0.01s
[2025-05-29T17:12:43.448+0300][gc,start    ] GC(10) Pause Young (Normal) (G1 Evacuation Pause)
[2025-05-29T17:12:43.448+0300][gc,task     ] GC(10) Using 8 workers of 8 for evacuation
[2025-05-29T17:12:43.456+0300][gc,phases   ] GC(10)   Pre Evacuate Collection Set: 0.3ms
[2025-05-29T17:12:43.456+0300][gc,phases   ] GC(10)   Merge Heap Roots: 0.2ms
[2025-05-29T17:12:43.457+0300][gc,phases   ] GC(10)   Evacuate Collection Set: 7.0ms
[2025-05-29T17:12:43.457+0300][gc,phases   ] GC(10)   Post Evacuate Collection Set: 0.9ms
[2025-05-29T17:12:43.457+0300][gc,phases   ] GC(10)   Other: 0.2ms
[2025-05-29T17:12:43.457+0300][gc,heap     ] GC(10) Eden regions: 45->0(46)
[2025-05-29T17:12:43.457+0300][gc,heap     ] GC(10) Survivor regions: 6->5(7)
[2025-05-29T17:12:43.457+0300][gc,heap     ] GC(10) Old regions: 22->25
[2025-05-29T17:12:43.457+0300][gc,heap     ] GC(10) Archive regions: 2->2
[2025-05-29T17:12:43.457+0300][gc,heap     ] GC(10) Humongous regions: 139->139
[2025-05-29T17:12:43.457+0300][gc,metaspace] GC(10) Metaspace: 54146K(55296K)->54146K(55296K) NonClass: 47821K(48384K)->47821K(48384K) Class: 6325K(6912K)->6325K(6912K)
[2025-05-29T17:12:43.457+0300][gc          ] GC(10) Pause Young (Normal) (G1 Evacuation Pause) 212M->168M(1024M) 8.755ms
[2025-05-29T17:12:43.457+0300][gc,cpu      ] GC(10) User=0.04s Sys=0.00s Real=0.01s
[2025-05-29T17:15:02.617+0300][gc,start    ] GC(11) Pause Young (Normal) (G1 Evacuation Pause)
[2025-05-29T17:15:02.617+0300][gc,task     ] GC(11) Using 8 workers of 8 for evacuation
[2025-05-29T17:15:02.624+0300][gc,phases   ] GC(11)   Pre Evacuate Collection Set: 0.3ms
[2025-05-29T17:15:02.624+0300][gc,phases   ] GC(11)   Merge Heap Roots: 0.2ms
[2025-05-29T17:15:02.624+0300][gc,phases   ] GC(11)   Evacuate Collection Set: 5.6ms
[2025-05-29T17:15:02.624+0300][gc,phases   ] GC(11)   Post Evacuate Collection Set: 1.0ms
[2025-05-29T17:15:02.624+0300][gc,phases   ] GC(11)   Other: 0.3ms
[2025-05-29T17:15:02.624+0300][gc,heap     ] GC(11) Eden regions: 46->0(47)
[2025-05-29T17:15:02.624+0300][gc,heap     ] GC(11) Survivor regions: 5->5(7)
[2025-05-29T17:15:02.624+0300][gc,heap     ] GC(11) Old regions: 25->26
[2025-05-29T17:15:02.624+0300][gc,heap     ] GC(11) Archive regions: 2->2
[2025-05-29T17:15:02.624+0300][gc,heap     ] GC(11) Humongous regions: 139->139
[2025-05-29T17:15:02.624+0300][gc,metaspace] GC(11) Metaspace: 54330K(55488K)->54330K(55488K) NonClass: 47992K(48576K)->47992K(48576K) Class: 6337K(6912K)->6337K(6912K)
[2025-05-29T17:15:02.624+0300][gc          ] GC(11) Pause Young (Normal) (G1 Evacuation Pause) 214M->169M(1024M) 7.472ms
[2025-05-29T17:15:02.624+0300][gc,cpu      ] GC(11) User=0.04s Sys=0.00s Real=0.01s
[2025-05-29T17:17:22.437+0300][gc,start    ] GC(12) Pause Young (Normal) (G1 Evacuation Pause)
[2025-05-29T17:17:22.437+0300][gc,task     ] GC(12) Using 8 workers of 8 for evacuation
[2025-05-29T17:17:22.511+0300][gc,mmu      ] GC(12) MMU target violated: 21.0ms (20.0ms/21.0ms)
[2025-05-29T17:17:22.511+0300][gc,phases   ] GC(12)   Pre Evacuate Collection Set: 0.4ms
[2025-05-29T17:17:22.511+0300][gc,phases   ] GC(12)   Merge Heap Roots: 0.3ms
[2025-05-29T17:17:22.511+0300][gc,phases   ] GC(12)   Evacuate Collection Set: 72.2ms
[2025-05-29T17:17:22.511+0300][gc,phases   ] GC(12)   Post Evacuate Collection Set: 0.9ms
[2025-05-29T17:17:22.511+0300][gc,phases   ] GC(12)   Other: 0.4ms
[2025-05-29T17:17:22.511+0300][gc,heap     ] GC(12) Eden regions: 47->0(47)
[2025-05-29T17:17:22.511+0300][gc,heap     ] GC(12) Survivor regions: 5->4(7)
[2025-05-29T17:17:22.511+0300][gc,heap     ] GC(12) Old regions: 26->27
[2025-05-29T17:17:22.511+0300][gc,heap     ] GC(12) Archive regions: 2->2
[2025-05-29T17:17:22.511+0300][gc,heap     ] GC(12) Humongous regions: 139->139
[2025-05-29T17:17:22.511+0300][gc,metaspace] GC(12) Metaspace: 54611K(55808K)->54611K(55808K) NonClass: 48271K(48896K)->48271K(48896K) Class: 6340K(6912K)->6340K(6912K)
[2025-05-29T17:17:22.512+0300][gc          ] GC(12) Pause Young (Normal) (G1 Evacuation Pause) 216M->170M(1024M) 74.691ms
[2025-05-29T17:17:22.512+0300][gc,cpu      ] GC(12) User=0.25s Sys=0.06s Real=0.07s
[2025-05-29T17:19:55.186+0300][gc,start    ] GC(13) Pause Young (Normal) (G1 Evacuation Pause)
[2025-05-29T17:19:55.186+0300][gc,task     ] GC(13) Using 8 workers of 8 for evacuation
[2025-05-29T17:19:55.193+0300][gc,phases   ] GC(13)   Pre Evacuate Collection Set: 0.3ms
[2025-05-29T17:19:55.193+0300][gc,phases   ] GC(13)   Merge Heap Roots: 0.2ms
[2025-05-29T17:19:55.193+0300][gc,phases   ] GC(13)   Evacuate Collection Set: 5.1ms
[2025-05-29T17:19:55.193+0300][gc,phases   ] GC(13)   Post Evacuate Collection Set: 1.0ms
[2025-05-29T17:19:55.193+0300][gc,phases   ] GC(13)   Other: 0.3ms
[2025-05-29T17:19:55.193+0300][gc,heap     ] GC(13) Eden regions: 47->0(44)
[2025-05-29T17:19:55.193+0300][gc,heap     ] GC(13) Survivor regions: 4->7(7)
[2025-05-29T17:19:55.193+0300][gc,heap     ] GC(13) Old regions: 27->27
[2025-05-29T17:19:55.193+0300][gc,heap     ] GC(13) Archive regions: 2->2
[2025-05-29T17:19:55.193+0300][gc,heap     ] GC(13) Humongous regions: 139->139
[2025-05-29T17:19:55.193+0300][gc,metaspace] GC(13) Metaspace: 54744K(55936K)->54744K(55936K) NonClass: 48402K(49024K)->48402K(49024K) Class: 6342K(6912K)->6342K(6912K)
[2025-05-29T17:19:55.193+0300][gc          ] GC(13) Pause Young (Normal) (G1 Evacuation Pause) 217M->173M(1024M) 7.060ms
[2025-05-29T17:19:55.193+0300][gc,cpu      ] GC(13) User=0.04s Sys=0.00s Real=0.01s
[2025-05-29T17:22:22.831+0300][gc,start    ] GC(14) Pause Young (Normal) (G1 Evacuation Pause)
[2025-05-29T17:22:22.831+0300][gc,task     ] GC(14) Using 8 workers of 8 for evacuation
[2025-05-29T17:22:22.837+0300][gc,phases   ] GC(14)   Pre Evacuate Collection Set: 0.3ms
[2025-05-29T17:22:22.837+0300][gc,phases   ] GC(14)   Merge Heap Roots: 0.2ms
[2025-05-29T17:22:22.837+0300][gc,phases   ] GC(14)   Evacuate Collection Set: 4.9ms
[2025-05-29T17:22:22.837+0300][gc,phases   ] GC(14)   Post Evacuate Collection Set: 1.0ms
[2025-05-29T17:22:22.837+0300][gc,phases   ] GC(14)   Other: 0.2ms
[2025-05-29T17:22:22.837+0300][gc,heap     ] GC(14) Eden regions: 44->0(46)
[2025-05-29T17:22:22.837+0300][gc,heap     ] GC(14) Survivor regions: 7->5(7)
[2025-05-29T17:22:22.837+0300][gc,heap     ] GC(14) Old regions: 27->30
[2025-05-29T17:22:22.837+0300][gc,heap     ] GC(14) Archive regions: 2->2
[2025-05-29T17:22:22.837+0300][gc,heap     ] GC(14) Humongous regions: 139->139
[2025-05-29T17:22:22.837+0300][gc,metaspace] GC(14) Metaspace: 54893K(56064K)->54893K(56064K) NonClass: 48543K(49152K)->48543K(49152K) Class: 6350K(6912K)->6350K(6912K)
[2025-05-29T17:22:22.837+0300][gc          ] GC(14) Pause Young (Normal) (G1 Evacuation Pause) 217M->174M(1024M) 6.761ms
[2025-05-29T17:22:22.837+0300][gc,cpu      ] GC(14) User=0.03s Sys=0.00s Real=0.01s
[2025-05-29T17:25:09.369+0300][gc,start    ] GC(15) Pause Young (Normal) (G1 Evacuation Pause)
[2025-05-29T17:25:09.369+0300][gc,task     ] GC(15) Using 8 workers of 8 for evacuation
[2025-05-29T17:25:09.420+0300][gc,mmu      ] GC(15) MMU target violated: 21.0ms (20.0ms/21.0ms)
[2025-05-29T17:25:09.420+0300][gc,phases   ] GC(15)   Pre Evacuate Collection Set: 0.3ms
[2025-05-29T17:25:09.420+0300][gc,phases   ] GC(15)   Merge Heap Roots: 4.9ms
[2025-05-29T17:25:09.420+0300][gc,phases   ] GC(15)   Evacuate Collection Set: 44.5ms
[2025-05-29T17:25:09.420+0300][gc,phases   ] GC(15)   Post Evacuate Collection Set: 1.0ms
[2025-05-29T17:25:09.420+0300][gc,phases   ] GC(15)   Other: 0.4ms
[2025-05-29T17:25:09.420+0300][gc,heap     ] GC(15) Eden regions: 46->0(45)
[2025-05-29T17:25:09.420+0300][gc,heap     ] GC(15) Survivor regions: 5->6(7)
[2025-05-29T17:25:09.420+0300][gc,heap     ] GC(15) Old regions: 30->32
[2025-05-29T17:25:09.420+0300][gc,heap     ] GC(15) Archive regions: 2->2
[2025-05-29T17:25:09.420+0300][gc,heap     ] GC(15) Humongous regions: 139->139
[2025-05-29T17:25:09.420+0300][gc,metaspace] GC(15) Metaspace: 54945K(56064K)->54945K(56064K) NonClass: 48594K(49152K)->48594K(49152K) Class: 6350K(6912K)->6350K(6912K)
[2025-05-29T17:25:09.420+0300][gc          ] GC(15) Pause Young (Normal) (G1 Evacuation Pause) 220M->176M(1024M) 51.184ms
[2025-05-29T17:25:09.420+0300][gc,cpu      ] GC(15) User=0.09s Sys=0.03s Real=0.06s
[2025-05-29T17:27:46.250+0300][gc,start    ] GC(16) Pause Young (Normal) (G1 Evacuation Pause)
[2025-05-29T17:27:46.250+0300][gc,task     ] GC(16) Using 8 workers of 8 for evacuation
[2025-05-29T17:27:46.270+0300][gc,phases   ] GC(16)   Pre Evacuate Collection Set: 0.5ms
[2025-05-29T17:27:46.270+0300][gc,phases   ] GC(16)   Merge Heap Roots: 0.2ms
[2025-05-29T17:27:46.270+0300][gc,phases   ] GC(16)   Evacuate Collection Set: 18.5ms
[2025-05-29T17:27:46.270+0300][gc,phases   ] GC(16)   Post Evacuate Collection Set: 0.8ms
[2025-05-29T17:27:46.270+0300][gc,phases   ] GC(16)   Other: 0.3ms
[2025-05-29T17:27:46.270+0300][gc,heap     ] GC(16) Eden regions: 45->0(46)
[2025-05-29T17:27:46.270+0300][gc,heap     ] GC(16) Survivor regions: 6->5(7)
[2025-05-29T17:27:46.270+0300][gc,heap     ] GC(16) Old regions: 32->34
[2025-05-29T17:27:46.270+0300][gc,heap     ] GC(16) Archive regions: 2->2
[2025-05-29T17:27:46.270+0300][gc,heap     ] GC(16) Humongous regions: 139->139
[2025-05-29T17:27:46.270+0300][gc,metaspace] GC(16) Metaspace: 54978K(56128K)->54978K(56128K) NonClass: 48628K(49216K)->48628K(49216K) Class: 6350K(6912K)->6350K(6912K)
[2025-05-29T17:27:46.270+0300][gc          ] GC(16) Pause Young (Normal) (G1 Evacuation Pause) 221M->177M(1024M) 20.369ms
[2025-05-29T17:27:46.270+0300][gc,cpu      ] GC(16) User=0.07s Sys=0.02s Real=0.02s
[2025-05-29T17:30:57.352+0300][gc,start    ] GC(17) Pause Young (Normal) (G1 Evacuation Pause)
[2025-05-29T17:30:57.352+0300][gc,task     ] GC(17) Using 8 workers of 8 for evacuation
[2025-05-29T17:30:57.357+0300][gc,phases   ] GC(17)   Pre Evacuate Collection Set: 0.3ms
[2025-05-29T17:30:57.357+0300][gc,phases   ] GC(17)   Merge Heap Roots: 0.2ms
[2025-05-29T17:30:57.357+0300][gc,phases   ] GC(17)   Evacuate Collection Set: 4.1ms
[2025-05-29T17:30:57.357+0300][gc,phases   ] GC(17)   Post Evacuate Collection Set: 0.9ms
[2025-05-29T17:30:57.357+0300][gc,phases   ] GC(17)   Other: 0.2ms
[2025-05-29T17:30:57.357+0300][gc,heap     ] GC(17) Eden regions: 46->0(91)
[2025-05-29T17:30:57.357+0300][gc,heap     ] GC(17) Survivor regions: 5->4(7)
[2025-05-29T17:30:57.357+0300][gc,heap     ] GC(17) Old regions: 34->35
[2025-05-29T17:30:57.357+0300][gc,heap     ] GC(17) Archive regions: 2->2
[2025-05-29T17:30:57.357+0300][gc,heap     ] GC(17) Humongous regions: 139->139
[2025-05-29T17:30:57.357+0300][gc,metaspace] GC(17) Metaspace: 55076K(56192K)->55076K(56192K) NonClass: 48726K(49280K)->48726K(49280K) Class: 6350K(6912K)->6350K(6912K)
[2025-05-29T17:30:57.358+0300][gc          ] GC(17) Pause Young (Normal) (G1 Evacuation Pause) 223M->178M(1024M) 5.963ms
[2025-05-29T17:30:57.358+0300][gc,cpu      ] GC(17) User=0.03s Sys=0.01s Real=0.01s
[2025-05-29T17:35:55.899+0300][gc,start    ] GC(18) Pause Young (Normal) (G1 Evacuation Pause)
[2025-05-29T17:35:55.899+0300][gc,task     ] GC(18) Using 8 workers of 8 for evacuation
[2025-05-29T17:35:55.918+0300][gc,phases   ] GC(18)   Pre Evacuate Collection Set: 0.4ms
[2025-05-29T17:35:55.918+0300][gc,phases   ] GC(18)   Merge Heap Roots: 0.2ms
[2025-05-29T17:35:55.918+0300][gc,phases   ] GC(18)   Evacuate Collection Set: 17.7ms
[2025-05-29T17:35:55.918+0300][gc,phases   ] GC(18)   Post Evacuate Collection Set: 1.1ms
[2025-05-29T17:35:55.918+0300][gc,phases   ] GC(18)   Other: 0.3ms
[2025-05-29T17:35:55.918+0300][gc,heap     ] GC(18) Eden regions: 89->0(43)
[2025-05-29T17:35:55.918+0300][gc,heap     ] GC(18) Survivor regions: 4->8(12)
[2025-05-29T17:35:55.918+0300][gc,heap     ] GC(18) Old regions: 35->35
[2025-05-29T17:35:55.918+0300][gc,heap     ] GC(18) Archive regions: 2->2
[2025-05-29T17:35:55.918+0300][gc,heap     ] GC(18) Humongous regions: 139->139
[2025-05-29T17:35:55.918+0300][gc,metaspace] GC(18) Metaspace: 55175K(56320K)->55175K(56320K) NonClass: 48820K(49408K)->48820K(49408K) Class: 6354K(6912K)->6354K(6912K)
[2025-05-29T17:35:55.919+0300][gc          ] GC(18) Pause Young (Normal) (G1 Evacuation Pause) 267M->182M(1024M) 19.900ms
[2025-05-29T17:35:55.919+0300][gc,cpu      ] GC(18) User=0.09s Sys=0.02s Real=0.02s
[2025-05-29T17:38:20.338+0300][gc,start    ] GC(19) Pause Young (Normal) (G1 Evacuation Pause)
[2025-05-29T17:38:20.338+0300][gc,task     ] GC(19) Using 8 workers of 8 for evacuation
[2025-05-29T17:38:20.363+0300][gc,mmu      ] GC(19) MMU target violated: 21.0ms (20.0ms/21.0ms)
[2025-05-29T17:38:20.363+0300][gc,phases   ] GC(19)   Pre Evacuate Collection Set: 0.3ms
[2025-05-29T17:38:20.363+0300][gc,phases   ] GC(19)   Merge Heap Roots: 0.2ms
[2025-05-29T17:38:20.363+0300][gc,phases   ] GC(19)   Evacuate Collection Set: 23.1ms
[2025-05-29T17:38:20.363+0300][gc,phases   ] GC(19)   Post Evacuate Collection Set: 1.2ms
[2025-05-29T17:38:20.363+0300][gc,phases   ] GC(19)   Other: 0.5ms
[2025-05-29T17:38:20.363+0300][gc,heap     ] GC(19) Eden regions: 43->0(88)
[2025-05-29T17:38:20.363+0300][gc,heap     ] GC(19) Survivor regions: 8->4(7)
[2025-05-29T17:38:20.363+0300][gc,heap     ] GC(19) Old regions: 35->42
[2025-05-29T17:38:20.363+0300][gc,heap     ] GC(19) Archive regions: 2->2
[2025-05-29T17:38:20.363+0300][gc,heap     ] GC(19) Humongous regions: 139->139
[2025-05-29T17:38:20.363+0300][gc,metaspace] GC(19) Metaspace: 55191K(56320K)->55191K(56320K) NonClass: 48836K(49408K)->48836K(49408K) Class: 6354K(6912K)->6354K(6912K)
[2025-05-29T17:38:20.363+0300][gc          ] GC(19) Pause Young (Normal) (G1 Evacuation Pause) 225M->185M(1024M) 25.473ms
[2025-05-29T17:38:20.363+0300][gc,cpu      ] GC(19) User=0.08s Sys=0.03s Real=0.03s
[2025-05-29T17:44:07.137+0300][gc,start    ] GC(20) Pause Young (Normal) (G1 Evacuation Pause)
[2025-05-29T17:44:07.138+0300][gc,task     ] GC(20) Using 8 workers of 8 for evacuation
[2025-05-29T17:44:07.145+0300][gc,phases   ] GC(20)   Pre Evacuate Collection Set: 0.3ms
[2025-05-29T17:44:07.145+0300][gc,phases   ] GC(20)   Merge Heap Roots: 0.2ms
[2025-05-29T17:44:07.145+0300][gc,phases   ] GC(20)   Evacuate Collection Set: 5.9ms
[2025-05-29T17:44:07.145+0300][gc,phases   ] GC(20)   Post Evacuate Collection Set: 1.0ms
[2025-05-29T17:44:07.145+0300][gc,phases   ] GC(20)   Other: 0.3ms
[2025-05-29T17:44:07.145+0300][gc,heap     ] GC(20) Eden regions: 88->0(106)
[2025-05-29T17:44:07.145+0300][gc,heap     ] GC(20) Survivor regions: 4->6(12)
[2025-05-29T17:44:07.145+0300][gc,heap     ] GC(20) Old regions: 42->42
[2025-05-29T17:44:07.145+0300][gc,heap     ] GC(20) Archive regions: 2->2
[2025-05-29T17:44:07.145+0300][gc,heap     ] GC(20) Humongous regions: 139->139
[2025-05-29T17:44:07.145+0300][gc,metaspace] GC(20) Metaspace: 55281K(56448K)->55281K(56448K) NonClass: 48925K(49536K)->48925K(49536K) Class: 6355K(6912K)->6355K(6912K)
[2025-05-29T17:44:07.145+0300][gc          ] GC(20) Pause Young (Normal) (G1 Evacuation Pause) 273M->187M(1024M) 7.932ms
[2025-05-29T17:44:07.145+0300][gc,cpu      ] GC(20) User=0.03s Sys=0.01s Real=0.01s
[2025-05-29T17:49:47.655+0300][gc,start    ] GC(21) Pause Young (Normal) (G1 Evacuation Pause)
[2025-05-29T17:49:47.655+0300][gc,task     ] GC(21) Using 8 workers of 8 for evacuation
[2025-05-29T17:49:47.676+0300][gc,mmu      ] GC(21) MMU target violated: 20.4ms (20.0ms/21.0ms)
[2025-05-29T17:49:47.676+0300][gc,phases   ] GC(21)   Pre Evacuate Collection Set: 0.3ms
[2025-05-29T17:49:47.676+0300][gc,phases   ] GC(21)   Merge Heap Roots: 0.2ms
[2025-05-29T17:49:47.676+0300][gc,phases   ] GC(21)   Evacuate Collection Set: 18.4ms
[2025-05-29T17:49:47.676+0300][gc,phases   ] GC(21)   Post Evacuate Collection Set: 1.4ms
[2025-05-29T17:49:47.676+0300][gc,phases   ] GC(21)   Other: 0.4ms
[2025-05-29T17:49:47.676+0300][gc,heap     ] GC(21) Eden regions: 106->0(63)
[2025-05-29T17:49:47.676+0300][gc,heap     ] GC(21) Survivor regions: 6->10(14)
[2025-05-29T17:49:47.676+0300][gc,heap     ] GC(21) Old regions: 42->42
[2025-05-29T17:49:47.676+0300][gc,heap     ] GC(21) Archive regions: 2->2
[2025-05-29T17:49:47.676+0300][gc,heap     ] GC(21) Humongous regions: 139->139
[2025-05-29T17:49:47.676+0300][gc,metaspace] GC(21) Metaspace: 55448K(56576K)->55448K(56576K) NonClass: 49092K(49664K)->49092K(49664K) Class: 6356K(6912K)->6356K(6912K)
[2025-05-29T17:49:47.676+0300][gc          ] GC(21) Pause Young (Normal) (G1 Evacuation Pause) 293M->191M(1024M) 21.034ms
[2025-05-29T17:49:47.676+0300][gc,cpu      ] GC(21) User=0.08s Sys=0.04s Real=0.02s
[2025-05-29T17:53:44.217+0300][gc,start    ] GC(22) Pause Young (Normal) (G1 Evacuation Pause)
[2025-05-29T17:53:44.218+0300][gc,task     ] GC(22) Using 8 workers of 8 for evacuation
[2025-05-29T17:53:44.232+0300][gc,phases   ] GC(22)   Pre Evacuate Collection Set: 0.3ms
[2025-05-29T17:53:44.232+0300][gc,phases   ] GC(22)   Merge Heap Roots: 0.2ms
[2025-05-29T17:53:44.232+0300][gc,phases   ] GC(22)   Evacuate Collection Set: 12.7ms
[2025-05-29T17:53:44.232+0300][gc,phases   ] GC(22)   Post Evacuate Collection Set: 1.3ms
[2025-05-29T17:53:44.232+0300][gc,phases   ] GC(22)   Other: 0.3ms
[2025-05-29T17:53:44.232+0300][gc,heap     ] GC(22) Eden regions: 63->0(95)
[2025-05-29T17:53:44.232+0300][gc,heap     ] GC(22) Survivor regions: 10->8(10)
[2025-05-29T17:53:44.232+0300][gc,heap     ] GC(22) Old regions: 42->47
[2025-05-29T17:53:44.232+0300][gc,heap     ] GC(22) Archive regions: 2->2
[2025-05-29T17:53:44.232+0300][gc,heap     ] GC(22) Humongous regions: 139->139
[2025-05-29T17:53:44.232+0300][gc,metaspace] GC(22) Metaspace: 55638K(56832K)->55638K(56832K) NonClass: 49254K(49856K)->49254K(49856K) Class: 6384K(6976K)->6384K(6976K)
[2025-05-29T17:53:44.232+0300][gc          ] GC(22) Pause Young (Normal) (G1 Evacuation Pause) 254M->193M(1024M) 14.956ms
[2025-05-29T17:53:44.232+0300][gc,cpu      ] GC(22) User=0.08s Sys=0.03s Real=0.01s
