[2025-05-14T23:20:32.828+0300][gc] Using G1
[2025-05-14T23:20:32.837+0300][gc,init] Version: 17.0.15+6-Ubuntu-0ubuntu124.04 (release)
[2025-05-14T23:20:32.837+0300][gc,init] CPUs: 8 total, 8 available
[2025-05-14T23:20:32.837+0300][gc,init] Memory: 7850M
[2025-05-14T23:20:32.837+0300][gc,init] Large Page Support: Disabled
[2025-05-14T23:20:32.837+0300][gc,init] NUMA Support: Disabled
[2025-05-14T23:20:32.837+0300][gc,init] Compressed Oops: Enabled (32-bit)
[2025-05-14T23:20:32.837+0300][gc,init] Heap Region Size: 1M
[2025-05-14T23:20:32.837+0300][gc,init] Heap Min Capacity: 1G
[2025-05-14T23:20:32.837+0300][gc,init] Heap Initial Capacity: 1G
[2025-05-14T23:20:32.837+0300][gc,init] Heap Max Capacity: 1G
[2025-05-14T23:20:32.837+0300][gc,init] Pre-touch: Disabled
[2025-05-14T23:20:32.837+0300][gc,init] Parallel Workers: 8
[2025-05-14T23:20:32.837+0300][gc,init] Concurrent Workers: 2
[2025-05-14T23:20:32.837+0300][gc,init] Concurrent Refinement Workers: 8
[2025-05-14T23:20:32.837+0300][gc,init] Periodic GC: Disabled
[2025-05-14T23:20:32.844+0300][gc,metaspace] CDS archive(s) mapped at: [0x00007fa2df000000-0x00007fa2dfbc7000-0x00007fa2dfbc7000), size 12349440, SharedBaseAddress: 0x00007fa2df000000, ArchiveRelocationMode: 1.
[2025-05-14T23:20:32.844+0300][gc,metaspace] Compressed class space mapped at: 0x00007fa2e0000000-0x00007fa320000000, reserved size: 1073741824
[2025-05-14T23:20:32.844+0300][gc,metaspace] Narrow klass base: 0x00007fa2df000000, Narrow klass shift: 0, Narrow klass range: 0x100000000
[2025-05-14T23:20:34.210+0300][gc,start    ] GC(0) Pause Young (Normal) (G1 Evacuation Pause)
[2025-05-14T23:20:34.211+0300][gc,task     ] GC(0) Using 8 workers of 8 for evacuation
[2025-05-14T23:20:34.224+0300][gc,phases   ] GC(0)   Pre Evacuate Collection Set: 0.2ms
[2025-05-14T23:20:34.224+0300][gc,phases   ] GC(0)   Merge Heap Roots: 0.2ms
[2025-05-14T23:20:34.224+0300][gc,phases   ] GC(0)   Evacuate Collection Set: 10.7ms
[2025-05-14T23:20:34.224+0300][gc,phases   ] GC(0)   Post Evacuate Collection Set: 1.3ms
[2025-05-14T23:20:34.224+0300][gc,phases   ] GC(0)   Other: 1.7ms
[2025-05-14T23:20:34.224+0300][gc,heap     ] GC(0) Eden regions: 51->0(44)
[2025-05-14T23:20:34.224+0300][gc,heap     ] GC(0) Survivor regions: 0->7(7)
[2025-05-14T23:20:34.224+0300][gc,heap     ] GC(0) Old regions: 0->1
[2025-05-14T23:20:34.224+0300][gc,heap     ] GC(0) Archive regions: 2->2
[2025-05-14T23:20:34.224+0300][gc,heap     ] GC(0) Humongous regions: 0->0
[2025-05-14T23:20:34.224+0300][gc,metaspace] GC(0) Metaspace: 17011K(17216K)->17011K(17216K) NonClass: 14944K(15040K)->14944K(15040K) Class: 2066K(2176K)->2066K(2176K)
[2025-05-14T23:20:34.224+0300][gc          ] GC(0) Pause Young (Normal) (G1 Evacuation Pause) 51M->8M(1024M) 14.424ms
[2025-05-14T23:20:34.224+0300][gc,cpu      ] GC(0) User=0.02s Sys=0.07s Real=0.02s
[2025-05-14T23:20:34.523+0300][gc,start    ] GC(1) Pause Young (Concurrent Start) (Metadata GC Threshold)
[2025-05-14T23:20:34.523+0300][gc,task     ] GC(1) Using 8 workers of 8 for evacuation
[2025-05-14T23:20:34.533+0300][gc,phases   ] GC(1)   Pre Evacuate Collection Set: 0.3ms
[2025-05-14T23:20:34.533+0300][gc,phases   ] GC(1)   Merge Heap Roots: 0.2ms
[2025-05-14T23:20:34.534+0300][gc,phases   ] GC(1)   Evacuate Collection Set: 8.5ms
[2025-05-14T23:20:34.534+0300][gc,phases   ] GC(1)   Post Evacuate Collection Set: 0.7ms
[2025-05-14T23:20:34.534+0300][gc,phases   ] GC(1)   Other: 0.3ms
[2025-05-14T23:20:34.534+0300][gc,heap     ] GC(1) Eden regions: 14->0(49)
[2025-05-14T23:20:34.534+0300][gc,heap     ] GC(1) Survivor regions: 7->2(7)
[2025-05-14T23:20:34.534+0300][gc,heap     ] GC(1) Old regions: 1->8
[2025-05-14T23:20:34.534+0300][gc,heap     ] GC(1) Archive regions: 2->2
[2025-05-14T23:20:34.534+0300][gc,heap     ] GC(1) Humongous regions: 0->0
[2025-05-14T23:20:34.534+0300][gc,metaspace] GC(1) Metaspace: 21273K(21504K)->21273K(21504K) NonClass: 18641K(18752K)->18641K(18752K) Class: 2632K(2752K)->2632K(2752K)
[2025-05-14T23:20:34.534+0300][gc          ] GC(1) Pause Young (Concurrent Start) (Metadata GC Threshold) 22M->10M(1024M) 10.185ms
[2025-05-14T23:20:34.534+0300][gc,cpu      ] GC(1) User=0.02s Sys=0.03s Real=0.01s
[2025-05-14T23:20:34.534+0300][gc          ] GC(2) Concurrent Mark Cycle
[2025-05-14T23:20:34.534+0300][gc,marking  ] GC(2) Concurrent Clear Claimed Marks
[2025-05-14T23:20:34.534+0300][gc,marking  ] GC(2) Concurrent Clear Claimed Marks 0.024ms
[2025-05-14T23:20:34.534+0300][gc,marking  ] GC(2) Concurrent Scan Root Regions
[2025-05-14T23:20:34.537+0300][gc,marking  ] GC(2) Concurrent Scan Root Regions 2.940ms
[2025-05-14T23:20:34.537+0300][gc,marking  ] GC(2) Concurrent Mark
[2025-05-14T23:20:34.537+0300][gc,marking  ] GC(2) Concurrent Mark From Roots
[2025-05-14T23:20:34.537+0300][gc,task     ] GC(2) Using 2 workers of 2 for marking
[2025-05-14T23:20:34.540+0300][gc,marking  ] GC(2) Concurrent Mark From Roots 3.635ms
[2025-05-14T23:20:34.541+0300][gc,marking  ] GC(2) Concurrent Preclean
[2025-05-14T23:20:34.541+0300][gc,marking  ] GC(2) Concurrent Preclean 0.193ms
[2025-05-14T23:20:34.541+0300][gc,start    ] GC(2) Pause Remark
[2025-05-14T23:20:34.544+0300][gc          ] GC(2) Pause Remark 10M->10M(1024M) 3.063ms
[2025-05-14T23:20:34.544+0300][gc,cpu      ] GC(2) User=0.02s Sys=0.00s Real=0.01s
[2025-05-14T23:20:34.544+0300][gc,marking  ] GC(2) Concurrent Mark 7.447ms
[2025-05-14T23:20:34.544+0300][gc,marking  ] GC(2) Concurrent Rebuild Remembered Sets
[2025-05-14T23:20:34.544+0300][gc,marking  ] GC(2) Concurrent Rebuild Remembered Sets 0.010ms
[2025-05-14T23:20:34.544+0300][gc,start    ] GC(2) Pause Cleanup
[2025-05-14T23:20:34.545+0300][gc          ] GC(2) Pause Cleanup 10M->10M(1024M) 0.064ms
[2025-05-14T23:20:34.545+0300][gc,cpu      ] GC(2) User=0.00s Sys=0.00s Real=0.00s
[2025-05-14T23:20:34.545+0300][gc,marking  ] GC(2) Concurrent Cleanup for Next Mark
[2025-05-14T23:20:34.552+0300][gc,marking  ] GC(2) Concurrent Cleanup for Next Mark 7.404ms
[2025-05-14T23:20:34.552+0300][gc          ] GC(2) Concurrent Mark Cycle 18.452ms
[2025-05-14T23:20:35.720+0300][gc,start    ] GC(3) Pause Young (Normal) (G1 Evacuation Pause)
[2025-05-14T23:20:35.720+0300][gc,task     ] GC(3) Using 8 workers of 8 for evacuation
[2025-05-14T23:20:35.729+0300][gc,phases   ] GC(3)   Pre Evacuate Collection Set: 0.2ms
[2025-05-14T23:20:35.729+0300][gc,phases   ] GC(3)   Merge Heap Roots: 0.1ms
[2025-05-14T23:20:35.729+0300][gc,phases   ] GC(3)   Evacuate Collection Set: 7.6ms
[2025-05-14T23:20:35.729+0300][gc,phases   ] GC(3)   Post Evacuate Collection Set: 1.0ms
[2025-05-14T23:20:35.729+0300][gc,phases   ] GC(3)   Other: 0.3ms
[2025-05-14T23:20:35.729+0300][gc,heap     ] GC(3) Eden regions: 49->0(45)
[2025-05-14T23:20:35.729+0300][gc,heap     ] GC(3) Survivor regions: 2->6(7)
[2025-05-14T23:20:35.729+0300][gc,heap     ] GC(3) Old regions: 8->8
[2025-05-14T23:20:35.729+0300][gc,heap     ] GC(3) Archive regions: 2->2
[2025-05-14T23:20:35.729+0300][gc,heap     ] GC(3) Humongous regions: 0->0
[2025-05-14T23:20:35.729+0300][gc,metaspace] GC(3) Metaspace: 33116K(33536K)->33116K(33536K) NonClass: 29243K(29440K)->29243K(29440K) Class: 3873K(4096K)->3873K(4096K)
[2025-05-14T23:20:35.729+0300][gc          ] GC(3) Pause Young (Normal) (G1 Evacuation Pause) 59M->14M(1024M) 9.297ms
[2025-05-14T23:20:35.729+0300][gc,cpu      ] GC(3) User=0.07s Sys=0.01s Real=0.01s
[2025-05-14T23:20:36.047+0300][gc,start    ] GC(4) Pause Young (Concurrent Start) (Metadata GC Threshold)
[2025-05-14T23:20:36.047+0300][gc,task     ] GC(4) Using 8 workers of 8 for evacuation
[2025-05-14T23:20:36.064+0300][gc,phases   ] GC(4)   Pre Evacuate Collection Set: 0.3ms
[2025-05-14T23:20:36.064+0300][gc,phases   ] GC(4)   Merge Heap Roots: 0.1ms
[2025-05-14T23:20:36.064+0300][gc,phases   ] GC(4)   Evacuate Collection Set: 15.5ms
[2025-05-14T23:20:36.064+0300][gc,phases   ] GC(4)   Post Evacuate Collection Set: 0.9ms
[2025-05-14T23:20:36.064+0300][gc,phases   ] GC(4)   Other: 0.3ms
[2025-05-14T23:20:36.064+0300][gc,heap     ] GC(4) Eden regions: 14->0(49)
[2025-05-14T23:20:36.064+0300][gc,heap     ] GC(4) Survivor regions: 6->2(7)
[2025-05-14T23:20:36.064+0300][gc,heap     ] GC(4) Old regions: 8->14
[2025-05-14T23:20:36.064+0300][gc,heap     ] GC(4) Archive regions: 2->2
[2025-05-14T23:20:36.064+0300][gc,heap     ] GC(4) Humongous regions: 9->9
[2025-05-14T23:20:36.064+0300][gc,metaspace] GC(4) Metaspace: 35569K(35968K)->35569K(35968K) NonClass: 31412K(31616K)->31412K(31616K) Class: 4157K(4352K)->4157K(4352K)
[2025-05-14T23:20:36.064+0300][gc          ] GC(4) Pause Young (Concurrent Start) (Metadata GC Threshold) 36M->25M(1024M) 17.297ms
[2025-05-14T23:20:36.065+0300][gc,cpu      ] GC(4) User=0.11s Sys=0.02s Real=0.02s
[2025-05-14T23:20:36.065+0300][gc          ] GC(5) Concurrent Mark Cycle
[2025-05-14T23:20:36.065+0300][gc,marking  ] GC(5) Concurrent Clear Claimed Marks
[2025-05-14T23:20:36.065+0300][gc,marking  ] GC(5) Concurrent Clear Claimed Marks 0.054ms
[2025-05-14T23:20:36.065+0300][gc,marking  ] GC(5) Concurrent Scan Root Regions
[2025-05-14T23:20:36.069+0300][gc,marking  ] GC(5) Concurrent Scan Root Regions 3.945ms
[2025-05-14T23:20:36.069+0300][gc,marking  ] GC(5) Concurrent Mark
[2025-05-14T23:20:36.069+0300][gc,marking  ] GC(5) Concurrent Mark From Roots
[2025-05-14T23:20:36.069+0300][gc,task     ] GC(5) Using 2 workers of 2 for marking
[2025-05-14T23:20:36.085+0300][gc,marking  ] GC(5) Concurrent Mark From Roots 16.326ms
[2025-05-14T23:20:36.085+0300][gc,marking  ] GC(5) Concurrent Preclean
[2025-05-14T23:20:36.085+0300][gc,marking  ] GC(5) Concurrent Preclean 0.265ms
[2025-05-14T23:20:36.086+0300][gc,start    ] GC(5) Pause Remark
[2025-05-14T23:20:36.088+0300][gc          ] GC(5) Pause Remark 26M->26M(1024M) 2.766ms
[2025-05-14T23:20:36.089+0300][gc,cpu      ] GC(5) User=0.01s Sys=0.00s Real=0.00s
[2025-05-14T23:20:36.089+0300][gc,marking  ] GC(5) Concurrent Mark 19.921ms
[2025-05-14T23:20:36.089+0300][gc,marking  ] GC(5) Concurrent Rebuild Remembered Sets
[2025-05-14T23:20:36.099+0300][gc,marking  ] GC(5) Concurrent Rebuild Remembered Sets 10.297ms
[2025-05-14T23:20:36.101+0300][gc,start    ] GC(5) Pause Cleanup
[2025-05-14T23:20:36.102+0300][gc          ] GC(5) Pause Cleanup 27M->27M(1024M) 0.506ms
[2025-05-14T23:20:36.102+0300][gc,cpu      ] GC(5) User=0.00s Sys=0.00s Real=0.00s
[2025-05-14T23:20:36.102+0300][gc,marking  ] GC(5) Concurrent Cleanup for Next Mark
[2025-05-14T23:20:36.110+0300][gc,marking  ] GC(5) Concurrent Cleanup for Next Mark 8.237ms
[2025-05-14T23:20:36.110+0300][gc          ] GC(5) Concurrent Mark Cycle 45.639ms
[2025-05-14T23:20:36.982+0300][gc,start    ] GC(6) Pause Young (Normal) (G1 Evacuation Pause)
[2025-05-14T23:20:36.983+0300][gc,task     ] GC(6) Using 8 workers of 8 for evacuation
[2025-05-14T23:20:36.993+0300][gc,phases   ] GC(6)   Pre Evacuate Collection Set: 0.2ms
[2025-05-14T23:20:36.993+0300][gc,phases   ] GC(6)   Merge Heap Roots: 0.1ms
[2025-05-14T23:20:36.993+0300][gc,phases   ] GC(6)   Evacuate Collection Set: 8.8ms
[2025-05-14T23:20:36.993+0300][gc,phases   ] GC(6)   Post Evacuate Collection Set: 1.2ms
[2025-05-14T23:20:36.993+0300][gc,phases   ] GC(6)   Other: 0.3ms
[2025-05-14T23:20:36.993+0300][gc,heap     ] GC(6) Eden regions: 49->0(44)
[2025-05-14T23:20:36.993+0300][gc,heap     ] GC(6) Survivor regions: 2->7(7)
[2025-05-14T23:20:36.993+0300][gc,heap     ] GC(6) Old regions: 14->16
[2025-05-14T23:20:36.993+0300][gc,heap     ] GC(6) Archive regions: 2->2
[2025-05-14T23:20:36.993+0300][gc,heap     ] GC(6) Humongous regions: 138->138
[2025-05-14T23:20:36.993+0300][gc,metaspace] GC(6) Metaspace: 42918K(43584K)->42918K(43584K) NonClass: 37840K(38208K)->37840K(38208K) Class: 5077K(5376K)->5077K(5376K)
[2025-05-14T23:20:36.993+0300][gc          ] GC(6) Pause Young (Normal) (G1 Evacuation Pause) 203M->161M(1024M) 10.893ms
[2025-05-14T23:20:36.993+0300][gc,cpu      ] GC(6) User=0.09s Sys=0.00s Real=0.01s
[2025-05-14T23:27:48.375+0300][gc,start    ] GC(7) Pause Young (Normal) (G1 Evacuation Pause)
[2025-05-14T23:27:48.375+0300][gc,task     ] GC(7) Using 8 workers of 8 for evacuation
[2025-05-14T23:27:48.387+0300][gc,phases   ] GC(7)   Pre Evacuate Collection Set: 0.3ms
[2025-05-14T23:27:48.387+0300][gc,phases   ] GC(7)   Merge Heap Roots: 0.2ms
[2025-05-14T23:27:48.387+0300][gc,phases   ] GC(7)   Evacuate Collection Set: 10.4ms
[2025-05-14T23:27:48.387+0300][gc,phases   ] GC(7)   Post Evacuate Collection Set: 1.2ms
[2025-05-14T23:27:48.387+0300][gc,phases   ] GC(7)   Other: 0.2ms
[2025-05-14T23:27:48.387+0300][gc,heap     ] GC(7) Eden regions: 44->0(49)
[2025-05-14T23:27:48.387+0300][gc,heap     ] GC(7) Survivor regions: 7->2(7)
[2025-05-14T23:27:48.387+0300][gc,heap     ] GC(7) Old regions: 16->23
[2025-05-14T23:27:48.387+0300][gc,heap     ] GC(7) Archive regions: 2->2
[2025-05-14T23:27:48.387+0300][gc,heap     ] GC(7) Humongous regions: 138->138
[2025-05-14T23:27:48.387+0300][gc,metaspace] GC(7) Metaspace: 46070K(46976K)->46070K(46976K) NonClass: 40629K(41088K)->40629K(41088K) Class: 5440K(5888K)->5440K(5888K)
[2025-05-14T23:27:48.387+0300][gc          ] GC(7) Pause Young (Normal) (G1 Evacuation Pause) 205M->162M(1024M) 12.302ms
[2025-05-14T23:27:48.387+0300][gc,cpu      ] GC(7) User=0.07s Sys=0.01s Real=0.01s
[2025-05-14T23:33:03.261+0300][gc,start    ] GC(8) Pause Young (Normal) (G1 Evacuation Pause)
[2025-05-14T23:33:03.261+0300][gc,task     ] GC(8) Using 8 workers of 8 for evacuation
[2025-05-14T23:33:03.264+0300][gc,phases   ] GC(8)   Pre Evacuate Collection Set: 0.2ms
[2025-05-14T23:33:03.264+0300][gc,phases   ] GC(8)   Merge Heap Roots: 0.3ms
[2025-05-14T23:33:03.264+0300][gc,phases   ] GC(8)   Evacuate Collection Set: 2.0ms
[2025-05-14T23:33:03.264+0300][gc,phases   ] GC(8)   Post Evacuate Collection Set: 0.8ms
[2025-05-14T23:33:03.264+0300][gc,phases   ] GC(8)   Other: 0.2ms
[2025-05-14T23:33:03.264+0300][gc,heap     ] GC(8) Eden regions: 49->0(49)
[2025-05-14T23:33:03.264+0300][gc,heap     ] GC(8) Survivor regions: 2->2(7)
[2025-05-14T23:33:03.264+0300][gc,heap     ] GC(8) Old regions: 23->23
[2025-05-14T23:33:03.264+0300][gc,heap     ] GC(8) Archive regions: 2->2
[2025-05-14T23:33:03.264+0300][gc,heap     ] GC(8) Humongous regions: 138->138
[2025-05-14T23:33:03.264+0300][gc,metaspace] GC(8) Metaspace: 46341K(47232K)->46341K(47232K) NonClass: 40898K(41344K)->40898K(41344K) Class: 5443K(5888K)->5443K(5888K)
[2025-05-14T23:33:03.264+0300][gc          ] GC(8) Pause Young (Normal) (G1 Evacuation Pause) 211M->162M(1024M) 3.650ms
[2025-05-14T23:33:03.264+0300][gc,cpu      ] GC(8) User=0.01s Sys=0.00s Real=0.00s
[2025-05-14T23:33:03.837+0300][gc,start    ] GC(9) Pause Young (Normal) (G1 Evacuation Pause)
[2025-05-14T23:33:03.837+0300][gc,task     ] GC(9) Using 8 workers of 8 for evacuation
[2025-05-14T23:33:03.840+0300][gc,phases   ] GC(9)   Pre Evacuate Collection Set: 0.2ms
[2025-05-14T23:33:03.840+0300][gc,phases   ] GC(9)   Merge Heap Roots: 0.2ms
[2025-05-14T23:33:03.840+0300][gc,phases   ] GC(9)   Evacuate Collection Set: 1.7ms
[2025-05-14T23:33:03.840+0300][gc,phases   ] GC(9)   Post Evacuate Collection Set: 0.9ms
[2025-05-14T23:33:03.840+0300][gc,phases   ] GC(9)   Other: 0.2ms
[2025-05-14T23:33:03.840+0300][gc,heap     ] GC(9) Eden regions: 49->0(74)
[2025-05-14T23:33:03.840+0300][gc,heap     ] GC(9) Survivor regions: 2->2(7)
[2025-05-14T23:33:03.840+0300][gc,heap     ] GC(9) Old regions: 23->23
[2025-05-14T23:33:03.840+0300][gc,heap     ] GC(9) Archive regions: 2->2
[2025-05-14T23:33:03.840+0300][gc,heap     ] GC(9) Humongous regions: 147->147
[2025-05-14T23:33:03.840+0300][gc,metaspace] GC(9) Metaspace: 46341K(47232K)->46341K(47232K) NonClass: 40898K(41344K)->40898K(41344K) Class: 5443K(5888K)->5443K(5888K)
[2025-05-14T23:33:03.840+0300][gc          ] GC(9) Pause Young (Normal) (G1 Evacuation Pause) 220M->171M(1024M) 3.305ms
[2025-05-14T23:33:03.840+0300][gc,cpu      ] GC(9) User=0.01s Sys=0.00s Real=0.00s
[2025-05-14T23:33:04.709+0300][gc,start    ] GC(10) Pause Young (Normal) (G1 Evacuation Pause)
[2025-05-14T23:33:04.709+0300][gc,task     ] GC(10) Using 8 workers of 8 for evacuation
[2025-05-14T23:33:04.714+0300][gc,phases   ] GC(10)   Pre Evacuate Collection Set: 0.3ms
[2025-05-14T23:33:04.715+0300][gc,phases   ] GC(10)   Merge Heap Roots: 0.1ms
[2025-05-14T23:33:04.715+0300][gc,phases   ] GC(10)   Evacuate Collection Set: 4.0ms
[2025-05-14T23:33:04.715+0300][gc,phases   ] GC(10)   Post Evacuate Collection Set: 0.9ms
[2025-05-14T23:33:04.715+0300][gc,phases   ] GC(10)   Other: 0.2ms
[2025-05-14T23:33:04.715+0300][gc,heap     ] GC(10) Eden regions: 74->0(612)
[2025-05-14T23:33:04.715+0300][gc,heap     ] GC(10) Survivor regions: 2->2(10)
[2025-05-14T23:33:04.715+0300][gc,heap     ] GC(10) Old regions: 23->23
[2025-05-14T23:33:04.715+0300][gc,heap     ] GC(10) Archive regions: 2->2
[2025-05-14T23:33:04.715+0300][gc,heap     ] GC(10) Humongous regions: 147->147
[2025-05-14T23:33:04.715+0300][gc,metaspace] GC(10) Metaspace: 46341K(47232K)->46341K(47232K) NonClass: 40898K(41344K)->40898K(41344K) Class: 5443K(5888K)->5443K(5888K)
[2025-05-14T23:33:04.715+0300][gc          ] GC(10) Pause Young (Normal) (G1 Evacuation Pause) 245M->171M(1024M) 5.596ms
[2025-05-14T23:33:04.715+0300][gc,cpu      ] GC(10) User=0.03s Sys=0.00s Real=0.00s
[2025-05-14T23:33:12.277+0300][gc,start    ] GC(11) Pause Young (Normal) (G1 Evacuation Pause)
[2025-05-14T23:33:12.277+0300][gc,task     ] GC(11) Using 8 workers of 8 for evacuation
[2025-05-14T23:33:12.283+0300][gc,phases   ] GC(11)   Pre Evacuate Collection Set: 0.3ms
[2025-05-14T23:33:12.283+0300][gc,phases   ] GC(11)   Merge Heap Roots: 0.2ms
[2025-05-14T23:33:12.283+0300][gc,phases   ] GC(11)   Evacuate Collection Set: 3.8ms
[2025-05-14T23:33:12.283+0300][gc,phases   ] GC(11)   Post Evacuate Collection Set: 1.1ms
[2025-05-14T23:33:12.283+0300][gc,phases   ] GC(11)   Other: 0.3ms
[2025-05-14T23:33:12.283+0300][gc,heap     ] GC(11) Eden regions: 612->0(612)
[2025-05-14T23:33:12.283+0300][gc,heap     ] GC(11) Survivor regions: 2->2(77)
[2025-05-14T23:33:12.283+0300][gc,heap     ] GC(11) Old regions: 23->23
[2025-05-14T23:33:12.283+0300][gc,heap     ] GC(11) Archive regions: 2->2
[2025-05-14T23:33:12.283+0300][gc,heap     ] GC(11) Humongous regions: 147->147
[2025-05-14T23:33:12.283+0300][gc,metaspace] GC(11) Metaspace: 46344K(47232K)->46344K(47232K) NonClass: 40900K(41344K)->40900K(41344K) Class: 5443K(5888K)->5443K(5888K)
[2025-05-14T23:33:12.283+0300][gc          ] GC(11) Pause Young (Normal) (G1 Evacuation Pause) 783M->171M(1024M) 5.861ms
[2025-05-14T23:33:12.283+0300][gc,cpu      ] GC(11) User=0.02s Sys=0.01s Real=0.00s
[2025-05-14T23:33:22.620+0300][gc,start    ] GC(12) Pause Young (Normal) (G1 Evacuation Pause)
[2025-05-14T23:33:22.620+0300][gc,task     ] GC(12) Using 8 workers of 8 for evacuation
[2025-05-14T23:33:22.624+0300][gc,phases   ] GC(12)   Pre Evacuate Collection Set: 0.3ms
[2025-05-14T23:33:22.624+0300][gc,phases   ] GC(12)   Merge Heap Roots: 0.2ms
[2025-05-14T23:33:22.624+0300][gc,phases   ] GC(12)   Evacuate Collection Set: 1.8ms
[2025-05-14T23:33:22.624+0300][gc,phases   ] GC(12)   Post Evacuate Collection Set: 1.3ms
[2025-05-14T23:33:22.624+0300][gc,phases   ] GC(12)   Other: 0.2ms
[2025-05-14T23:33:22.624+0300][gc,heap     ] GC(12) Eden regions: 612->0(612)
[2025-05-14T23:33:22.624+0300][gc,heap     ] GC(12) Survivor regions: 2->2(77)
[2025-05-14T23:33:22.624+0300][gc,heap     ] GC(12) Old regions: 23->23
[2025-05-14T23:33:22.624+0300][gc,heap     ] GC(12) Archive regions: 2->2
[2025-05-14T23:33:22.624+0300][gc,heap     ] GC(12) Humongous regions: 147->147
[2025-05-14T23:33:22.624+0300][gc,metaspace] GC(12) Metaspace: 46350K(47232K)->46350K(47232K) NonClass: 40906K(41344K)->40906K(41344K) Class: 5443K(5888K)->5443K(5888K)
[2025-05-14T23:33:22.624+0300][gc          ] GC(12) Pause Young (Normal) (G1 Evacuation Pause) 783M->171M(1024M) 3.977ms
[2025-05-14T23:33:22.624+0300][gc,cpu      ] GC(12) User=0.02s Sys=0.00s Real=0.01s
[2025-05-14T23:33:30.030+0300][gc,start    ] GC(13) Pause Young (Normal) (G1 Evacuation Pause)
[2025-05-14T23:33:30.030+0300][gc,task     ] GC(13) Using 8 workers of 8 for evacuation
[2025-05-14T23:33:30.034+0300][gc,phases   ] GC(13)   Pre Evacuate Collection Set: 0.3ms
[2025-05-14T23:33:30.034+0300][gc,phases   ] GC(13)   Merge Heap Roots: 0.2ms
[2025-05-14T23:33:30.034+0300][gc,phases   ] GC(13)   Evacuate Collection Set: 2.0ms
[2025-05-14T23:33:30.034+0300][gc,phases   ] GC(13)   Post Evacuate Collection Set: 1.2ms
[2025-05-14T23:33:30.034+0300][gc,phases   ] GC(13)   Other: 0.2ms
[2025-05-14T23:33:30.034+0300][gc,heap     ] GC(13) Eden regions: 612->0(612)
[2025-05-14T23:33:30.034+0300][gc,heap     ] GC(13) Survivor regions: 2->2(77)
[2025-05-14T23:33:30.034+0300][gc,heap     ] GC(13) Old regions: 23->23
[2025-05-14T23:33:30.034+0300][gc,heap     ] GC(13) Archive regions: 2->2
[2025-05-14T23:33:30.035+0300][gc,heap     ] GC(13) Humongous regions: 147->147
[2025-05-14T23:33:30.035+0300][gc,metaspace] GC(13) Metaspace: 46352K(47232K)->46352K(47232K) NonClass: 40908K(41344K)->40908K(41344K) Class: 5443K(5888K)->5443K(5888K)
[2025-05-14T23:33:30.035+0300][gc          ] GC(13) Pause Young (Normal) (G1 Evacuation Pause) 783M->171M(1024M) 4.150ms
[2025-05-14T23:33:30.035+0300][gc,cpu      ] GC(13) User=0.02s Sys=0.00s Real=0.01s
[2025-05-14T23:33:37.710+0300][gc,start    ] GC(14) Pause Young (Normal) (G1 Evacuation Pause)
[2025-05-14T23:33:37.710+0300][gc,task     ] GC(14) Using 8 workers of 8 for evacuation
[2025-05-14T23:33:37.714+0300][gc,phases   ] GC(14)   Pre Evacuate Collection Set: 0.3ms
[2025-05-14T23:33:37.714+0300][gc,phases   ] GC(14)   Merge Heap Roots: 0.3ms
[2025-05-14T23:33:37.714+0300][gc,phases   ] GC(14)   Evacuate Collection Set: 2.3ms
[2025-05-14T23:33:37.714+0300][gc,phases   ] GC(14)   Post Evacuate Collection Set: 1.1ms
[2025-05-14T23:33:37.715+0300][gc,phases   ] GC(14)   Other: 0.2ms
[2025-05-14T23:33:37.715+0300][gc,heap     ] GC(14) Eden regions: 612->0(612)
[2025-05-14T23:33:37.715+0300][gc,heap     ] GC(14) Survivor regions: 2->2(77)
[2025-05-14T23:33:37.715+0300][gc,heap     ] GC(14) Old regions: 23->23
[2025-05-14T23:33:37.715+0300][gc,heap     ] GC(14) Archive regions: 2->2
[2025-05-14T23:33:37.715+0300][gc,heap     ] GC(14) Humongous regions: 147->147
[2025-05-14T23:33:37.715+0300][gc,metaspace] GC(14) Metaspace: 46363K(47232K)->46363K(47232K) NonClass: 40919K(41344K)->40919K(41344K) Class: 5443K(5888K)->5443K(5888K)
[2025-05-14T23:33:37.715+0300][gc          ] GC(14) Pause Young (Normal) (G1 Evacuation Pause) 783M->171M(1024M) 4.350ms
[2025-05-14T23:33:37.715+0300][gc,cpu      ] GC(14) User=0.02s Sys=0.00s Real=0.01s
[2025-05-14T23:33:45.525+0300][gc,start    ] GC(15) Pause Young (Normal) (G1 Evacuation Pause)
[2025-05-14T23:33:45.525+0300][gc,task     ] GC(15) Using 8 workers of 8 for evacuation
[2025-05-14T23:33:45.529+0300][gc,phases   ] GC(15)   Pre Evacuate Collection Set: 0.3ms
[2025-05-14T23:33:45.529+0300][gc,phases   ] GC(15)   Merge Heap Roots: 0.2ms
[2025-05-14T23:33:45.529+0300][gc,phases   ] GC(15)   Evacuate Collection Set: 2.1ms
[2025-05-14T23:33:45.529+0300][gc,phases   ] GC(15)   Post Evacuate Collection Set: 1.2ms
[2025-05-14T23:33:45.529+0300][gc,phases   ] GC(15)   Other: 0.2ms
[2025-05-14T23:33:45.529+0300][gc,heap     ] GC(15) Eden regions: 612->0(612)
[2025-05-14T23:33:45.529+0300][gc,heap     ] GC(15) Survivor regions: 2->2(77)
[2025-05-14T23:33:45.529+0300][gc,heap     ] GC(15) Old regions: 23->23
[2025-05-14T23:33:45.529+0300][gc,heap     ] GC(15) Archive regions: 2->2
[2025-05-14T23:33:45.529+0300][gc,heap     ] GC(15) Humongous regions: 147->147
[2025-05-14T23:33:45.529+0300][gc,metaspace] GC(15) Metaspace: 46363K(47232K)->46363K(47232K) NonClass: 40919K(41344K)->40919K(41344K) Class: 5443K(5888K)->5443K(5888K)
[2025-05-14T23:33:45.529+0300][gc          ] GC(15) Pause Young (Normal) (G1 Evacuation Pause) 783M->171M(1024M) 4.083ms
[2025-05-14T23:33:45.529+0300][gc,cpu      ] GC(15) User=0.01s Sys=0.01s Real=0.00s
[2025-05-14T23:33:53.326+0300][gc,start    ] GC(16) Pause Young (Normal) (G1 Evacuation Pause)
[2025-05-14T23:33:53.326+0300][gc,task     ] GC(16) Using 8 workers of 8 for evacuation
[2025-05-14T23:33:53.330+0300][gc,phases   ] GC(16)   Pre Evacuate Collection Set: 0.3ms
[2025-05-14T23:33:53.330+0300][gc,phases   ] GC(16)   Merge Heap Roots: 0.3ms
[2025-05-14T23:33:53.330+0300][gc,phases   ] GC(16)   Evacuate Collection Set: 2.1ms
[2025-05-14T23:33:53.330+0300][gc,phases   ] GC(16)   Post Evacuate Collection Set: 1.2ms
[2025-05-14T23:33:53.330+0300][gc,phases   ] GC(16)   Other: 0.2ms
[2025-05-14T23:33:53.330+0300][gc,heap     ] GC(16) Eden regions: 612->0(612)
[2025-05-14T23:33:53.330+0300][gc,heap     ] GC(16) Survivor regions: 2->2(77)
[2025-05-14T23:33:53.330+0300][gc,heap     ] GC(16) Old regions: 23->23
[2025-05-14T23:33:53.330+0300][gc,heap     ] GC(16) Archive regions: 2->2
[2025-05-14T23:33:53.330+0300][gc,heap     ] GC(16) Humongous regions: 147->147
[2025-05-14T23:33:53.330+0300][gc,metaspace] GC(16) Metaspace: 46368K(47232K)->46368K(47232K) NonClass: 40924K(41344K)->40924K(41344K) Class: 5443K(5888K)->5443K(5888K)
[2025-05-14T23:33:53.331+0300][gc          ] GC(16) Pause Young (Normal) (G1 Evacuation Pause) 783M->171M(1024M) 4.157ms
[2025-05-14T23:33:53.331+0300][gc,cpu      ] GC(16) User=0.01s Sys=0.00s Real=0.00s
[2025-05-14T23:34:03.744+0300][gc,start    ] GC(17) Pause Young (Normal) (G1 Evacuation Pause)
[2025-05-14T23:34:03.744+0300][gc,task     ] GC(17) Using 8 workers of 8 for evacuation
[2025-05-14T23:34:03.748+0300][gc,phases   ] GC(17)   Pre Evacuate Collection Set: 0.2ms
[2025-05-14T23:34:03.748+0300][gc,phases   ] GC(17)   Merge Heap Roots: 0.2ms
[2025-05-14T23:34:03.748+0300][gc,phases   ] GC(17)   Evacuate Collection Set: 2.0ms
[2025-05-14T23:34:03.748+0300][gc,phases   ] GC(17)   Post Evacuate Collection Set: 1.1ms
[2025-05-14T23:34:03.748+0300][gc,phases   ] GC(17)   Other: 0.2ms
[2025-05-14T23:34:03.748+0300][gc,heap     ] GC(17) Eden regions: 612->0(612)
[2025-05-14T23:34:03.748+0300][gc,heap     ] GC(17) Survivor regions: 2->2(77)
[2025-05-14T23:34:03.748+0300][gc,heap     ] GC(17) Old regions: 23->23
[2025-05-14T23:34:03.748+0300][gc,heap     ] GC(17) Archive regions: 2->2
[2025-05-14T23:34:03.748+0300][gc,heap     ] GC(17) Humongous regions: 147->147
[2025-05-14T23:34:03.748+0300][gc,metaspace] GC(17) Metaspace: 46378K(47296K)->46378K(47296K) NonClass: 40934K(41408K)->40934K(41408K) Class: 5443K(5888K)->5443K(5888K)
[2025-05-14T23:34:03.748+0300][gc          ] GC(17) Pause Young (Normal) (G1 Evacuation Pause) 783M->171M(1024M) 3.959ms
[2025-05-14T23:34:03.748+0300][gc,cpu      ] GC(17) User=0.00s Sys=0.01s Real=0.01s
[2025-05-14T23:34:11.367+0300][gc,start    ] GC(18) Pause Young (Normal) (G1 Evacuation Pause)
[2025-05-14T23:34:11.368+0300][gc,task     ] GC(18) Using 8 workers of 8 for evacuation
[2025-05-14T23:34:11.372+0300][gc,phases   ] GC(18)   Pre Evacuate Collection Set: 0.3ms
[2025-05-14T23:34:11.372+0300][gc,phases   ] GC(18)   Merge Heap Roots: 0.3ms
[2025-05-14T23:34:11.372+0300][gc,phases   ] GC(18)   Evacuate Collection Set: 2.0ms
[2025-05-14T23:34:11.372+0300][gc,phases   ] GC(18)   Post Evacuate Collection Set: 1.3ms
[2025-05-14T23:34:11.372+0300][gc,phases   ] GC(18)   Other: 0.3ms
[2025-05-14T23:34:11.372+0300][gc,heap     ] GC(18) Eden regions: 612->0(612)
[2025-05-14T23:34:11.372+0300][gc,heap     ] GC(18) Survivor regions: 2->2(77)
[2025-05-14T23:34:11.372+0300][gc,heap     ] GC(18) Old regions: 23->23
[2025-05-14T23:34:11.372+0300][gc,heap     ] GC(18) Archive regions: 2->2
[2025-05-14T23:34:11.372+0300][gc,heap     ] GC(18) Humongous regions: 147->147
[2025-05-14T23:34:11.372+0300][gc,metaspace] GC(18) Metaspace: 46403K(47296K)->46403K(47296K) NonClass: 40959K(41408K)->40959K(41408K) Class: 5443K(5888K)->5443K(5888K)
[2025-05-14T23:34:11.372+0300][gc          ] GC(18) Pause Young (Normal) (G1 Evacuation Pause) 783M->171M(1024M) 4.346ms
[2025-05-14T23:34:11.372+0300][gc,cpu      ] GC(18) User=0.01s Sys=0.00s Real=0.00s
