[2026-08-08T14:52:40.308+0300][gc] Using G1
[2026-08-08T14:52:40.333+0300][gc,init] Version: 17.0.19+10-1-22.04.2-Ubuntu (release)
[2026-08-08T14:52:40.333+0300][gc,init] CPUs: 16 total, 16 available
[2026-08-08T14:52:40.333+0300][gc,init] Memory: 32092M
[2026-08-08T14:52:40.333+0300][gc,init] Large Page Support: Disabled
[2026-08-08T14:52:40.333+0300][gc,init] NUMA Support: Disabled
[2026-08-08T14:52:40.333+0300][gc,init] Compressed Oops: Enabled (32-bit)
[2026-08-08T14:52:40.333+0300][gc,init] Heap Region Size: 1M
[2026-08-08T14:52:40.333+0300][gc,init] Heap Min Capacity: 1G
[2026-08-08T14:52:40.333+0300][gc,init] Heap Initial Capacity: 1G
[2026-08-08T14:52:40.333+0300][gc,init] Heap Max Capacity: 1G
[2026-08-08T14:52:40.333+0300][gc,init] Pre-touch: Disabled
[2026-08-08T14:52:40.333+0300][gc,init] Parallel Workers: 13
[2026-08-08T14:52:40.333+0300][gc,init] Concurrent Workers: 3
[2026-08-08T14:52:40.333+0300][gc,init] Concurrent Refinement Workers: 13
[2026-08-08T14:52:40.333+0300][gc,init] Periodic GC: Disabled
[2026-08-08T14:52:40.344+0300][gc,metaspace] CDS archive(s) mapped at: [0x000074be3b000000-0x000074be3bbc7000-0x000074be3bbc7000), size 12349440, SharedBaseAddress: 0x000074be3b000000, ArchiveRelocationMode: 1.
[2026-08-08T14:52:40.344+0300][gc,metaspace] Compressed class space mapped at: 0x000074be3c000000-0x000074be7c000000, reserved size: 1073741824
[2026-08-08T14:52:40.344+0300][gc,metaspace] Narrow klass base: 0x000074be3b000000, Narrow klass shift: 0, Narrow klass range: 0x100000000
[2026-08-08T14:52:43.187+0300][gc,start    ] GC(0) Pause Young (Normal) (G1 Evacuation Pause)
[2026-08-08T14:52:43.189+0300][gc,task     ] GC(0) Using 13 workers of 13 for evacuation
[2026-08-08T14:52:43.196+0300][gc,phases   ] GC(0)   Pre Evacuate Collection Set: 0.41ms
[2026-08-08T14:52:43.196+0300][gc,phases   ] GC(0)   Merge Heap Roots: 0.18ms
[2026-08-08T14:52:43.196+0300][gc,phases   ] GC(0)   Evacuate Collection Set: 4.45ms
[2026-08-08T14:52:43.196+0300][gc,phases   ] GC(0)   Post Evacuate Collection Set: 2.10ms
[2026-08-08T14:52:43.196+0300][gc,phases   ] GC(0)   Other: 2.52ms
[2026-08-08T14:52:43.196+0300][gc,heap     ] GC(0) Eden regions: 51->0(44)
[2026-08-08T14:52:43.197+0300][gc,heap     ] GC(0) Survivor regions: 0->7(7)
[2026-08-08T14:52:43.197+0300][gc,heap     ] GC(0) Old regions: 0->1
[2026-08-08T14:52:43.197+0300][gc,heap     ] GC(0) Archive regions: 2->2
[2026-08-08T14:52:43.197+0300][gc,heap     ] GC(0) Humongous regions: 0->0
[2026-08-08T14:52:43.197+0300][gc,metaspace] GC(0) Metaspace: 16741K(16960K)->16741K(16960K) NonClass: 14800K(14912K)->14800K(14912K) Class: 1941K(2048K)->1941K(2048K)
[2026-08-08T14:52:43.197+0300][gc          ] GC(0) Pause Young (Normal) (G1 Evacuation Pause) 51M->8M(1024M) 9.884ms
[2026-08-08T14:52:43.197+0300][gc,cpu      ] GC(0) User=0.03s Sys=0.02s Real=0.01s
[2026-08-08T14:52:43.858+0300][gc,start    ] GC(1) Pause Young (Concurrent Start) (Metadata GC Threshold)
[2026-08-08T14:52:43.858+0300][gc,task     ] GC(1) Using 13 workers of 13 for evacuation
[2026-08-08T14:52:43.865+0300][gc,phases   ] GC(1)   Pre Evacuate Collection Set: 0.60ms
[2026-08-08T14:52:43.865+0300][gc,phases   ] GC(1)   Merge Heap Roots: 0.17ms
[2026-08-08T14:52:43.865+0300][gc,phases   ] GC(1)   Evacuate Collection Set: 4.47ms
[2026-08-08T14:52:43.865+0300][gc,phases   ] GC(1)   Post Evacuate Collection Set: 0.94ms
[2026-08-08T14:52:43.865+0300][gc,phases   ] GC(1)   Other: 0.42ms
[2026-08-08T14:52:43.865+0300][gc,heap     ] GC(1) Eden regions: 15->0(49)
[2026-08-08T14:52:43.865+0300][gc,heap     ] GC(1) Survivor regions: 7->2(7)
[2026-08-08T14:52:43.865+0300][gc,heap     ] GC(1) Old regions: 1->8
[2026-08-08T14:52:43.865+0300][gc,heap     ] GC(1) Archive regions: 2->2
[2026-08-08T14:52:43.865+0300][gc,heap     ] GC(1) Humongous regions: 0->0
[2026-08-08T14:52:43.865+0300][gc,metaspace] GC(1) Metaspace: 21303K(21504K)->21303K(21504K) NonClass: 18678K(18752K)->18678K(18752K) Class: 2625K(2752K)->2625K(2752K)
[2026-08-08T14:52:43.865+0300][gc          ] GC(1) Pause Young (Concurrent Start) (Metadata GC Threshold) 23M->10M(1024M) 6.743ms
[2026-08-08T14:52:43.865+0300][gc,cpu      ] GC(1) User=0.03s Sys=0.01s Real=0.00s
[2026-08-08T14:52:43.865+0300][gc          ] GC(2) Concurrent Mark Cycle
[2026-08-08T14:52:43.866+0300][gc,marking  ] GC(2) Concurrent Clear Claimed Marks
[2026-08-08T14:52:43.866+0300][gc,marking  ] GC(2) Concurrent Clear Claimed Marks 0.068ms
[2026-08-08T14:52:43.866+0300][gc,marking  ] GC(2) Concurrent Scan Root Regions
[2026-08-08T14:52:43.870+0300][gc,marking  ] GC(2) Concurrent Scan Root Regions 4.620ms
[2026-08-08T14:52:43.870+0300][gc,marking  ] GC(2) Concurrent Mark
[2026-08-08T14:52:43.870+0300][gc,marking  ] GC(2) Concurrent Mark From Roots
[2026-08-08T14:52:43.870+0300][gc,task     ] GC(2) Using 3 workers of 3 for marking
[2026-08-08T14:52:43.873+0300][gc,marking  ] GC(2) Concurrent Mark From Roots 2.943ms
[2026-08-08T14:52:43.873+0300][gc,marking  ] GC(2) Concurrent Preclean
[2026-08-08T14:52:43.874+0300][gc,marking  ] GC(2) Concurrent Preclean 0.130ms
[2026-08-08T14:52:43.875+0300][gc,start    ] GC(2) Pause Remark
[2026-08-08T14:52:43.881+0300][gc          ] GC(2) Pause Remark 10M->10M(1024M) 5.381ms
[2026-08-08T14:52:43.881+0300][gc,cpu      ] GC(2) User=0.01s Sys=0.01s Real=0.01s
[2026-08-08T14:52:43.881+0300][gc,marking  ] GC(2) Concurrent Mark 10.535ms
[2026-08-08T14:52:43.881+0300][gc,marking  ] GC(2) Concurrent Rebuild Remembered Sets
[2026-08-08T14:52:43.884+0300][gc,marking  ] GC(2) Concurrent Rebuild Remembered Sets 2.630ms
[2026-08-08T14:52:43.888+0300][gc,start    ] GC(2) Pause Cleanup
[2026-08-08T14:52:43.888+0300][gc          ] GC(2) Pause Cleanup 10M->10M(1024M) 0.383ms
[2026-08-08T14:52:43.888+0300][gc,cpu      ] GC(2) User=0.00s Sys=0.00s Real=0.00s
[2026-08-08T14:52:43.891+0300][gc,marking  ] GC(2) Concurrent Cleanup for Next Mark
[2026-08-08T14:52:43.903+0300][gc,marking  ] GC(2) Concurrent Cleanup for Next Mark 11.547ms
[2026-08-08T14:52:43.903+0300][gc          ] GC(2) Concurrent Mark Cycle 37.406ms
[2026-08-08T14:52:45.416+0300][gc,start    ] GC(3) Pause Young (Normal) (G1 Evacuation Pause)
[2026-08-08T14:52:45.416+0300][gc,task     ] GC(3) Using 13 workers of 13 for evacuation
[2026-08-08T14:52:45.434+0300][gc,phases   ] GC(3)   Pre Evacuate Collection Set: 0.28ms
[2026-08-08T14:52:45.434+0300][gc,phases   ] GC(3)   Merge Heap Roots: 2.04ms
[2026-08-08T14:52:45.434+0300][gc,phases   ] GC(3)   Evacuate Collection Set: 14.13ms
[2026-08-08T14:52:45.434+0300][gc,phases   ] GC(3)   Post Evacuate Collection Set: 1.56ms
[2026-08-08T14:52:45.434+0300][gc,phases   ] GC(3)   Other: 0.21ms
[2026-08-08T14:52:45.434+0300][gc,heap     ] GC(3) Eden regions: 49->0(45)
[2026-08-08T14:52:45.434+0300][gc,heap     ] GC(3) Survivor regions: 2->6(7)
[2026-08-08T14:52:45.434+0300][gc,heap     ] GC(3) Old regions: 8->8
[2026-08-08T14:52:45.434+0300][gc,heap     ] GC(3) Archive regions: 2->2
[2026-08-08T14:52:45.434+0300][gc,heap     ] GC(3) Humongous regions: 9->9
[2026-08-08T14:52:45.434+0300][gc,metaspace] GC(3) Metaspace: 33557K(33984K)->33557K(33984K) NonClass: 29616K(29824K)->29616K(29824K) Class: 3940K(4160K)->3940K(4160K)
[2026-08-08T14:52:45.434+0300][gc          ] GC(3) Pause Young (Normal) (G1 Evacuation Pause) 68M->23M(1024M) 18.745ms
[2026-08-08T14:52:45.434+0300][gc,cpu      ] GC(3) User=0.04s Sys=0.00s Real=0.02s
[2026-08-08T14:52:45.634+0300][gc,start    ] GC(4) Pause Young (Concurrent Start) (Metadata GC Threshold)
[2026-08-08T14:52:45.634+0300][gc,task     ] GC(4) Using 13 workers of 13 for evacuation
[2026-08-08T14:52:45.648+0300][gc,phases   ] GC(4)   Pre Evacuate Collection Set: 0.44ms
[2026-08-08T14:52:45.648+0300][gc,phases   ] GC(4)   Merge Heap Roots: 0.13ms
[2026-08-08T14:52:45.648+0300][gc,phases   ] GC(4)   Evacuate Collection Set: 11.78ms
[2026-08-08T14:52:45.648+0300][gc,phases   ] GC(4)   Post Evacuate Collection Set: 0.98ms
[2026-08-08T14:52:45.648+0300][gc,phases   ] GC(4)   Other: 0.40ms
[2026-08-08T14:52:45.648+0300][gc,heap     ] GC(4) Eden regions: 11->0(49)
[2026-08-08T14:52:45.648+0300][gc,heap     ] GC(4) Survivor regions: 6->2(7)
[2026-08-08T14:52:45.648+0300][gc,heap     ] GC(4) Old regions: 8->14
[2026-08-08T14:52:45.648+0300][gc,heap     ] GC(4) Archive regions: 2->2
[2026-08-08T14:52:45.648+0300][gc,heap     ] GC(4) Humongous regions: 9->9
[2026-08-08T14:52:45.648+0300][gc,metaspace] GC(4) Metaspace: 35670K(36096K)->35670K(36096K) NonClass: 31484K(31680K)->31484K(31680K) Class: 4185K(4416K)->4185K(4416K)
[2026-08-08T14:52:45.648+0300][gc          ] GC(4) Pause Young (Concurrent Start) (Metadata GC Threshold) 33M->24M(1024M) 13.956ms
[2026-08-08T14:52:45.648+0300][gc,cpu      ] GC(4) User=0.05s Sys=0.00s Real=0.02s
[2026-08-08T14:52:45.648+0300][gc          ] GC(5) Concurrent Mark Cycle
[2026-08-08T14:52:45.648+0300][gc,marking  ] GC(5) Concurrent Clear Claimed Marks
[2026-08-08T14:52:45.648+0300][gc,marking  ] GC(5) Concurrent Clear Claimed Marks 0.092ms
[2026-08-08T14:52:45.648+0300][gc,marking  ] GC(5) Concurrent Scan Root Regions
[2026-08-08T14:52:45.651+0300][gc,marking  ] GC(5) Concurrent Scan Root Regions 2.555ms
[2026-08-08T14:52:45.651+0300][gc,marking  ] GC(5) Concurrent Mark
[2026-08-08T14:52:45.651+0300][gc,marking  ] GC(5) Concurrent Mark From Roots
[2026-08-08T14:52:45.651+0300][gc,task     ] GC(5) Using 3 workers of 3 for marking
[2026-08-08T14:52:45.656+0300][gc,marking  ] GC(5) Concurrent Mark From Roots 5.053ms
[2026-08-08T14:52:45.656+0300][gc,marking  ] GC(5) Concurrent Preclean
[2026-08-08T14:52:45.656+0300][gc,marking  ] GC(5) Concurrent Preclean 0.241ms
[2026-08-08T14:52:45.662+0300][gc,start    ] GC(5) Pause Remark
[2026-08-08T14:52:45.676+0300][gc          ] GC(5) Pause Remark 25M->25M(1024M) 14.599ms
[2026-08-08T14:52:45.676+0300][gc,cpu      ] GC(5) User=0.01s Sys=0.01s Real=0.02s
[2026-08-08T14:52:45.677+0300][gc,marking  ] GC(5) Concurrent Mark 25.681ms
[2026-08-08T14:52:45.677+0300][gc,marking  ] GC(5) Concurrent Rebuild Remembered Sets
[2026-08-08T14:52:45.681+0300][gc,marking  ] GC(5) Concurrent Rebuild Remembered Sets 4.822ms
[2026-08-08T14:52:45.684+0300][gc,start    ] GC(5) Pause Cleanup
[2026-08-08T14:52:45.685+0300][gc          ] GC(5) Pause Cleanup 25M->25M(1024M) 0.823ms
[2026-08-08T14:52:45.685+0300][gc,cpu      ] GC(5) User=0.00s Sys=0.00s Real=0.00s
[2026-08-08T14:52:45.688+0300][gc,marking  ] GC(5) Concurrent Cleanup for Next Mark
[2026-08-08T14:52:45.701+0300][gc,marking  ] GC(5) Concurrent Cleanup for Next Mark 12.767ms
[2026-08-08T14:52:45.701+0300][gc          ] GC(5) Concurrent Mark Cycle 52.597ms
[2026-08-08T14:52:47.438+0300][gc,start    ] GC(6) Pause Young (Normal) (G1 Evacuation Pause)
[2026-08-08T14:52:47.438+0300][gc,task     ] GC(6) Using 13 workers of 13 for evacuation
[2026-08-08T14:52:47.448+0300][gc,phases   ] GC(6)   Pre Evacuate Collection Set: 0.29ms
[2026-08-08T14:52:47.448+0300][gc,phases   ] GC(6)   Merge Heap Roots: 0.15ms
[2026-08-08T14:52:47.448+0300][gc,phases   ] GC(6)   Evacuate Collection Set: 8.73ms
[2026-08-08T14:52:47.448+0300][gc,phases   ] GC(6)   Post Evacuate Collection Set: 1.20ms
[2026-08-08T14:52:47.448+0300][gc,phases   ] GC(6)   Other: 0.24ms
[2026-08-08T14:52:47.448+0300][gc,heap     ] GC(6) Eden regions: 49->0(44)
[2026-08-08T14:52:47.448+0300][gc,heap     ] GC(6) Survivor regions: 2->7(7)
[2026-08-08T14:52:47.448+0300][gc,heap     ] GC(6) Old regions: 14->15
[2026-08-08T14:52:47.448+0300][gc,heap     ] GC(6) Archive regions: 2->2
[2026-08-08T14:52:47.448+0300][gc,heap     ] GC(6) Humongous regions: 9->9
[2026-08-08T14:52:47.448+0300][gc,metaspace] GC(6) Metaspace: 47131K(47808K)->47131K(47808K) NonClass: 41607K(41984K)->41607K(41984K) Class: 5524K(5824K)->5524K(5824K)
[2026-08-08T14:52:47.448+0300][gc          ] GC(6) Pause Young (Normal) (G1 Evacuation Pause) 73M->31M(1024M) 10.740ms
[2026-08-08T14:52:47.448+0300][gc,cpu      ] GC(6) User=0.03s Sys=0.01s Real=0.01s
[2026-08-08T14:56:08.985+0300][gc,start    ] GC(7) Pause Young (Normal) (G1 Evacuation Pause)
[2026-08-08T14:56:08.989+0300][gc,task     ] GC(7) Using 13 workers of 13 for evacuation
[2026-08-08T14:56:09.005+0300][gc,phases   ] GC(7)   Pre Evacuate Collection Set: 1.03ms
[2026-08-08T14:56:09.005+0300][gc,phases   ] GC(7)   Merge Heap Roots: 1.81ms
[2026-08-08T14:56:09.005+0300][gc,phases   ] GC(7)   Evacuate Collection Set: 7.72ms
[2026-08-08T14:56:09.005+0300][gc,phases   ] GC(7)   Post Evacuate Collection Set: 4.23ms
[2026-08-08T14:56:09.005+0300][gc,phases   ] GC(7)   Other: 4.83ms
[2026-08-08T14:56:09.006+0300][gc,heap     ] GC(7) Eden regions: 44->0(47)
[2026-08-08T14:56:09.006+0300][gc,heap     ] GC(7) Survivor regions: 7->4(7)
[2026-08-08T14:56:09.006+0300][gc,heap     ] GC(7) Old regions: 15->22
[2026-08-08T14:56:09.006+0300][gc,heap     ] GC(7) Archive regions: 2->2
[2026-08-08T14:56:09.006+0300][gc,heap     ] GC(7) Humongous regions: 138->138
[2026-08-08T14:56:09.006+0300][gc,metaspace] GC(7) Metaspace: 51773K(52608K)->51773K(52608K) NonClass: 45666K(46080K)->45666K(46080K) Class: 6107K(6528K)->6107K(6528K)
[2026-08-08T14:56:09.006+0300][gc          ] GC(7) Pause Young (Normal) (G1 Evacuation Pause) 204M->164M(1024M) 20.725ms
[2026-08-08T14:56:09.006+0300][gc,cpu      ] GC(7) User=0.05s Sys=0.01s Real=0.02s
