[2025-05-29T16:57:57.667+0300][gc] Using G1
[2025-05-29T16:57:57.690+0300][gc,init] Version: 17.0.15+6-Ubuntu-0ubuntu124.04 (release)
[2025-05-29T16:57:57.690+0300][gc,init] CPUs: 8 total, 8 available
[2025-05-29T16:57:57.690+0300][gc,init] Memory: 7846M
[2025-05-29T16:57:57.690+0300][gc,init] Large Page Support: Disabled
[2025-05-29T16:57:57.690+0300][gc,init] NUMA Support: Disabled
[2025-05-29T16:57:57.690+0300][gc,init] Compressed Oops: Enabled (32-bit)
[2025-05-29T16:57:57.690+0300][gc,init] Heap Region Size: 1M
[2025-05-29T16:57:57.690+0300][gc,init] Heap Min Capacity: 1G
[2025-05-29T16:57:57.690+0300][gc,init] Heap Initial Capacity: 1G
[2025-05-29T16:57:57.690+0300][gc,init] Heap Max Capacity: 1G
[2025-05-29T16:57:57.690+0300][gc,init] Pre-touch: Disabled
[2025-05-29T16:57:57.690+0300][gc,init] Parallel Workers: 8
[2025-05-29T16:57:57.690+0300][gc,init] Concurrent Workers: 2
[2025-05-29T16:57:57.690+0300][gc,init] Concurrent Refinement Workers: 8
[2025-05-29T16:57:57.690+0300][gc,init] Periodic GC: Disabled
[2025-05-29T16:57:57.707+0300][gc,metaspace] CDS archive(s) mapped at: [0x00007728e7000000-0x00007728e7bc7000-0x00007728e7bc7000), size 12349440, SharedBaseAddress: 0x00007728e7000000, ArchiveRelocationMode: 1.
[2025-05-29T16:57:57.707+0300][gc,metaspace] Compressed class space mapped at: 0x00007728e8000000-0x0000772928000000, reserved size: 1073741824
[2025-05-29T16:57:57.707+0300][gc,metaspace] Narrow klass base: 0x00007728e7000000, Narrow klass shift: 0, Narrow klass range: 0x100000000
[2025-05-29T16:57:59.410+0300][gc,start    ] GC(0) Pause Young (Normal) (G1 Evacuation Pause)
[2025-05-29T16:57:59.412+0300][gc,task     ] GC(0) Using 8 workers of 8 for evacuation
[2025-05-29T16:57:59.422+0300][gc,phases   ] GC(0)   Pre Evacuate Collection Set: 0.2ms
[2025-05-29T16:57:59.422+0300][gc,phases   ] GC(0)   Merge Heap Roots: 0.3ms
[2025-05-29T16:57:59.422+0300][gc,phases   ] GC(0)   Evacuate Collection Set: 7.8ms
[2025-05-29T16:57:59.422+0300][gc,phases   ] GC(0)   Post Evacuate Collection Set: 1.3ms
[2025-05-29T16:57:59.422+0300][gc,phases   ] GC(0)   Other: 2.3ms
[2025-05-29T16:57:59.422+0300][gc,heap     ] GC(0) Eden regions: 51->0(44)
[2025-05-29T16:57:59.422+0300][gc,heap     ] GC(0) Survivor regions: 0->7(7)
[2025-05-29T16:57:59.422+0300][gc,heap     ] GC(0) Old regions: 0->1
[2025-05-29T16:57:59.422+0300][gc,heap     ] GC(0) Archive regions: 2->2
[2025-05-29T16:57:59.422+0300][gc,heap     ] GC(0) Humongous regions: 0->0
[2025-05-29T16:57:59.422+0300][gc,metaspace] GC(0) Metaspace: 16901K(17152K)->16901K(17152K) NonClass: 14853K(14976K)->14853K(14976K) Class: 2048K(2176K)->2048K(2176K)
[2025-05-29T16:57:59.422+0300][gc          ] GC(0) Pause Young (Normal) (G1 Evacuation Pause) 51M->8M(1024M) 12.193ms
[2025-05-29T16:57:59.422+0300][gc,cpu      ] GC(0) User=0.01s Sys=0.04s Real=0.01s
[2025-05-29T16:57:59.806+0300][gc,start    ] GC(1) Pause Young (Concurrent Start) (Metadata GC Threshold)
[2025-05-29T16:57:59.806+0300][gc,task     ] GC(1) Using 8 workers of 8 for evacuation
[2025-05-29T16:57:59.816+0300][gc,phases   ] GC(1)   Pre Evacuate Collection Set: 0.3ms
[2025-05-29T16:57:59.816+0300][gc,phases   ] GC(1)   Merge Heap Roots: 0.1ms
[2025-05-29T16:57:59.816+0300][gc,phases   ] GC(1)   Evacuate Collection Set: 8.4ms
[2025-05-29T16:57:59.816+0300][gc,phases   ] GC(1)   Post Evacuate Collection Set: 1.3ms
[2025-05-29T16:57:59.816+0300][gc,phases   ] GC(1)   Other: 0.6ms
[2025-05-29T16:57:59.816+0300][gc,heap     ] GC(1) Eden regions: 15->0(49)
[2025-05-29T16:57:59.816+0300][gc,heap     ] GC(1) Survivor regions: 7->2(7)
[2025-05-29T16:57:59.816+0300][gc,heap     ] GC(1) Old regions: 1->8
[2025-05-29T16:57:59.816+0300][gc,heap     ] GC(1) Archive regions: 2->2
[2025-05-29T16:57:59.816+0300][gc,heap     ] GC(1) Humongous regions: 0->0
[2025-05-29T16:57:59.817+0300][gc,metaspace] GC(1) Metaspace: 21326K(21504K)->21326K(21504K) NonClass: 18683K(18752K)->18683K(18752K) Class: 2642K(2752K)->2642K(2752K)
[2025-05-29T16:57:59.817+0300][gc          ] GC(1) Pause Young (Concurrent Start) (Metadata GC Threshold) 23M->10M(1024M) 10.925ms
[2025-05-29T16:57:59.817+0300][gc,cpu      ] GC(1) User=0.05s Sys=0.02s Real=0.01s
[2025-05-29T16:57:59.817+0300][gc          ] GC(2) Concurrent Mark Cycle
[2025-05-29T16:57:59.817+0300][gc,marking  ] GC(2) Concurrent Clear Claimed Marks
[2025-05-29T16:57:59.817+0300][gc,marking  ] GC(2) Concurrent Clear Claimed Marks 0.029ms
[2025-05-29T16:57:59.817+0300][gc,marking  ] GC(2) Concurrent Scan Root Regions
[2025-05-29T16:57:59.821+0300][gc,marking  ] GC(2) Concurrent Scan Root Regions 4.748ms
[2025-05-29T16:57:59.822+0300][gc,marking  ] GC(2) Concurrent Mark
[2025-05-29T16:57:59.822+0300][gc,marking  ] GC(2) Concurrent Mark From Roots
[2025-05-29T16:57:59.822+0300][gc,task     ] GC(2) Using 2 workers of 2 for marking
[2025-05-29T16:57:59.824+0300][gc,marking  ] GC(2) Concurrent Mark From Roots 2.918ms
[2025-05-29T16:57:59.825+0300][gc,marking  ] GC(2) Concurrent Preclean
[2025-05-29T16:57:59.825+0300][gc,marking  ] GC(2) Concurrent Preclean 0.228ms
[2025-05-29T16:57:59.825+0300][gc,start    ] GC(2) Pause Remark
[2025-05-29T16:57:59.828+0300][gc          ] GC(2) Pause Remark 10M->10M(1024M) 3.260ms
[2025-05-29T16:57:59.828+0300][gc,cpu      ] GC(2) User=0.01s Sys=0.01s Real=0.01s
[2025-05-29T16:57:59.828+0300][gc,marking  ] GC(2) Concurrent Mark 6.911ms
[2025-05-29T16:57:59.828+0300][gc,marking  ] GC(2) Concurrent Rebuild Remembered Sets
[2025-05-29T16:57:59.828+0300][gc,marking  ] GC(2) Concurrent Rebuild Remembered Sets 0.009ms
[2025-05-29T16:57:59.829+0300][gc,start    ] GC(2) Pause Cleanup
[2025-05-29T16:57:59.829+0300][gc          ] GC(2) Pause Cleanup 10M->10M(1024M) 0.050ms
[2025-05-29T16:57:59.829+0300][gc,cpu      ] GC(2) User=0.00s Sys=0.00s Real=0.00s
[2025-05-29T16:57:59.829+0300][gc,marking  ] GC(2) Concurrent Cleanup for Next Mark
[2025-05-29T16:57:59.847+0300][gc,marking  ] GC(2) Concurrent Cleanup for Next Mark 18.394ms
[2025-05-29T16:57:59.847+0300][gc          ] GC(2) Concurrent Mark Cycle 30.687ms
[2025-05-29T16:58:01.501+0300][gc,start    ] GC(3) Pause Young (Normal) (G1 Evacuation Pause)
[2025-05-29T16:58:01.501+0300][gc,task     ] GC(3) Using 8 workers of 8 for evacuation
[2025-05-29T16:58:01.508+0300][gc,phases   ] GC(3)   Pre Evacuate Collection Set: 0.4ms
[2025-05-29T16:58:01.508+0300][gc,phases   ] GC(3)   Merge Heap Roots: 0.2ms
[2025-05-29T16:58:01.508+0300][gc,phases   ] GC(3)   Evacuate Collection Set: 5.7ms
[2025-05-29T16:58:01.508+0300][gc,phases   ] GC(3)   Post Evacuate Collection Set: 1.0ms
[2025-05-29T16:58:01.508+0300][gc,phases   ] GC(3)   Other: 0.2ms
[2025-05-29T16:58:01.508+0300][gc,heap     ] GC(3) Eden regions: 49->0(45)
[2025-05-29T16:58:01.508+0300][gc,heap     ] GC(3) Survivor regions: 2->6(7)
[2025-05-29T16:58:01.508+0300][gc,heap     ] GC(3) Old regions: 8->8
[2025-05-29T16:58:01.508+0300][gc,heap     ] GC(3) Archive regions: 2->2
[2025-05-29T16:58:01.508+0300][gc,heap     ] GC(3) Humongous regions: 0->0
[2025-05-29T16:58:01.508+0300][gc,metaspace] GC(3) Metaspace: 33479K(33856K)->33479K(33856K) NonClass: 29576K(29760K)->29576K(29760K) Class: 3903K(4096K)->3903K(4096K)
[2025-05-29T16:58:01.508+0300][gc          ] GC(3) Pause Young (Normal) (G1 Evacuation Pause) 59M->14M(1024M) 7.629ms
[2025-05-29T16:58:01.508+0300][gc,cpu      ] GC(3) User=0.04s Sys=0.01s Real=0.01s
[2025-05-29T16:58:02.219+0300][gc,start    ] GC(4) Pause Young (Concurrent Start) (Metadata GC Threshold)
[2025-05-29T16:58:02.219+0300][gc,task     ] GC(4) Using 8 workers of 8 for evacuation
[2025-05-29T16:58:02.232+0300][gc,phases   ] GC(4)   Pre Evacuate Collection Set: 0.4ms
[2025-05-29T16:58:02.232+0300][gc,phases   ] GC(4)   Merge Heap Roots: 0.2ms
[2025-05-29T16:58:02.232+0300][gc,phases   ] GC(4)   Evacuate Collection Set: 11.0ms
[2025-05-29T16:58:02.232+0300][gc,phases   ] GC(4)   Post Evacuate Collection Set: 1.8ms
[2025-05-29T16:58:02.232+0300][gc,phases   ] GC(4)   Other: 0.4ms
[2025-05-29T16:58:02.232+0300][gc,heap     ] GC(4) Eden regions: 29->0(50)
[2025-05-29T16:58:02.232+0300][gc,heap     ] GC(4) Survivor regions: 6->1(7)
[2025-05-29T16:58:02.232+0300][gc,heap     ] GC(4) Old regions: 8->14
[2025-05-29T16:58:02.233+0300][gc,heap     ] GC(4) Archive regions: 2->2
[2025-05-29T16:58:02.233+0300][gc,heap     ] GC(4) Humongous regions: 1->1
[2025-05-29T16:58:02.233+0300][gc,metaspace] GC(4) Metaspace: 35782K(36096K)->35782K(36096K) NonClass: 31638K(31808K)->31638K(31808K) Class: 4144K(4288K)->4144K(4288K)
[2025-05-29T16:58:02.233+0300][gc          ] GC(4) Pause Young (Concurrent Start) (Metadata GC Threshold) 44M->16M(1024M) 13.968ms
[2025-05-29T16:58:02.233+0300][gc,cpu      ] GC(4) User=0.06s Sys=0.03s Real=0.02s
[2025-05-29T16:58:02.233+0300][gc          ] GC(5) Concurrent Mark Cycle
[2025-05-29T16:58:02.233+0300][gc,marking  ] GC(5) Concurrent Clear Claimed Marks
[2025-05-29T16:58:02.233+0300][gc,marking  ] GC(5) Concurrent Clear Claimed Marks 0.052ms
[2025-05-29T16:58:02.233+0300][gc,marking  ] GC(5) Concurrent Scan Root Regions
[2025-05-29T16:58:02.240+0300][gc,marking  ] GC(5) Concurrent Scan Root Regions 7.217ms
[2025-05-29T16:58:02.240+0300][gc,marking  ] GC(5) Concurrent Mark
[2025-05-29T16:58:02.240+0300][gc,marking  ] GC(5) Concurrent Mark From Roots
[2025-05-29T16:58:02.240+0300][gc,task     ] GC(5) Using 2 workers of 2 for marking
[2025-05-29T16:58:02.259+0300][gc,marking  ] GC(5) Concurrent Mark From Roots 18.462ms
[2025-05-29T16:58:02.259+0300][gc,marking  ] GC(5) Concurrent Preclean
[2025-05-29T16:58:02.259+0300][gc,marking  ] GC(5) Concurrent Preclean 0.279ms
[2025-05-29T16:58:02.259+0300][gc,start    ] GC(5) Pause Remark
[2025-05-29T16:58:02.263+0300][gc          ] GC(5) Pause Remark 17M->17M(1024M) 3.425ms
[2025-05-29T16:58:02.263+0300][gc,cpu      ] GC(5) User=0.02s Sys=0.01s Real=0.00s
[2025-05-29T16:58:02.263+0300][gc,marking  ] GC(5) Concurrent Mark 22.720ms
[2025-05-29T16:58:02.263+0300][gc,marking  ] GC(5) Concurrent Rebuild Remembered Sets
[2025-05-29T16:58:02.276+0300][gc,marking  ] GC(5) Concurrent Rebuild Remembered Sets 13.383ms
[2025-05-29T16:58:02.277+0300][gc,start    ] GC(5) Pause Cleanup
[2025-05-29T16:58:02.277+0300][gc          ] GC(5) Pause Cleanup 17M->17M(1024M) 0.392ms
[2025-05-29T16:58:02.277+0300][gc,cpu      ] GC(5) User=0.00s Sys=0.00s Real=0.00s
[2025-05-29T16:58:02.277+0300][gc,marking  ] GC(5) Concurrent Cleanup for Next Mark
[2025-05-29T16:58:02.295+0300][gc,marking  ] GC(5) Concurrent Cleanup for Next Mark 18.018ms
[2025-05-29T16:58:02.302+0300][gc          ] GC(5) Concurrent Mark Cycle 68.954ms
[2025-05-29T16:58:03.996+0300][gc,start    ] GC(6) Pause Young (Prepare Mixed) (G1 Evacuation Pause)
[2025-05-29T16:58:03.996+0300][gc,task     ] GC(6) Using 8 workers of 8 for evacuation
[2025-05-29T16:58:04.017+0300][gc,mmu      ] GC(6) MMU target violated: 20.9ms (20.0ms/21.0ms)
[2025-05-29T16:58:04.017+0300][gc,phases   ] GC(6)   Pre Evacuate Collection Set: 0.2ms
[2025-05-29T16:58:04.017+0300][gc,phases   ] GC(6)   Merge Heap Roots: 0.2ms
[2025-05-29T16:58:04.017+0300][gc,phases   ] GC(6)   Evacuate Collection Set: 18.6ms
[2025-05-29T16:58:04.017+0300][gc,phases   ] GC(6)   Post Evacuate Collection Set: 1.8ms
[2025-05-29T16:58:04.017+0300][gc,phases   ] GC(6)   Other: 0.2ms
[2025-05-29T16:58:04.017+0300][gc,heap     ] GC(6) Eden regions: 50->0(44)
[2025-05-29T16:58:04.017+0300][gc,heap     ] GC(6) Survivor regions: 1->7(7)
[2025-05-29T16:58:04.017+0300][gc,heap     ] GC(6) Old regions: 14->14
[2025-05-29T16:58:04.017+0300][gc,heap     ] GC(6) Archive regions: 2->2
[2025-05-29T16:58:04.017+0300][gc,heap     ] GC(6) Humongous regions: 1->1
[2025-05-29T16:58:04.017+0300][gc,metaspace] GC(6) Metaspace: 43484K(44160K)->43484K(44160K) NonClass: 38364K(38720K)->38364K(38720K) Class: 5119K(5440K)->5119K(5440K)
[2025-05-29T16:58:04.017+0300][gc          ] GC(6) Pause Young (Prepare Mixed) (G1 Evacuation Pause) 66M->21M(1024M) 21.245ms
[2025-05-29T16:58:04.017+0300][gc,cpu      ] GC(6) User=0.07s Sys=0.01s Real=0.02s
[2025-05-29T16:58:05.070+0300][gc,start    ] GC(7) Pause Young (Mixed) (G1 Evacuation Pause)
[2025-05-29T16:58:05.070+0300][gc,task     ] GC(7) Using 8 workers of 8 for evacuation
[2025-05-29T16:58:05.088+0300][gc,phases   ] GC(7)   Pre Evacuate Collection Set: 0.3ms
[2025-05-29T16:58:05.088+0300][gc,phases   ] GC(7)   Merge Heap Roots: 0.3ms
[2025-05-29T16:58:05.088+0300][gc,phases   ] GC(7)   Evacuate Collection Set: 14.7ms
[2025-05-29T16:58:05.088+0300][gc,phases   ] GC(7)   Post Evacuate Collection Set: 2.5ms
[2025-05-29T16:58:05.088+0300][gc,phases   ] GC(7)   Other: 0.2ms
[2025-05-29T16:58:05.088+0300][gc,heap     ] GC(7) Eden regions: 44->0(48)
[2025-05-29T16:58:05.088+0300][gc,heap     ] GC(7) Survivor regions: 7->3(7)
[2025-05-29T16:58:05.088+0300][gc,heap     ] GC(7) Old regions: 14->20
[2025-05-29T16:58:05.088+0300][gc,heap     ] GC(7) Archive regions: 2->2
[2025-05-29T16:58:05.088+0300][gc,heap     ] GC(7) Humongous regions: 3->2
[2025-05-29T16:58:05.088+0300][gc,metaspace] GC(7) Metaspace: 46020K(46784K)->46020K(46784K) NonClass: 40609K(41024K)->40609K(41024K) Class: 5410K(5760K)->5410K(5760K)
[2025-05-29T16:58:05.088+0300][gc          ] GC(7) Pause Young (Mixed) (G1 Evacuation Pause) 67M->25M(1024M) 18.228ms
[2025-05-29T16:58:05.088+0300][gc,cpu      ] GC(7) User=0.08s Sys=0.02s Real=0.02s
[2025-05-29T16:58:44.543+0300][gc,start    ] GC(8) Pause Young (Normal) (G1 Evacuation Pause)
[2025-05-29T16:58:44.543+0300][gc,task     ] GC(8) Using 8 workers of 8 for evacuation
[2025-05-29T16:58:44.548+0300][gc,phases   ] GC(8)   Pre Evacuate Collection Set: 0.3ms
[2025-05-29T16:58:44.548+0300][gc,phases   ] GC(8)   Merge Heap Roots: 0.3ms
[2025-05-29T16:58:44.548+0300][gc,phases   ] GC(8)   Evacuate Collection Set: 3.3ms
[2025-05-29T16:58:44.548+0300][gc,phases   ] GC(8)   Post Evacuate Collection Set: 1.2ms
[2025-05-29T16:58:44.548+0300][gc,phases   ] GC(8)   Other: 0.2ms
[2025-05-29T16:58:44.548+0300][gc,heap     ] GC(8) Eden regions: 48->0(46)
[2025-05-29T16:58:44.548+0300][gc,heap     ] GC(8) Survivor regions: 3->5(7)
[2025-05-29T16:58:44.548+0300][gc,heap     ] GC(8) Old regions: 20->20
[2025-05-29T16:58:44.548+0300][gc,heap     ] GC(8) Archive regions: 2->2
[2025-05-29T16:58:44.548+0300][gc,heap     ] GC(8) Humongous regions: 140->139
[2025-05-29T16:58:44.548+0300][gc,metaspace] GC(8) Metaspace: 51291K(52352K)->51291K(52352K) NonClass: 45199K(45760K)->45199K(45760K) Class: 6091K(6592K)->6091K(6592K)
[2025-05-29T16:58:44.548+0300][gc          ] GC(8) Pause Young (Normal) (G1 Evacuation Pause) 211M->164M(1024M) 5.583ms
[2025-05-29T16:58:44.548+0300][gc,cpu      ] GC(8) User=0.02s Sys=0.01s Real=0.01s
[2025-05-29T17:00:38.873+0300][gc,start    ] GC(9) Pause Young (Normal) (G1 Evacuation Pause)
[2025-05-29T17:00:38.873+0300][gc,task     ] GC(9) Using 8 workers of 8 for evacuation
[2025-05-29T17:00:38.882+0300][gc,phases   ] GC(9)   Pre Evacuate Collection Set: 0.4ms
[2025-05-29T17:00:38.882+0300][gc,phases   ] GC(9)   Merge Heap Roots: 0.2ms
[2025-05-29T17:00:38.882+0300][gc,phases   ] GC(9)   Evacuate Collection Set: 7.1ms
[2025-05-29T17:00:38.882+0300][gc,phases   ] GC(9)   Post Evacuate Collection Set: 1.5ms
[2025-05-29T17:00:38.882+0300][gc,phases   ] GC(9)   Other: 0.3ms
[2025-05-29T17:00:38.882+0300][gc,heap     ] GC(9) Eden regions: 46->0(46)
[2025-05-29T17:00:38.882+0300][gc,heap     ] GC(9) Survivor regions: 5->5(7)
[2025-05-29T17:00:38.882+0300][gc,heap     ] GC(9) Old regions: 20->22
[2025-05-29T17:00:38.882+0300][gc,heap     ] GC(9) Archive regions: 2->2
[2025-05-29T17:00:38.882+0300][gc,heap     ] GC(9) Humongous regions: 139->139
[2025-05-29T17:00:38.882+0300][gc,metaspace] GC(9) Metaspace: 53762K(54976K)->53762K(54976K) NonClass: 47419K(48064K)->47419K(48064K) Class: 6343K(6912K)->6343K(6912K)
[2025-05-29T17:00:38.882+0300][gc          ] GC(9) Pause Young (Normal) (G1 Evacuation Pause) 210M->166M(1024M) 9.729ms
[2025-05-29T17:00:38.882+0300][gc,cpu      ] GC(9) User=0.03s Sys=0.00s Real=0.01s
[2025-05-29T17:02:40.478+0300][gc,start    ] GC(10) Pause Young (Normal) (G1 Evacuation Pause)
[2025-05-29T17:02:40.478+0300][gc,task     ] GC(10) Using 8 workers of 8 for evacuation
[2025-05-29T17:02:40.612+0300][gc,mmu      ] GC(10) MMU target violated: 21.0ms (20.0ms/21.0ms)
[2025-05-29T17:02:40.612+0300][gc,phases   ] GC(10)   Pre Evacuate Collection Set: 0.5ms
[2025-05-29T17:02:40.612+0300][gc,phases   ] GC(10)   Merge Heap Roots: 0.6ms
[2025-05-29T17:02:40.612+0300][gc,phases   ] GC(10)   Evacuate Collection Set: 106.2ms
[2025-05-29T17:02:40.612+0300][gc,phases   ] GC(10)   Post Evacuate Collection Set: 26.1ms
[2025-05-29T17:02:40.612+0300][gc,phases   ] GC(10)   Other: 0.4ms
[2025-05-29T17:02:40.612+0300][gc,heap     ] GC(10) Eden regions: 46->0(47)
[2025-05-29T17:02:40.612+0300][gc,heap     ] GC(10) Survivor regions: 5->4(7)
[2025-05-29T17:02:40.612+0300][gc,heap     ] GC(10) Old regions: 22->25
[2025-05-29T17:02:40.612+0300][gc,heap     ] GC(10) Archive regions: 2->2
[2025-05-29T17:02:40.612+0300][gc,heap     ] GC(10) Humongous regions: 139->139
[2025-05-29T17:02:40.612+0300][gc,metaspace] GC(10) Metaspace: 54562K(55744K)->54562K(55744K) NonClass: 48212K(48832K)->48212K(48832K) Class: 6349K(6912K)->6349K(6912K)
[2025-05-29T17:02:40.612+0300][gc          ] GC(10) Pause Young (Normal) (G1 Evacuation Pause) 212M->167M(1024M) 134.015ms
[2025-05-29T17:02:40.612+0300][gc,cpu      ] GC(10) User=0.42s Sys=0.09s Real=0.13s
[2025-05-29T17:04:51.051+0300][gc,start    ] GC(11) Pause Young (Normal) (G1 Evacuation Pause)
[2025-05-29T17:04:51.051+0300][gc,task     ] GC(11) Using 8 workers of 8 for evacuation
[2025-05-29T17:04:51.063+0300][gc,phases   ] GC(11)   Pre Evacuate Collection Set: 0.5ms
[2025-05-29T17:04:51.063+0300][gc,phases   ] GC(11)   Merge Heap Roots: 0.2ms
[2025-05-29T17:04:51.063+0300][gc,phases   ] GC(11)   Evacuate Collection Set: 9.5ms
[2025-05-29T17:04:51.063+0300][gc,phases   ] GC(11)   Post Evacuate Collection Set: 1.5ms
[2025-05-29T17:04:51.063+0300][gc,phases   ] GC(11)   Other: 0.3ms
[2025-05-29T17:04:51.063+0300][gc,heap     ] GC(11) Eden regions: 47->0(45)
[2025-05-29T17:04:51.063+0300][gc,heap     ] GC(11) Survivor regions: 4->6(7)
[2025-05-29T17:04:51.063+0300][gc,heap     ] GC(11) Old regions: 25->25
[2025-05-29T17:04:51.063+0300][gc,heap     ] GC(11) Archive regions: 2->2
[2025-05-29T17:04:51.063+0300][gc,heap     ] GC(11) Humongous regions: 139->139
[2025-05-29T17:04:51.063+0300][gc,metaspace] GC(11) Metaspace: 54877K(56064K)->54877K(56064K) NonClass: 48513K(49152K)->48513K(49152K) Class: 6363K(6912K)->6363K(6912K)
[2025-05-29T17:04:51.063+0300][gc          ] GC(11) Pause Young (Normal) (G1 Evacuation Pause) 214M->170M(1024M) 12.305ms
[2025-05-29T17:04:51.063+0300][gc,cpu      ] GC(11) User=0.04s Sys=0.01s Real=0.01s
[2025-05-29T17:07:01.992+0300][gc,start    ] GC(12) Pause Young (Normal) (G1 Evacuation Pause)
[2025-05-29T17:07:01.992+0300][gc,task     ] GC(12) Using 8 workers of 8 for evacuation
[2025-05-29T17:07:02.045+0300][gc,mmu      ] GC(12) MMU target violated: 21.0ms (20.0ms/21.0ms)
[2025-05-29T17:07:02.045+0300][gc,phases   ] GC(12)   Pre Evacuate Collection Set: 0.5ms
[2025-05-29T17:07:02.045+0300][gc,phases   ] GC(12)   Merge Heap Roots: 0.2ms
[2025-05-29T17:07:02.045+0300][gc,phases   ] GC(12)   Evacuate Collection Set: 50.5ms
[2025-05-29T17:07:02.045+0300][gc,phases   ] GC(12)   Post Evacuate Collection Set: 1.6ms
[2025-05-29T17:07:02.045+0300][gc,phases   ] GC(12)   Other: 0.4ms
[2025-05-29T17:07:02.045+0300][gc,heap     ] GC(12) Eden regions: 45->0(46)
[2025-05-29T17:07:02.045+0300][gc,heap     ] GC(12) Survivor regions: 6->5(7)
[2025-05-29T17:07:02.045+0300][gc,heap     ] GC(12) Old regions: 25->26
[2025-05-29T17:07:02.045+0300][gc,heap     ] GC(12) Archive regions: 2->2
[2025-05-29T17:07:02.045+0300][gc,heap     ] GC(12) Humongous regions: 139->139
[2025-05-29T17:07:02.045+0300][gc,metaspace] GC(12) Metaspace: 55059K(56192K)->55059K(56192K) NonClass: 48691K(49280K)->48691K(49280K) Class: 6368K(6912K)->6368K(6912K)
[2025-05-29T17:07:02.045+0300][gc          ] GC(12) Pause Young (Normal) (G1 Evacuation Pause) 215M->170M(1024M) 53.360ms
[2025-05-29T17:07:02.045+0300][gc,cpu      ] GC(12) User=0.08s Sys=0.04s Real=0.05s
[2025-05-29T17:07:08.786+0300][gc,heap,exit] Heap
[2025-05-29T17:07:08.786+0300][gc,heap,exit]  garbage-first heap   total 1048576K, used 183132K [0x00000000c0000000, 0x0000000100000000)
[2025-05-29T17:07:08.786+0300][gc,heap,exit]   region size 1024K, 14 young (14336K), 5 survivors (5120K)
[2025-05-29T17:07:08.786+0300][gc,heap,exit]  Metaspace       used 55102K, committed 56256K, reserved 1114112K
[2025-05-29T17:07:08.787+0300][gc,heap,exit]   class space    used 6368K, committed 6912K, reserved 1048576K
