[2026-08-08 14:49:23,657] INFO [Broker id=0] Transitioning 51 partition(s) to local followers. (state.change.logger)
[2026-08-08 14:49:23,664] INFO [Broker id=0] Creating new partition __consumer_offsets-13 with topic id yAKEixxUT1yJzTyrH9xg3A. (state.change.logger)
[2026-08-08 14:49:23,720] INFO [Broker id=0] Follower __consumer_offsets-13 starts at leader epoch 1 from offset 0 with partition epoch 1 and high watermark 0. Current leader is -1. Previous leader Some(-1) and previous leader epoch was 1. (state.change.logger)
[2026-08-08 14:49:23,721] INFO [Broker id=0] Creating new partition __consumer_offsets-46 with topic id yAKEixxUT1yJzTyrH9xg3A. (state.change.logger)
[2026-08-08 14:49:23,723] INFO [Broker id=0] Follower __consumer_offsets-46 starts at leader epoch 1 from offset 0 with partition epoch 1 and high watermark 0. Current leader is -1. Previous leader Some(-1) and previous leader epoch was 1. (state.change.logger)
[2026-08-08 14:49:23,723] INFO [Broker id=0] Creating new partition __consumer_offsets-9 with topic id yAKEixxUT1yJzTyrH9xg3A. (state.change.logger)
[2026-08-08 14:49:23,725] INFO [Broker id=0] Follower __consumer_offsets-9 starts at leader epoch 1 from offset 0 with partition epoch 1 and high watermark 0. Current leader is -1. Previous leader Some(-1) and previous leader epoch was 1. (state.change.logger)
[2026-08-08 14:49:23,725] INFO [Broker id=0] Creating new partition __consumer_offsets-42 with topic id yAKEixxUT1yJzTyrH9xg3A. (state.change.logger)
[2026-08-08 14:49:23,727] INFO [Broker id=0] Follower __consumer_offsets-42 starts at leader epoch 1 from offset 0 with partition epoch 1 and high watermark 0. Current leader is -1. Previous leader Some(-1) and previous leader epoch was 1. (state.change.logger)
[2026-08-08 14:49:23,727] INFO [Broker id=0] Creating new partition __consumer_offsets-21 with topic id yAKEixxUT1yJzTyrH9xg3A. (state.change.logger)
[2026-08-08 14:49:23,728] INFO [Broker id=0] Follower __consumer_offsets-21 starts at leader epoch 1 from offset 0 with partition epoch 1 and high watermark 0. Current leader is -1. Previous leader Some(-1) and previous leader epoch was 1. (state.change.logger)
[2026-08-08 14:49:23,728] INFO [Broker id=0] Creating new partition __consumer_offsets-17 with topic id yAKEixxUT1yJzTyrH9xg3A. (state.change.logger)
[2026-08-08 14:49:23,729] INFO [Broker id=0] Follower __consumer_offsets-17 starts at leader epoch 1 from offset 0 with partition epoch 1 and high watermark 0. Current leader is -1. Previous leader Some(-1) and previous leader epoch was 1. (state.change.logger)
[2026-08-08 14:49:23,729] INFO [Broker id=0] Creating new partition __consumer_offsets-30 with topic id yAKEixxUT1yJzTyrH9xg3A. (state.change.logger)
[2026-08-08 14:49:23,732] INFO [Broker id=0] Follower __consumer_offsets-30 starts at leader epoch 1 from offset 0 with partition epoch 1 and high watermark 0. Current leader is -1. Previous leader Some(-1) and previous leader epoch was 1. (state.change.logger)
[2026-08-08 14:49:23,732] INFO [Broker id=0] Creating new partition __consumer_offsets-26 with topic id yAKEixxUT1yJzTyrH9xg3A. (state.change.logger)
[2026-08-08 14:49:23,733] INFO [Broker id=0] Follower __consumer_offsets-26 starts at leader epoch 1 from offset 4 with partition epoch 1 and high watermark 4. Current leader is -1. Previous leader Some(-1) and previous leader epoch was 1. (state.change.logger)
[2026-08-08 14:49:23,733] INFO [Broker id=0] Creating new partition __consumer_offsets-5 with topic id yAKEixxUT1yJzTyrH9xg3A. (state.change.logger)
[2026-08-08 14:49:23,734] INFO [Broker id=0] Follower __consumer_offsets-5 starts at leader epoch 1 from offset 0 with partition epoch 1 and high watermark 0. Current leader is -1. Previous leader Some(-1) and previous leader epoch was 1. (state.change.logger)
[2026-08-08 14:49:23,734] INFO [Broker id=0] Creating new partition __consumer_offsets-38 with topic id yAKEixxUT1yJzTyrH9xg3A. (state.change.logger)
[2026-08-08 14:49:23,739] INFO [Broker id=0] Follower __consumer_offsets-38 starts at leader epoch 1 from offset 0 with partition epoch 1 and high watermark 0. Current leader is -1. Previous leader Some(-1) and previous leader epoch was 1. (state.change.logger)
[2026-08-08 14:49:23,739] INFO [Broker id=0] Creating new partition __consumer_offsets-1 with topic id yAKEixxUT1yJzTyrH9xg3A. (state.change.logger)
[2026-08-08 14:49:23,740] INFO [Broker id=0] Follower __consumer_offsets-1 starts at leader epoch 1 from offset 3 with partition epoch 1 and high watermark 3. Current leader is -1. Previous leader Some(-1) and previous leader epoch was 1. (state.change.logger)
[2026-08-08 14:49:23,740] INFO [Broker id=0] Creating new partition __consumer_offsets-34 with topic id yAKEixxUT1yJzTyrH9xg3A. (state.change.logger)
[2026-08-08 14:49:23,741] INFO [Broker id=0] Follower __consumer_offsets-34 starts at leader epoch 1 from offset 0 with partition epoch 1 and high watermark 0. Current leader is -1. Previous leader Some(-1) and previous leader epoch was 1. (state.change.logger)
[2026-08-08 14:49:23,742] INFO [Broker id=0] Creating new partition __consumer_offsets-16 with topic id yAKEixxUT1yJzTyrH9xg3A. (state.change.logger)
[2026-08-08 14:49:23,744] INFO [Broker id=0] Follower __consumer_offsets-16 starts at leader epoch 1 from offset 0 with partition epoch 1 and high watermark 0. Current leader is -1. Previous leader Some(-1) and previous leader epoch was 1. (state.change.logger)
[2026-08-08 14:49:23,744] INFO [Broker id=0] Creating new partition __consumer_offsets-45 with topic id yAKEixxUT1yJzTyrH9xg3A. (state.change.logger)
[2026-08-08 14:49:23,745] INFO [Broker id=0] Follower __consumer_offsets-45 starts at leader epoch 1 from offset 0 with partition epoch 1 and high watermark 0. Current leader is -1. Previous leader Some(-1) and previous leader epoch was 1. (state.change.logger)
[2026-08-08 14:49:23,745] INFO [Broker id=0] Creating new partition __consumer_offsets-12 with topic id yAKEixxUT1yJzTyrH9xg3A. (state.change.logger)
[2026-08-08 14:49:23,746] INFO [Broker id=0] Follower __consumer_offsets-12 starts at leader epoch 1 from offset 0 with partition epoch 1 and high watermark 0. Current leader is -1. Previous leader Some(-1) and previous leader epoch was 1. (state.change.logger)
[2026-08-08 14:49:23,746] INFO [Broker id=0] Creating new partition __consumer_offsets-41 with topic id yAKEixxUT1yJzTyrH9xg3A. (state.change.logger)
[2026-08-08 14:49:23,747] INFO [Broker id=0] Follower __consumer_offsets-41 starts at leader epoch 1 from offset 0 with partition epoch 1 and high watermark 0. Current leader is -1. Previous leader Some(-1) and previous leader epoch was 1. (state.change.logger)
[2026-08-08 14:49:23,747] INFO [Broker id=0] Creating new partition __consumer_offsets-24 with topic id yAKEixxUT1yJzTyrH9xg3A. (state.change.logger)
[2026-08-08 14:49:23,749] INFO [Broker id=0] Follower __consumer_offsets-24 starts at leader epoch 1 from offset 0 with partition epoch 1 and high watermark 0. Current leader is -1. Previous leader Some(-1) and previous leader epoch was 1. (state.change.logger)
[2026-08-08 14:49:23,749] INFO [Broker id=0] Creating new partition __consumer_offsets-20 with topic id yAKEixxUT1yJzTyrH9xg3A. (state.change.logger)
[2026-08-08 14:49:23,750] INFO [Broker id=0] Follower __consumer_offsets-20 starts at leader epoch 1 from offset 0 with partition epoch 1 and high watermark 0. Current leader is -1. Previous leader Some(-1) and previous leader epoch was 1. (state.change.logger)
[2026-08-08 14:49:23,750] INFO [Broker id=0] Creating new partition __consumer_offsets-49 with topic id yAKEixxUT1yJzTyrH9xg3A. (state.change.logger)
[2026-08-08 14:49:23,751] INFO [Broker id=0] Follower __consumer_offsets-49 starts at leader epoch 1 from offset 0 with partition epoch 1 and high watermark 0. Current leader is -1. Previous leader Some(-1) and previous leader epoch was 1. (state.change.logger)
[2026-08-08 14:49:23,751] INFO [Broker id=0] Creating new partition __consumer_offsets-0 with topic id yAKEixxUT1yJzTyrH9xg3A. (state.change.logger)
[2026-08-08 14:49:23,754] INFO [Broker id=0] Follower __consumer_offsets-0 starts at leader epoch 1 from offset 0 with partition epoch 1 and high watermark 0. Current leader is -1. Previous leader Some(-1) and previous leader epoch was 1. (state.change.logger)
[2026-08-08 14:49:23,755] INFO [Broker id=0] Creating new partition __consumer_offsets-29 with topic id yAKEixxUT1yJzTyrH9xg3A. (state.change.logger)
[2026-08-08 14:49:23,756] INFO [Broker id=0] Follower __consumer_offsets-29 starts at leader epoch 1 from offset 0 with partition epoch 1 and high watermark 0. Current leader is -1. Previous leader Some(-1) and previous leader epoch was 1. (state.change.logger)
[2026-08-08 14:49:23,756] INFO [Broker id=0] Creating new partition __consumer_offsets-25 with topic id yAKEixxUT1yJzTyrH9xg3A. (state.change.logger)
[2026-08-08 14:49:23,757] INFO [Broker id=0] Follower __consumer_offsets-25 starts at leader epoch 1 from offset 0 with partition epoch 1 and high watermark 0. Current leader is -1. Previous leader Some(-1) and previous leader epoch was 1. (state.change.logger)
[2026-08-08 14:49:23,762] INFO [Broker id=0] Creating new partition __consumer_offsets-8 with topic id yAKEixxUT1yJzTyrH9xg3A. (state.change.logger)
[2026-08-08 14:49:23,763] INFO [Broker id=0] Follower __consumer_offsets-8 starts at leader epoch 1 from offset 0 with partition epoch 1 and high watermark 0. Current leader is -1. Previous leader Some(-1) and previous leader epoch was 1. (state.change.logger)
[2026-08-08 14:49:23,764] INFO [Broker id=0] Creating new partition __consumer_offsets-37 with topic id yAKEixxUT1yJzTyrH9xg3A. (state.change.logger)
[2026-08-08 14:49:23,766] INFO [Broker id=0] Follower __consumer_offsets-37 starts at leader epoch 1 from offset 0 with partition epoch 1 and high watermark 0. Current leader is -1. Previous leader Some(-1) and previous leader epoch was 1. (state.change.logger)
[2026-08-08 14:49:23,766] INFO [Broker id=0] Creating new partition __consumer_offsets-4 with topic id yAKEixxUT1yJzTyrH9xg3A. (state.change.logger)
[2026-08-08 14:49:23,767] INFO [Broker id=0] Follower __consumer_offsets-4 starts at leader epoch 1 from offset 0 with partition epoch 1 and high watermark 0. Current leader is -1. Previous leader Some(-1) and previous leader epoch was 1. (state.change.logger)
[2026-08-08 14:49:23,767] INFO [Broker id=0] Creating new partition __consumer_offsets-33 with topic id yAKEixxUT1yJzTyrH9xg3A. (state.change.logger)
[2026-08-08 14:49:23,769] INFO [Broker id=0] Follower __consumer_offsets-33 starts at leader epoch 1 from offset 0 with partition epoch 1 and high watermark 0. Current leader is -1. Previous leader Some(-1) and previous leader epoch was 1. (state.change.logger)
[2026-08-08 14:49:23,769] INFO [Broker id=0] Creating new partition __consumer_offsets-15 with topic id yAKEixxUT1yJzTyrH9xg3A. (state.change.logger)
[2026-08-08 14:49:23,770] INFO [Broker id=0] Follower __consumer_offsets-15 starts at leader epoch 1 from offset 4 with partition epoch 1 and high watermark 4. Current leader is -1. Previous leader Some(-1) and previous leader epoch was 1. (state.change.logger)
[2026-08-08 14:49:23,770] INFO [Broker id=0] Creating new partition __consumer_offsets-48 with topic id yAKEixxUT1yJzTyrH9xg3A. (state.change.logger)
[2026-08-08 14:49:23,773] INFO [Broker id=0] Follower __consumer_offsets-48 starts at leader epoch 1 from offset 0 with partition epoch 1 and high watermark 0. Current leader is -1. Previous leader Some(-1) and previous leader epoch was 1. (state.change.logger)
[2026-08-08 14:49:23,774] INFO [Broker id=0] Creating new partition __consumer_offsets-11 with topic id yAKEixxUT1yJzTyrH9xg3A. (state.change.logger)
[2026-08-08 14:49:23,774] INFO [Broker id=0] Follower __consumer_offsets-11 starts at leader epoch 1 from offset 0 with partition epoch 1 and high watermark 0. Current leader is -1. Previous leader Some(-1) and previous leader epoch was 1. (state.change.logger)
[2026-08-08 14:49:23,774] INFO [Broker id=0] Creating new partition __consumer_offsets-44 with topic id yAKEixxUT1yJzTyrH9xg3A. (state.change.logger)
[2026-08-08 14:49:23,775] INFO [Broker id=0] Follower __consumer_offsets-44 starts at leader epoch 1 from offset 0 with partition epoch 1 and high watermark 0. Current leader is -1. Previous leader Some(-1) and previous leader epoch was 1. (state.change.logger)
[2026-08-08 14:49:23,775] INFO [Broker id=0] Creating new partition __consumer_offsets-23 with topic id yAKEixxUT1yJzTyrH9xg3A. (state.change.logger)
[2026-08-08 14:49:23,776] INFO [Broker id=0] Follower __consumer_offsets-23 starts at leader epoch 1 from offset 0 with partition epoch 1 and high watermark 0. Current leader is -1. Previous leader Some(-1) and previous leader epoch was 1. (state.change.logger)
[2026-08-08 14:49:23,776] INFO [Broker id=0] Creating new partition __consumer_offsets-19 with topic id yAKEixxUT1yJzTyrH9xg3A. (state.change.logger)
[2026-08-08 14:49:23,777] INFO [Broker id=0] Follower __consumer_offsets-19 starts at leader epoch 1 from offset 0 with partition epoch 1 and high watermark 0. Current leader is -1. Previous leader Some(-1) and previous leader epoch was 1. (state.change.logger)
[2026-08-08 14:49:23,777] INFO [Broker id=0] Creating new partition test-auto-permissions-0 with topic id JXxB-AkIQ0ON1oFYdiYuZg. (state.change.logger)
[2026-08-08 14:49:23,778] INFO [Broker id=0] Follower test-auto-permissions-0 starts at leader epoch 1 from offset 3 with partition epoch 1 and high watermark 3. Current leader is -1. Previous leader Some(-1) and previous leader epoch was 1. (state.change.logger)
[2026-08-08 14:49:23,778] INFO [Broker id=0] Creating new partition __consumer_offsets-32 with topic id yAKEixxUT1yJzTyrH9xg3A. (state.change.logger)
[2026-08-08 14:49:23,779] INFO [Broker id=0] Follower __consumer_offsets-32 starts at leader epoch 1 from offset 0 with partition epoch 1 and high watermark 0. Current leader is -1. Previous leader Some(-1) and previous leader epoch was 1. (state.change.logger)
[2026-08-08 14:49:23,779] INFO [Broker id=0] Creating new partition __consumer_offsets-28 with topic id yAKEixxUT1yJzTyrH9xg3A. (state.change.logger)
[2026-08-08 14:49:23,780] INFO [Broker id=0] Follower __consumer_offsets-28 starts at leader epoch 1 from offset 0 with partition epoch 1 and high watermark 0. Current leader is -1. Previous leader Some(-1) and previous leader epoch was 1. (state.change.logger)
[2026-08-08 14:49:23,780] INFO [Broker id=0] Creating new partition __consumer_offsets-7 with topic id yAKEixxUT1yJzTyrH9xg3A. (state.change.logger)
[2026-08-08 14:49:23,780] INFO [Broker id=0] Follower __consumer_offsets-7 starts at leader epoch 1 from offset 0 with partition epoch 1 and high watermark 0. Current leader is -1. Previous leader Some(-1) and previous leader epoch was 1. (state.change.logger)
[2026-08-08 14:49:23,780] INFO [Broker id=0] Creating new partition __consumer_offsets-40 with topic id yAKEixxUT1yJzTyrH9xg3A. (state.change.logger)
[2026-08-08 14:49:23,781] INFO [Broker id=0] Follower __consumer_offsets-40 starts at leader epoch 1 from offset 0 with partition epoch 1 and high watermark 0. Current leader is -1. Previous leader Some(-1) and previous leader epoch was 1. (state.change.logger)
[2026-08-08 14:49:23,781] INFO [Broker id=0] Creating new partition __consumer_offsets-3 with topic id yAKEixxUT1yJzTyrH9xg3A. (state.change.logger)
[2026-08-08 14:49:23,782] INFO [Broker id=0] Follower __consumer_offsets-3 starts at leader epoch 1 from offset 0 with partition epoch 1 and high watermark 0. Current leader is -1. Previous leader Some(-1) and previous leader epoch was 1. (state.change.logger)
[2026-08-08 14:49:23,782] INFO [Broker id=0] Creating new partition __consumer_offsets-36 with topic id yAKEixxUT1yJzTyrH9xg3A. (state.change.logger)
[2026-08-08 14:49:23,783] INFO [Broker id=0] Follower __consumer_offsets-36 starts at leader epoch 1 from offset 0 with partition epoch 1 and high watermark 0. Current leader is -1. Previous leader Some(-1) and previous leader epoch was 1. (state.change.logger)
[2026-08-08 14:49:23,783] INFO [Broker id=0] Creating new partition __consumer_offsets-47 with topic id yAKEixxUT1yJzTyrH9xg3A. (state.change.logger)
[2026-08-08 14:49:23,785] INFO [Broker id=0] Follower __consumer_offsets-47 starts at leader epoch 1 from offset 0 with partition epoch 1 and high watermark 0. Current leader is -1. Previous leader Some(-1) and previous leader epoch was 1. (state.change.logger)
[2026-08-08 14:49:23,785] INFO [Broker id=0] Creating new partition __consumer_offsets-14 with topic id yAKEixxUT1yJzTyrH9xg3A. (state.change.logger)
[2026-08-08 14:49:23,786] INFO [Broker id=0] Follower __consumer_offsets-14 starts at leader epoch 1 from offset 0 with partition epoch 1 and high watermark 0. Current leader is -1. Previous leader Some(-1) and previous leader epoch was 1. (state.change.logger)
[2026-08-08 14:49:23,786] INFO [Broker id=0] Creating new partition __consumer_offsets-43 with topic id yAKEixxUT1yJzTyrH9xg3A. (state.change.logger)
[2026-08-08 14:49:23,787] INFO [Broker id=0] Follower __consumer_offsets-43 starts at leader epoch 1 from offset 0 with partition epoch 1 and high watermark 0. Current leader is -1. Previous leader Some(-1) and previous leader epoch was 1. (state.change.logger)
[2026-08-08 14:49:23,787] INFO [Broker id=0] Creating new partition __consumer_offsets-10 with topic id yAKEixxUT1yJzTyrH9xg3A. (state.change.logger)
[2026-08-08 14:49:23,791] INFO [Broker id=0] Follower __consumer_offsets-10 starts at leader epoch 1 from offset 0 with partition epoch 1 and high watermark 0. Current leader is -1. Previous leader Some(-1) and previous leader epoch was 1. (state.change.logger)
[2026-08-08 14:49:23,791] INFO [Broker id=0] Creating new partition __consumer_offsets-22 with topic id yAKEixxUT1yJzTyrH9xg3A. (state.change.logger)
[2026-08-08 14:49:23,792] INFO [Broker id=0] Follower __consumer_offsets-22 starts at leader epoch 1 from offset 0 with partition epoch 1 and high watermark 0. Current leader is -1. Previous leader Some(-1) and previous leader epoch was 1. (state.change.logger)
[2026-08-08 14:49:23,792] INFO [Broker id=0] Creating new partition __consumer_offsets-18 with topic id yAKEixxUT1yJzTyrH9xg3A. (state.change.logger)
[2026-08-08 14:49:23,793] INFO [Broker id=0] Follower __consumer_offsets-18 starts at leader epoch 1 from offset 0 with partition epoch 1 and high watermark 0. Current leader is -1. Previous leader Some(-1) and previous leader epoch was 1. (state.change.logger)
[2026-08-08 14:49:23,793] INFO [Broker id=0] Creating new partition __consumer_offsets-31 with topic id yAKEixxUT1yJzTyrH9xg3A. (state.change.logger)
[2026-08-08 14:49:23,795] INFO [Broker id=0] Follower __consumer_offsets-31 starts at leader epoch 1 from offset 0 with partition epoch 1 and high watermark 0. Current leader is -1. Previous leader Some(-1) and previous leader epoch was 1. (state.change.logger)
[2026-08-08 14:49:23,795] INFO [Broker id=0] Creating new partition __consumer_offsets-27 with topic id yAKEixxUT1yJzTyrH9xg3A. (state.change.logger)
[2026-08-08 14:49:23,796] INFO [Broker id=0] Follower __consumer_offsets-27 starts at leader epoch 1 from offset 0 with partition epoch 1 and high watermark 0. Current leader is -1. Previous leader Some(-1) and previous leader epoch was 1. (state.change.logger)
[2026-08-08 14:49:23,796] INFO [Broker id=0] Creating new partition __consumer_offsets-39 with topic id yAKEixxUT1yJzTyrH9xg3A. (state.change.logger)
[2026-08-08 14:49:23,797] INFO [Broker id=0] Follower __consumer_offsets-39 starts at leader epoch 1 from offset 0 with partition epoch 1 and high watermark 0. Current leader is -1. Previous leader Some(-1) and previous leader epoch was 1. (state.change.logger)
[2026-08-08 14:49:23,797] INFO [Broker id=0] Creating new partition __consumer_offsets-6 with topic id yAKEixxUT1yJzTyrH9xg3A. (state.change.logger)
[2026-08-08 14:49:23,798] INFO [Broker id=0] Follower __consumer_offsets-6 starts at leader epoch 1 from offset 0 with partition epoch 1 and high watermark 0. Current leader is -1. Previous leader Some(-1) and previous leader epoch was 1. (state.change.logger)
[2026-08-08 14:49:23,799] INFO [Broker id=0] Creating new partition __consumer_offsets-35 with topic id yAKEixxUT1yJzTyrH9xg3A. (state.change.logger)
[2026-08-08 14:49:23,799] INFO [Broker id=0] Follower __consumer_offsets-35 starts at leader epoch 1 from offset 0 with partition epoch 1 and high watermark 0. Current leader is -1. Previous leader Some(-1) and previous leader epoch was 1. (state.change.logger)
[2026-08-08 14:49:23,799] INFO [Broker id=0] Creating new partition __consumer_offsets-2 with topic id yAKEixxUT1yJzTyrH9xg3A. (state.change.logger)
[2026-08-08 14:49:23,800] INFO [Broker id=0] Follower __consumer_offsets-2 starts at leader epoch 1 from offset 0 with partition epoch 1 and high watermark 0. Current leader is -1. Previous leader Some(-1) and previous leader epoch was 1. (state.change.logger)
[2026-08-08 14:49:23,804] INFO [Broker id=0] Stopped fetchers as part of become-follower for 51 partitions (state.change.logger)
[2026-08-08 14:49:23,811] INFO [Broker id=0] Started fetchers as part of become-follower for 51 partitions (state.change.logger)
[2026-08-08 14:55:03,391] INFO [Broker id=0] Transitioning 1 partition(s) to local leaders. (state.change.logger)
[2026-08-08 14:55:03,399] INFO [Broker id=0] Creating new partition handover-test-topic-0 with topic id SobuI6lNTXyPLx0opTXB_A. (state.change.logger)
[2026-08-08 14:55:03,523] INFO [Broker id=0] Leader handover-test-topic-0 with topic id Some(SobuI6lNTXyPLx0opTXB_A) starts at leader epoch 0 from offset 0 with partition epoch 0, high watermark 0, ISR [0], adding replicas [] and removing replicas [] . Previous leader None and previous leader epoch was -1. (state.change.logger)
[2026-08-08 14:56:08,668] INFO [Broker id=0] Transitioning 50 partition(s) to local leaders. (state.change.logger)
[2026-08-08 14:56:08,669] INFO [Broker id=0] Creating new partition __consumer_offsets-13 with topic id FQl7uE37TLu471FHQIVNzg. (state.change.logger)
[2026-08-08 14:56:08,683] INFO [Broker id=0] Leader __consumer_offsets-13 with topic id Some(FQl7uE37TLu471FHQIVNzg) starts at leader epoch 0 from offset 0 with partition epoch 0, high watermark 0, ISR [0], adding replicas [] and removing replicas [] . Previous leader None and previous leader epoch was -1. (state.change.logger)
[2026-08-08 14:56:08,685] INFO [Broker id=0] Creating new partition __consumer_offsets-46 with topic id FQl7uE37TLu471FHQIVNzg. (state.change.logger)
[2026-08-08 14:56:08,693] INFO [Broker id=0] Leader __consumer_offsets-46 with topic id Some(FQl7uE37TLu471FHQIVNzg) starts at leader epoch 0 from offset 0 with partition epoch 0, high watermark 0, ISR [0], adding replicas [] and removing replicas [] . Previous leader None and previous leader epoch was -1. (state.change.logger)
[2026-08-08 14:56:08,697] INFO [Broker id=0] Creating new partition __consumer_offsets-9 with topic id FQl7uE37TLu471FHQIVNzg. (state.change.logger)
[2026-08-08 14:56:08,710] INFO [Broker id=0] Leader __consumer_offsets-9 with topic id Some(FQl7uE37TLu471FHQIVNzg) starts at leader epoch 0 from offset 0 with partition epoch 0, high watermark 0, ISR [0], adding replicas [] and removing replicas [] . Previous leader None and previous leader epoch was -1. (state.change.logger)
[2026-08-08 14:56:08,713] INFO [Broker id=0] Creating new partition __consumer_offsets-42 with topic id FQl7uE37TLu471FHQIVNzg. (state.change.logger)
[2026-08-08 14:56:08,720] INFO [Broker id=0] Leader __consumer_offsets-42 with topic id Some(FQl7uE37TLu471FHQIVNzg) starts at leader epoch 0 from offset 0 with partition epoch 0, high watermark 0, ISR [0], adding replicas [] and removing replicas [] . Previous leader None and previous leader epoch was -1. (state.change.logger)
[2026-08-08 14:56:08,722] INFO [Broker id=0] Creating new partition __consumer_offsets-21 with topic id FQl7uE37TLu471FHQIVNzg. (state.change.logger)
[2026-08-08 14:56:08,727] INFO [Broker id=0] Leader __consumer_offsets-21 with topic id Some(FQl7uE37TLu471FHQIVNzg) starts at leader epoch 0 from offset 0 with partition epoch 0, high watermark 0, ISR [0], adding replicas [] and removing replicas [] . Previous leader None and previous leader epoch was -1. (state.change.logger)
[2026-08-08 14:56:08,729] INFO [Broker id=0] Creating new partition __consumer_offsets-17 with topic id FQl7uE37TLu471FHQIVNzg. (state.change.logger)
[2026-08-08 14:56:08,745] INFO [Broker id=0] Leader __consumer_offsets-17 with topic id Some(FQl7uE37TLu471FHQIVNzg) starts at leader epoch 0 from offset 0 with partition epoch 0, high watermark 0, ISR [0], adding replicas [] and removing replicas [] . Previous leader None and previous leader epoch was -1. (state.change.logger)
[2026-08-08 14:56:08,747] INFO [Broker id=0] Creating new partition __consumer_offsets-30 with topic id FQl7uE37TLu471FHQIVNzg. (state.change.logger)
[2026-08-08 14:56:08,755] INFO [Broker id=0] Leader __consumer_offsets-30 with topic id Some(FQl7uE37TLu471FHQIVNzg) starts at leader epoch 0 from offset 0 with partition epoch 0, high watermark 0, ISR [0], adding replicas [] and removing replicas [] . Previous leader None and previous leader epoch was -1. (state.change.logger)
[2026-08-08 14:56:08,757] INFO [Broker id=0] Creating new partition __consumer_offsets-26 with topic id FQl7uE37TLu471FHQIVNzg. (state.change.logger)
[2026-08-08 14:56:08,765] INFO [Broker id=0] Leader __consumer_offsets-26 with topic id Some(FQl7uE37TLu471FHQIVNzg) starts at leader epoch 0 from offset 0 with partition epoch 0, high watermark 0, ISR [0], adding replicas [] and removing replicas [] . Previous leader None and previous leader epoch was -1. (state.change.logger)
[2026-08-08 14:56:08,769] INFO [Broker id=0] Creating new partition __consumer_offsets-5 with topic id FQl7uE37TLu471FHQIVNzg. (state.change.logger)
[2026-08-08 14:56:08,779] INFO [Broker id=0] Leader __consumer_offsets-5 with topic id Some(FQl7uE37TLu471FHQIVNzg) starts at leader epoch 0 from offset 0 with partition epoch 0, high watermark 0, ISR [0], adding replicas [] and removing replicas [] . Previous leader None and previous leader epoch was -1. (state.change.logger)
[2026-08-08 14:56:08,782] INFO [Broker id=0] Creating new partition __consumer_offsets-38 with topic id FQl7uE37TLu471FHQIVNzg. (state.change.logger)
[2026-08-08 14:56:08,791] INFO [Broker id=0] Leader __consumer_offsets-38 with topic id Some(FQl7uE37TLu471FHQIVNzg) starts at leader epoch 0 from offset 0 with partition epoch 0, high watermark 0, ISR [0], adding replicas [] and removing replicas [] . Previous leader None and previous leader epoch was -1. (state.change.logger)
[2026-08-08 14:56:08,796] INFO [Broker id=0] Creating new partition __consumer_offsets-1 with topic id FQl7uE37TLu471FHQIVNzg. (state.change.logger)
[2026-08-08 14:56:08,805] INFO [Broker id=0] Leader __consumer_offsets-1 with topic id Some(FQl7uE37TLu471FHQIVNzg) starts at leader epoch 0 from offset 0 with partition epoch 0, high watermark 0, ISR [0], adding replicas [] and removing replicas [] . Previous leader None and previous leader epoch was -1. (state.change.logger)
[2026-08-08 14:56:08,818] INFO [Broker id=0] Creating new partition __consumer_offsets-34 with topic id FQl7uE37TLu471FHQIVNzg. (state.change.logger)
[2026-08-08 14:56:08,827] INFO [Broker id=0] Leader __consumer_offsets-34 with topic id Some(FQl7uE37TLu471FHQIVNzg) starts at leader epoch 0 from offset 0 with partition epoch 0, high watermark 0, ISR [0], adding replicas [] and removing replicas [] . Previous leader None and previous leader epoch was -1. (state.change.logger)
[2026-08-08 14:56:08,829] INFO [Broker id=0] Creating new partition __consumer_offsets-16 with topic id FQl7uE37TLu471FHQIVNzg. (state.change.logger)
[2026-08-08 14:56:08,836] INFO [Broker id=0] Leader __consumer_offsets-16 with topic id Some(FQl7uE37TLu471FHQIVNzg) starts at leader epoch 0 from offset 0 with partition epoch 0, high watermark 0, ISR [0], adding replicas [] and removing replicas [] . Previous leader None and previous leader epoch was -1. (state.change.logger)
[2026-08-08 14:56:08,839] INFO [Broker id=0] Creating new partition __consumer_offsets-45 with topic id FQl7uE37TLu471FHQIVNzg. (state.change.logger)
[2026-08-08 14:56:08,846] INFO [Broker id=0] Leader __consumer_offsets-45 with topic id Some(FQl7uE37TLu471FHQIVNzg) starts at leader epoch 0 from offset 0 with partition epoch 0, high watermark 0, ISR [0], adding replicas [] and removing replicas [] . Previous leader None and previous leader epoch was -1. (state.change.logger)
[2026-08-08 14:56:08,851] INFO [Broker id=0] Creating new partition __consumer_offsets-12 with topic id FQl7uE37TLu471FHQIVNzg. (state.change.logger)
[2026-08-08 14:56:08,860] INFO [Broker id=0] Leader __consumer_offsets-12 with topic id Some(FQl7uE37TLu471FHQIVNzg) starts at leader epoch 0 from offset 0 with partition epoch 0, high watermark 0, ISR [0], adding replicas [] and removing replicas [] . Previous leader None and previous leader epoch was -1. (state.change.logger)
[2026-08-08 14:56:08,863] INFO [Broker id=0] Creating new partition __consumer_offsets-41 with topic id FQl7uE37TLu471FHQIVNzg. (state.change.logger)
[2026-08-08 14:56:08,876] INFO [Broker id=0] Leader __consumer_offsets-41 with topic id Some(FQl7uE37TLu471FHQIVNzg) starts at leader epoch 0 from offset 0 with partition epoch 0, high watermark 0, ISR [0], adding replicas [] and removing replicas [] . Previous leader None and previous leader epoch was -1. (state.change.logger)
[2026-08-08 14:56:08,878] INFO [Broker id=0] Creating new partition __consumer_offsets-24 with topic id FQl7uE37TLu471FHQIVNzg. (state.change.logger)
[2026-08-08 14:56:08,895] INFO [Broker id=0] Leader __consumer_offsets-24 with topic id Some(FQl7uE37TLu471FHQIVNzg) starts at leader epoch 0 from offset 0 with partition epoch 0, high watermark 0, ISR [0], adding replicas [] and removing replicas [] . Previous leader None and previous leader epoch was -1. (state.change.logger)
[2026-08-08 14:56:08,899] INFO [Broker id=0] Creating new partition __consumer_offsets-20 with topic id FQl7uE37TLu471FHQIVNzg. (state.change.logger)
[2026-08-08 14:56:08,908] INFO [Broker id=0] Leader __consumer_offsets-20 with topic id Some(FQl7uE37TLu471FHQIVNzg) starts at leader epoch 0 from offset 0 with partition epoch 0, high watermark 0, ISR [0], adding replicas [] and removing replicas [] . Previous leader None and previous leader epoch was -1. (state.change.logger)
[2026-08-08 14:56:08,910] INFO [Broker id=0] Creating new partition __consumer_offsets-49 with topic id FQl7uE37TLu471FHQIVNzg. (state.change.logger)
[2026-08-08 14:56:08,917] INFO [Broker id=0] Leader __consumer_offsets-49 with topic id Some(FQl7uE37TLu471FHQIVNzg) starts at leader epoch 0 from offset 0 with partition epoch 0, high watermark 0, ISR [0], adding replicas [] and removing replicas [] . Previous leader None and previous leader epoch was -1. (state.change.logger)
[2026-08-08 14:56:08,926] INFO [Broker id=0] Creating new partition __consumer_offsets-0 with topic id FQl7uE37TLu471FHQIVNzg. (state.change.logger)
[2026-08-08 14:56:08,938] INFO [Broker id=0] Leader __consumer_offsets-0 with topic id Some(FQl7uE37TLu471FHQIVNzg) starts at leader epoch 0 from offset 0 with partition epoch 0, high watermark 0, ISR [0], adding replicas [] and removing replicas [] . Previous leader None and previous leader epoch was -1. (state.change.logger)
[2026-08-08 14:56:08,943] INFO [Broker id=0] Creating new partition __consumer_offsets-29 with topic id FQl7uE37TLu471FHQIVNzg. (state.change.logger)
[2026-08-08 14:56:08,949] INFO [Broker id=0] Leader __consumer_offsets-29 with topic id Some(FQl7uE37TLu471FHQIVNzg) starts at leader epoch 0 from offset 0 with partition epoch 0, high watermark 0, ISR [0], adding replicas [] and removing replicas [] . Previous leader None and previous leader epoch was -1. (state.change.logger)
[2026-08-08 14:56:08,951] INFO [Broker id=0] Creating new partition __consumer_offsets-25 with topic id FQl7uE37TLu471FHQIVNzg. (state.change.logger)
[2026-08-08 14:56:08,958] INFO [Broker id=0] Leader __consumer_offsets-25 with topic id Some(FQl7uE37TLu471FHQIVNzg) starts at leader epoch 0 from offset 0 with partition epoch 0, high watermark 0, ISR [0], adding replicas [] and removing replicas [] . Previous leader None and previous leader epoch was -1. (state.change.logger)
[2026-08-08 14:56:08,962] INFO [Broker id=0] Creating new partition __consumer_offsets-8 with topic id FQl7uE37TLu471FHQIVNzg. (state.change.logger)
[2026-08-08 14:56:08,968] INFO [Broker id=0] Leader __consumer_offsets-8 with topic id Some(FQl7uE37TLu471FHQIVNzg) starts at leader epoch 0 from offset 0 with partition epoch 0, high watermark 0, ISR [0], adding replicas [] and removing replicas [] . Previous leader None and previous leader epoch was -1. (state.change.logger)
[2026-08-08 14:56:08,973] INFO [Broker id=0] Creating new partition __consumer_offsets-37 with topic id FQl7uE37TLu471FHQIVNzg. (state.change.logger)
[2026-08-08 14:56:08,978] INFO [Broker id=0] Leader __consumer_offsets-37 with topic id Some(FQl7uE37TLu471FHQIVNzg) starts at leader epoch 0 from offset 0 with partition epoch 0, high watermark 0, ISR [0], adding replicas [] and removing replicas [] . Previous leader None and previous leader epoch was -1. (state.change.logger)
[2026-08-08 14:56:08,980] INFO [Broker id=0] Creating new partition __consumer_offsets-4 with topic id FQl7uE37TLu471FHQIVNzg. (state.change.logger)
[2026-08-08 14:56:09,010] INFO [Broker id=0] Leader __consumer_offsets-4 with topic id Some(FQl7uE37TLu471FHQIVNzg) starts at leader epoch 0 from offset 0 with partition epoch 0, high watermark 0, ISR [0], adding replicas [] and removing replicas [] . Previous leader None and previous leader epoch was -1. (state.change.logger)
[2026-08-08 14:56:09,012] INFO [Broker id=0] Creating new partition __consumer_offsets-33 with topic id FQl7uE37TLu471FHQIVNzg. (state.change.logger)
[2026-08-08 14:56:09,020] INFO [Broker id=0] Leader __consumer_offsets-33 with topic id Some(FQl7uE37TLu471FHQIVNzg) starts at leader epoch 0 from offset 0 with partition epoch 0, high watermark 0, ISR [0], adding replicas [] and removing replicas [] . Previous leader None and previous leader epoch was -1. (state.change.logger)
[2026-08-08 14:56:09,023] INFO [Broker id=0] Creating new partition __consumer_offsets-15 with topic id FQl7uE37TLu471FHQIVNzg. (state.change.logger)
[2026-08-08 14:56:09,028] INFO [Broker id=0] Leader __consumer_offsets-15 with topic id Some(FQl7uE37TLu471FHQIVNzg) starts at leader epoch 0 from offset 0 with partition epoch 0, high watermark 0, ISR [0], adding replicas [] and removing replicas [] . Previous leader None and previous leader epoch was -1. (state.change.logger)
[2026-08-08 14:56:09,029] INFO [Broker id=0] Creating new partition __consumer_offsets-48 with topic id FQl7uE37TLu471FHQIVNzg. (state.change.logger)
[2026-08-08 14:56:09,034] INFO [Broker id=0] Leader __consumer_offsets-48 with topic id Some(FQl7uE37TLu471FHQIVNzg) starts at leader epoch 0 from offset 0 with partition epoch 0, high watermark 0, ISR [0], adding replicas [] and removing replicas [] . Previous leader None and previous leader epoch was -1. (state.change.logger)
[2026-08-08 14:56:09,035] INFO [Broker id=0] Creating new partition __consumer_offsets-11 with topic id FQl7uE37TLu471FHQIVNzg. (state.change.logger)
[2026-08-08 14:56:09,041] INFO [Broker id=0] Leader __consumer_offsets-11 with topic id Some(FQl7uE37TLu471FHQIVNzg) starts at leader epoch 0 from offset 0 with partition epoch 0, high watermark 0, ISR [0], adding replicas [] and removing replicas [] . Previous leader None and previous leader epoch was -1. (state.change.logger)
[2026-08-08 14:56:09,043] INFO [Broker id=0] Creating new partition __consumer_offsets-44 with topic id FQl7uE37TLu471FHQIVNzg. (state.change.logger)
[2026-08-08 14:56:09,049] INFO [Broker id=0] Leader __consumer_offsets-44 with topic id Some(FQl7uE37TLu471FHQIVNzg) starts at leader epoch 0 from offset 0 with partition epoch 0, high watermark 0, ISR [0], adding replicas [] and removing replicas [] . Previous leader None and previous leader epoch was -1. (state.change.logger)
[2026-08-08 14:56:09,053] INFO [Broker id=0] Creating new partition __consumer_offsets-23 with topic id FQl7uE37TLu471FHQIVNzg. (state.change.logger)
[2026-08-08 14:56:09,062] INFO [Broker id=0] Leader __consumer_offsets-23 with topic id Some(FQl7uE37TLu471FHQIVNzg) starts at leader epoch 0 from offset 0 with partition epoch 0, high watermark 0, ISR [0], adding replicas [] and removing replicas [] . Previous leader None and previous leader epoch was -1. (state.change.logger)
[2026-08-08 14:56:09,064] INFO [Broker id=0] Creating new partition __consumer_offsets-19 with topic id FQl7uE37TLu471FHQIVNzg. (state.change.logger)
[2026-08-08 14:56:09,072] INFO [Broker id=0] Leader __consumer_offsets-19 with topic id Some(FQl7uE37TLu471FHQIVNzg) starts at leader epoch 0 from offset 0 with partition epoch 0, high watermark 0, ISR [0], adding replicas [] and removing replicas [] . Previous leader None and previous leader epoch was -1. (state.change.logger)
[2026-08-08 14:56:09,074] INFO [Broker id=0] Creating new partition __consumer_offsets-32 with topic id FQl7uE37TLu471FHQIVNzg. (state.change.logger)
[2026-08-08 14:56:09,080] INFO [Broker id=0] Leader __consumer_offsets-32 with topic id Some(FQl7uE37TLu471FHQIVNzg) starts at leader epoch 0 from offset 0 with partition epoch 0, high watermark 0, ISR [0], adding replicas [] and removing replicas [] . Previous leader None and previous leader epoch was -1. (state.change.logger)
[2026-08-08 14:56:09,082] INFO [Broker id=0] Creating new partition __consumer_offsets-28 with topic id FQl7uE37TLu471FHQIVNzg. (state.change.logger)
[2026-08-08 14:56:09,087] INFO [Broker id=0] Leader __consumer_offsets-28 with topic id Some(FQl7uE37TLu471FHQIVNzg) starts at leader epoch 0 from offset 0 with partition epoch 0, high watermark 0, ISR [0], adding replicas [] and removing replicas [] . Previous leader None and previous leader epoch was -1. (state.change.logger)
[2026-08-08 14:56:09,088] INFO [Broker id=0] Creating new partition __consumer_offsets-7 with topic id FQl7uE37TLu471FHQIVNzg. (state.change.logger)
[2026-08-08 14:56:09,093] INFO [Broker id=0] Leader __consumer_offsets-7 with topic id Some(FQl7uE37TLu471FHQIVNzg) starts at leader epoch 0 from offset 0 with partition epoch 0, high watermark 0, ISR [0], adding replicas [] and removing replicas [] . Previous leader None and previous leader epoch was -1. (state.change.logger)
[2026-08-08 14:56:09,101] INFO [Broker id=0] Creating new partition __consumer_offsets-40 with topic id FQl7uE37TLu471FHQIVNzg. (state.change.logger)
[2026-08-08 14:56:09,115] INFO [Broker id=0] Leader __consumer_offsets-40 with topic id Some(FQl7uE37TLu471FHQIVNzg) starts at leader epoch 0 from offset 0 with partition epoch 0, high watermark 0, ISR [0], adding replicas [] and removing replicas [] . Previous leader None and previous leader epoch was -1. (state.change.logger)
[2026-08-08 14:56:09,116] INFO [Broker id=0] Creating new partition __consumer_offsets-3 with topic id FQl7uE37TLu471FHQIVNzg. (state.change.logger)
[2026-08-08 14:56:09,121] INFO [Broker id=0] Leader __consumer_offsets-3 with topic id Some(FQl7uE37TLu471FHQIVNzg) starts at leader epoch 0 from offset 0 with partition epoch 0, high watermark 0, ISR [0], adding replicas [] and removing replicas [] . Previous leader None and previous leader epoch was -1. (state.change.logger)
[2026-08-08 14:56:09,123] INFO [Broker id=0] Creating new partition __consumer_offsets-36 with topic id FQl7uE37TLu471FHQIVNzg. (state.change.logger)
[2026-08-08 14:56:09,129] INFO [Broker id=0] Leader __consumer_offsets-36 with topic id Some(FQl7uE37TLu471FHQIVNzg) starts at leader epoch 0 from offset 0 with partition epoch 0, high watermark 0, ISR [0], adding replicas [] and removing replicas [] . Previous leader None and previous leader epoch was -1. (state.change.logger)
[2026-08-08 14:56:09,131] INFO [Broker id=0] Creating new partition __consumer_offsets-47 with topic id FQl7uE37TLu471FHQIVNzg. (state.change.logger)
[2026-08-08 14:56:09,139] INFO [Broker id=0] Leader __consumer_offsets-47 with topic id Some(FQl7uE37TLu471FHQIVNzg) starts at leader epoch 0 from offset 0 with partition epoch 0, high watermark 0, ISR [0], adding replicas [] and removing replicas [] . Previous leader None and previous leader epoch was -1. (state.change.logger)
[2026-08-08 14:56:09,143] INFO [Broker id=0] Creating new partition __consumer_offsets-14 with topic id FQl7uE37TLu471FHQIVNzg. (state.change.logger)
[2026-08-08 14:56:09,150] INFO [Broker id=0] Leader __consumer_offsets-14 with topic id Some(FQl7uE37TLu471FHQIVNzg) starts at leader epoch 0 from offset 0 with partition epoch 0, high watermark 0, ISR [0], adding replicas [] and removing replicas [] . Previous leader None and previous leader epoch was -1. (state.change.logger)
[2026-08-08 14:56:09,153] INFO [Broker id=0] Creating new partition __consumer_offsets-43 with topic id FQl7uE37TLu471FHQIVNzg. (state.change.logger)
[2026-08-08 14:56:09,159] INFO [Broker id=0] Leader __consumer_offsets-43 with topic id Some(FQl7uE37TLu471FHQIVNzg) starts at leader epoch 0 from offset 0 with partition epoch 0, high watermark 0, ISR [0], adding replicas [] and removing replicas [] . Previous leader None and previous leader epoch was -1. (state.change.logger)
[2026-08-08 14:56:09,160] INFO [Broker id=0] Creating new partition __consumer_offsets-10 with topic id FQl7uE37TLu471FHQIVNzg. (state.change.logger)
[2026-08-08 14:56:09,166] INFO [Broker id=0] Leader __consumer_offsets-10 with topic id Some(FQl7uE37TLu471FHQIVNzg) starts at leader epoch 0 from offset 0 with partition epoch 0, high watermark 0, ISR [0], adding replicas [] and removing replicas [] . Previous leader None and previous leader epoch was -1. (state.change.logger)
[2026-08-08 14:56:09,167] INFO [Broker id=0] Creating new partition __consumer_offsets-22 with topic id FQl7uE37TLu471FHQIVNzg. (state.change.logger)
[2026-08-08 14:56:09,174] INFO [Broker id=0] Leader __consumer_offsets-22 with topic id Some(FQl7uE37TLu471FHQIVNzg) starts at leader epoch 0 from offset 0 with partition epoch 0, high watermark 0, ISR [0], adding replicas [] and removing replicas [] . Previous leader None and previous leader epoch was -1. (state.change.logger)
[2026-08-08 14:56:09,178] INFO [Broker id=0] Creating new partition __consumer_offsets-18 with topic id FQl7uE37TLu471FHQIVNzg. (state.change.logger)
[2026-08-08 14:56:09,187] INFO [Broker id=0] Leader __consumer_offsets-18 with topic id Some(FQl7uE37TLu471FHQIVNzg) starts at leader epoch 0 from offset 0 with partition epoch 0, high watermark 0, ISR [0], adding replicas [] and removing replicas [] . Previous leader None and previous leader epoch was -1. (state.change.logger)
[2026-08-08 14:56:09,198] INFO [Broker id=0] Creating new partition __consumer_offsets-31 with topic id FQl7uE37TLu471FHQIVNzg. (state.change.logger)
[2026-08-08 14:56:09,203] INFO [Broker id=0] Leader __consumer_offsets-31 with topic id Some(FQl7uE37TLu471FHQIVNzg) starts at leader epoch 0 from offset 0 with partition epoch 0, high watermark 0, ISR [0], adding replicas [] and removing replicas [] . Previous leader None and previous leader epoch was -1. (state.change.logger)
[2026-08-08 14:56:09,205] INFO [Broker id=0] Creating new partition __consumer_offsets-27 with topic id FQl7uE37TLu471FHQIVNzg. (state.change.logger)
[2026-08-08 14:56:09,210] INFO [Broker id=0] Leader __consumer_offsets-27 with topic id Some(FQl7uE37TLu471FHQIVNzg) starts at leader epoch 0 from offset 0 with partition epoch 0, high watermark 0, ISR [0], adding replicas [] and removing replicas [] . Previous leader None and previous leader epoch was -1. (state.change.logger)
[2026-08-08 14:56:09,212] INFO [Broker id=0] Creating new partition __consumer_offsets-39 with topic id FQl7uE37TLu471FHQIVNzg. (state.change.logger)
[2026-08-08 14:56:09,220] INFO [Broker id=0] Leader __consumer_offsets-39 with topic id Some(FQl7uE37TLu471FHQIVNzg) starts at leader epoch 0 from offset 0 with partition epoch 0, high watermark 0, ISR [0], adding replicas [] and removing replicas [] . Previous leader None and previous leader epoch was -1. (state.change.logger)
[2026-08-08 14:56:09,225] INFO [Broker id=0] Creating new partition __consumer_offsets-6 with topic id FQl7uE37TLu471FHQIVNzg. (state.change.logger)
[2026-08-08 14:56:09,236] INFO [Broker id=0] Leader __consumer_offsets-6 with topic id Some(FQl7uE37TLu471FHQIVNzg) starts at leader epoch 0 from offset 0 with partition epoch 0, high watermark 0, ISR [0], adding replicas [] and removing replicas [] . Previous leader None and previous leader epoch was -1. (state.change.logger)
[2026-08-08 14:56:09,239] INFO [Broker id=0] Creating new partition __consumer_offsets-35 with topic id FQl7uE37TLu471FHQIVNzg. (state.change.logger)
[2026-08-08 14:56:09,246] INFO [Broker id=0] Leader __consumer_offsets-35 with topic id Some(FQl7uE37TLu471FHQIVNzg) starts at leader epoch 0 from offset 0 with partition epoch 0, high watermark 0, ISR [0], adding replicas [] and removing replicas [] . Previous leader None and previous leader epoch was -1. (state.change.logger)
[2026-08-08 14:56:09,249] INFO [Broker id=0] Creating new partition __consumer_offsets-2 with topic id FQl7uE37TLu471FHQIVNzg. (state.change.logger)
[2026-08-08 14:56:09,261] INFO [Broker id=0] Leader __consumer_offsets-2 with topic id Some(FQl7uE37TLu471FHQIVNzg) starts at leader epoch 0 from offset 0 with partition epoch 0, high watermark 0, ISR [0], adding replicas [] and removing replicas [] . Previous leader None and previous leader epoch was -1. (state.change.logger)
